[DEBUG LAB4]:	Token		Lexeme		Lineno		Offset		Scope		Addr
[DEBUG LAB4]: 	INT		int		2		0
[DEBUG LAB4]: 	ID		a		2		4		0		0x7fd87065e0a0
[DEBUG LAB4]: 	ASSIGN		=		2		6
[DEBUG LAB4]: 	DECIMIAL		3		2		8
[DEBUG LAB4]: 	SEMICOLON	;		2		9
[DEBUG LAB4]: 	INT		int		3		0
[DEBUG LAB4]: 	ID		b		3		4		0		0x7fd87065e108
[DEBUG LAB4]: 	ASSIGN		=		3		6
[DEBUG LAB4]: 	DECIMIAL		5		3		8
[DEBUG LAB4]: 	SEMICOLON	;		3		9
[DEBUG LAB4]: 	INT		int		5		0
[DEBUG LAB4]: 	ID		main		5		4		0		0x7fd87065e170
[DEBUG LAB4]: 	LPAREN		(		5		8
[DEBUG LAB4]: 	RPAREN		)		5		9
[DEBUG LAB4]: 	LBRACE		{		5		10
[DEBUG LAB4]: 	RETURN		return		6		4
[DEBUG LAB4]: 	ID		a		6		11		1		0x7fd870660120
[DEBUG LAB4]: 	ADD		+		6		13
[DEBUG LAB4]: 	ID		b		6		15		1		0x7fd870660188
[DEBUG LAB4]: 	SEMICOLON	;		6		16
[DEBUG LAB4]: 	RBRACE		}		7		0
