[DEBUG LAB4]:	Token		Lexeme		Lineno		Offset		Scope		Addr
[DEBUG LAB4]: 	INT		int		2		0
[DEBUG LAB4]: 	ID		main		2		4		0		0x7fb0774c40a0
[DEBUG LAB4]: 	LPAREN		(		2		8
[DEBUG LAB4]: 	RPAREN		)		2		9
[DEBUG LAB4]: 	LBRACE		{		2		10
[DEBUG LAB4]: 	INT		int		3		4
[DEBUG LAB4]: 	ID		a		3		8		1		0x7fb0774c6120
[DEBUG LAB4]: 	COMMA		,		3		9
[DEBUG LAB4]: 	ID		b0		3		11		1		0x7fb0774c6188
[DEBUG LAB4]: 	COMMA		,		3		13
[DEBUG LAB4]: 	ID		_c		3		15		1		0x7fb0774c61f0
[DEBUG LAB4]: 	SEMICOLON	;		3		17
[DEBUG LAB4]: 	ID		a		4		4		1		0x7fb0774c6120
[DEBUG LAB4]: 	ASSIGN		=		4		6
[DEBUG LAB4]: 	DECIMIAL		1		4		8
[DEBUG LAB4]: 	SEMICOLON	;		4		9
[DEBUG LAB4]: 	ID		b0		5		4		1		0x7fb0774c6258
[DEBUG LAB4]: 	ASSIGN		=		5		7
[DEBUG LAB4]: 	DECIMIAL		2		5		9
[DEBUG LAB4]: 	SEMICOLON	;		5		10
[DEBUG LAB4]: 	ID		_c		6		4		1		0x7fb0774c62c0
[DEBUG LAB4]: 	ASSIGN		=		6		7
[DEBUG LAB4]: 	DECIMIAL		3		6		9
[DEBUG LAB4]: 	SEMICOLON	;		6		10
[DEBUG LAB4]: 	RETURN		return		7		4
[DEBUG LAB4]: 	ID		b0		7		11		1		0x7fb0774c6328
[DEBUG LAB4]: 	ADD		+		7		14
[DEBUG LAB4]: 	ID		_c		7		16		1		0x7fb0774c6390
[DEBUG LAB4]: 	SEMICOLON	;		7		18
[DEBUG LAB4]: 	RBRACE		}		8		0
