[DEBUG LAB4]:	Token		Lexeme		Lineno		Offset		Scope		Addr
[DEBUG LAB4]: 	INT		int		2		0
[DEBUG LAB4]: 	ID		main		2		4		0		0x7fb4ffa4c0a0
[DEBUG LAB4]: 	LPAREN		(		2		8
[DEBUG LAB4]: 	RPAREN		)		2		9
[DEBUG LAB4]: 	LBRACE		{		2		10
[DEBUG LAB4]: 	INT		int		3		4
[DEBUG LAB4]: 	ID		a		3		8		1		0x7fb4ffa4e120
[DEBUG LAB4]: 	SEMICOLON	;		3		9
[DEBUG LAB4]: 	ID		a		4		4		1		0x7fb4ffa4e120
[DEBUG LAB4]: 	ASSIGN		=		4		6
[DEBUG LAB4]: 	DECIMIAL		10		4		8
[DEBUG LAB4]: 	SEMICOLON	;		4		10
[DEBUG LAB4]: 	RETURN		return		5		4
[DEBUG LAB4]: 	ID		a		5		11		1		0x7fb4ffa4e120
[DEBUG LAB4]: 	MINUS		-		5		13
[DEBUG LAB4]: 	DECIMIAL		2		5		15
[DEBUG LAB4]: 	SEMICOLON	;		5		16
[DEBUG LAB4]: 	RBRACE		}		6		0
