[DEBUG LAB4]:	Token		Lexeme		Lineno		Offset		Scope		Addr
[DEBUG LAB4]: 	INT		int		2		0
[DEBUG LAB4]: 	ID		main		2		4		0		0x7f0ff61ae0a0
[DEBUG LAB4]: 	LPAREN		(		2		8
[DEBUG LAB4]: 	RPAREN		)		2		9
[DEBUG LAB4]: 	LBRACE		{		2		10
[DEBUG LAB4]: 	INT		int		3		4
[DEBUG LAB4]: 	ID		a		3		8		1		0x7f0ff61b0120
[DEBUG LAB4]: 	COMMA		,		3		9
[DEBUG LAB4]: 	ID		b		3		11		1		0x7f0ff61b0188
[DEBUG LAB4]: 	SEMICOLON	;		3		12
[DEBUG LAB4]: 	ID		a		4		4		1		0x7f0ff61b0120
[DEBUG LAB4]: 	ASSIGN		=		4		6
[DEBUG LAB4]: 	DECIMIAL		10		4		8
[DEBUG LAB4]: 	SEMICOLON	;		4		10
[DEBUG LAB4]: 	ID		b		5		4		1		0x7f0ff61b01f0
[DEBUG LAB4]: 	ASSIGN		=		5		6
[DEBUG LAB4]: 	DECIMIAL		5		5		8
[DEBUG LAB4]: 	SEMICOLON	;		5		9
[DEBUG LAB4]: 	RETURN		return		6		4
[DEBUG LAB4]: 	ID		a		6		11		1		0x7f0ff61b0120
[DEBUG LAB4]: 	MUL		*		6		13
[DEBUG LAB4]: 	ID		b		6		15		1		0x7f0ff61b0258
[DEBUG LAB4]: 	SEMICOLON	;		6		16
[DEBUG LAB4]: 	RBRACE		}		7		0
