[DEBUG LAB4]:	Token		Lexeme		Lineno		Offset		Scope		Addr
[DEBUG LAB4]: 	INT		int		1		0
[DEBUG LAB4]: 	ID		a		1		4		0		0x7fccf02c90a0
[DEBUG LAB4]: 	SEMICOLON	;		1		5
[DEBUG LAB4]: 	INT		int		2		0
[DEBUG LAB4]: 	ID		main		2		4		0		0x7fccf02c9108
[DEBUG LAB4]: 	LPAREN		(		2		8
[DEBUG LAB4]: 	RPAREN		)		2		9
[DEBUG LAB4]: 	LBRACE		{		2		10
[DEBUG LAB4]: 	ID		a		3		1		1		0x7fccf02cb120
[DEBUG LAB4]: 	ASSIGN		=		3		3
[DEBUG LAB4]: 	DECIMIAL		10		3		5
[DEBUG LAB4]: 	SEMICOLON	;		3		7
[DEBUG LAB4]: 	IF		if		4		1
[DEBUG LAB4]: 	LPAREN		(		4		3
[DEBUG LAB4]: 	ID		a		4		5		1		0x7fccf02cb120
[DEBUG LAB4]: 	GREATER		>		4		6
[DEBUG LAB4]: 	DECIMIAL		0		4		7
[DEBUG LAB4]: 	RPAREN		)		4		9
[DEBUG LAB4]: 	LBRACE		{		4		10
[DEBUG LAB4]: 	RETURN		return		5		2
[DEBUG LAB4]: 	DECIMIAL		1		5		9
[DEBUG LAB4]: 	SEMICOLON	;		5		10
[DEBUG LAB4]: 	RBRACE		}		6		1
[DEBUG LAB4]: 	ELSE		else		7		1
[DEBUG LAB4]: 	LBRACE		{		7		5
[DEBUG LAB4]: 	RETURN		return		8		2
[DEBUG LAB4]: 	DECIMIAL		0		8		9
[DEBUG LAB4]: 	SEMICOLON	;		8		10
[DEBUG LAB4]: 	RBRACE		}		9		1
[DEBUG LAB4]: 	RBRACE		}		10		0
