[DEBUG LAB4]:	Token		Lexeme		Lineno		Offset		Scope		Addr
[DEBUG LAB4]: 	INT		int		2		0
[DEBUG LAB4]: 	ID		main		2		4		0		0x7f8f88cb30a0
[DEBUG LAB4]: 	LPAREN		(		2		8
[DEBUG LAB4]: 	RPAREN		)		2		9
[DEBUG LAB4]: 	LBRACE		{		2		10
[DEBUG LAB4]: 	INT		int		3		4
[DEBUG LAB4]: 	ID		a		3		8		1		0x7f8f88cb5120
[DEBUG LAB4]: 	COMMA		,		3		9
[DEBUG LAB4]: 	ID		b		3		11		1		0x7f8f88cb5188
[DEBUG LAB4]: 	COMMA		,		3		12
[DEBUG LAB4]: 	ID		c		3		14		1		0x7f8f88cb51f0
[DEBUG LAB4]: 	COMMA		,		3		15
[DEBUG LAB4]: 	ID		d		3		17		1		0x7f8f88cb5258
[DEBUG LAB4]: 	SEMICOLON	;		3		18
[DEBUG LAB4]: 	ID		a		4		4		1		0x7f8f88cb5120
[DEBUG LAB4]: 	ASSIGN		=		4		6
[DEBUG LAB4]: 	DECIMIAL		10		4		8
[DEBUG LAB4]: 	SEMICOLON	;		4		10
[DEBUG LAB4]: 	ID		b		5		4		1		0x7f8f88cb52c0
[DEBUG LAB4]: 	ASSIGN		=		5		6
[DEBUG LAB4]: 	DECIMIAL		4		5		8
[DEBUG LAB4]: 	SEMICOLON	;		5		9
[DEBUG LAB4]: 	ID		c		6		4		1		0x7f8f88cb5328
[DEBUG LAB4]: 	ASSIGN		=		6		6
[DEBUG LAB4]: 	DECIMIAL		2		6		8
[DEBUG LAB4]: 	SEMICOLON	;		6		9
[DEBUG LAB4]: 	ID		d		7		4		1		0x7f8f88cb5390
[DEBUG LAB4]: 	ASSIGN		=		7		6
[DEBUG LAB4]: 	DECIMIAL		2		7		8
[DEBUG LAB4]: 	SEMICOLON	;		7		9
[DEBUG LAB4]: 	RETURN		return		8		4
[DEBUG LAB4]: 	LPAREN		(		8		11
[DEBUG LAB4]: 	ID		c		8		12		1		0x7f8f88cb53f8
[DEBUG LAB4]: 	ADD		+		8		14
[DEBUG LAB4]: 	ID		a		8		16		1		0x7f8f88cb5120
[DEBUG LAB4]: 	RPAREN		)		8		17
[DEBUG LAB4]: 	MUL		*		8		19
[DEBUG LAB4]: 	LPAREN		(		8		21
[DEBUG LAB4]: 	ID		b		8		22		1		0x7f8f88cb5460
[DEBUG LAB4]: 	MINUS		-		8		24
[DEBUG LAB4]: 	ID		d		8		26		1		0x7f8f88cb54c8
[DEBUG LAB4]: 	RPAREN		)		8		27
[DEBUG LAB4]: 	SEMICOLON	;		8		28
[DEBUG LAB4]: 	RBRACE		}		9		0
