[DEBUG LAB4]:	Token		Lexeme		Lineno		Offset		Scope		Addr
[DEBUG LAB4]: 	INT		int		1		0
[DEBUG LAB4]: 	ID		a		1		4		0		0x7fdd6fc070a0
[DEBUG LAB4]: 	ASSIGN		=		1		6
[DEBUG LAB4]: 	DECIMIAL		1		1		8
[DEBUG LAB4]: 	SEMICOLON	;		1		9
[DEBUG LAB4]: 	INT		int		2		0
[DEBUG LAB4]: 	ID		b		2		4		0		0x7fdd6fc07108
[DEBUG LAB4]: 	ASSIGN		=		2		6
[DEBUG LAB4]: 	DECIMIAL		0		2		8
[DEBUG LAB4]: 	SEMICOLON	;		2		9
[DEBUG LAB4]: 	INT		int		3		0
[DEBUG LAB4]: 	ID		c		3		4		0		0x7fdd6fc07170
[DEBUG LAB4]: 	ASSIGN		=		3		6
[DEBUG LAB4]: 	DECIMIAL		1		3		8
[DEBUG LAB4]: 	SEMICOLON	;		3		9
[DEBUG LAB4]: 	INT		int		4		0
[DEBUG LAB4]: 	ID		d		4		4		0		0x7fdd6fc071d8
[DEBUG LAB4]: 	ASSIGN		=		4		6
[DEBUG LAB4]: 	DECIMIAL		2		4		8
[DEBUG LAB4]: 	SEMICOLON	;		4		9
[DEBUG LAB4]: 	INT		int		5		0
[DEBUG LAB4]: 	ID		e		5		4		0		0x7fdd6fc07240
[DEBUG LAB4]: 	ASSIGN		=		5		6
[DEBUG LAB4]: 	DECIMIAL		4		5		8
[DEBUG LAB4]: 	SEMICOLON	;		5		9
[DEBUG LAB4]: 	INT		int		6		0
[DEBUG LAB4]: 	ID		main		6		4		0		0x7fdd6fc072a8
[DEBUG LAB4]: 	LPAREN		(		6		8
[DEBUG LAB4]: 	RPAREN		)		6		9
[DEBUG LAB4]: 	LBRACE		{		7		0
[DEBUG LAB4]: 	INT		int		8		1
[DEBUG LAB4]: 	ID		flag		8		5		1		0x7fdd6fc09120
[DEBUG LAB4]: 	ASSIGN		=		8		9
[DEBUG LAB4]: 	DECIMIAL		0		8		10
[DEBUG LAB4]: 	SEMICOLON	;		8		11
[DEBUG LAB4]: 	IF		if		9		1
[DEBUG LAB4]: 	LPAREN		(		9		3
[DEBUG LAB4]: 	ID		a		9		4		1		0x7fdd6fc09188
[DEBUG LAB4]: 	MUL		*		9		6
[DEBUG LAB4]: 	ID		b		9		8		1		0x7fdd6fc091f0
[DEBUG LAB4]: 	DIV		/		9		10
[DEBUG LAB4]: 	ID		c		9		12		1		0x7fdd6fc09258
[DEBUG LAB4]: 	EQUAL		==		9		14
[DEBUG LAB4]: 	ID		e		9		17		1		0x7fdd6fc092c0
[DEBUG LAB4]: 	ADD		+		9		19
[DEBUG LAB4]: 	ID		d		9		21		1		0x7fdd6fc09328
[DEBUG LAB4]: 	AND		&&		9		23
[DEBUG LAB4]: 	ID		a		9		26		1		0x7fdd6fc09390
[DEBUG LAB4]: 	MUL		*		9		28
[DEBUG LAB4]: 	LPAREN		(		9		30
[DEBUG LAB4]: 	ID		a		9		31		1		0x7fdd6fc093f8
[DEBUG LAB4]: 	ADD		+		9		33
[DEBUG LAB4]: 	ID		b		9		35		1		0x7fdd6fc09460
[DEBUG LAB4]: 	RPAREN		)		9		36
[DEBUG LAB4]: 	ADD		+		9		38
[DEBUG LAB4]: 	ID		c		9		40		1		0x7fdd6fc094c8
[DEBUG LAB4]: 	LESSEQUAL		<=		9		42
[DEBUG LAB4]: 	ID		d		9		45		1		0x7fdd6fc09530
[DEBUG LAB4]: 	ADD		+		9		47
[DEBUG LAB4]: 	ID		e		9		49		1		0x7fdd6fc09598
[DEBUG LAB4]: 	OR		||		9		51
[DEBUG LAB4]: 	ID		a		9		54		1		0x7fdd6fc09600
[DEBUG LAB4]: 	MINUS		-		9		56
[DEBUG LAB4]: 	LPAREN		(		9		58
[DEBUG LAB4]: 	ID		b		9		59		1		0x7fdd6fc09668
[DEBUG LAB4]: 	MUL		*		9		61
[DEBUG LAB4]: 	ID		c		9		63		1		0x7fdd6fc096d0
[DEBUG LAB4]: 	RPAREN		)		9		64
[DEBUG LAB4]: 	EQUAL		==		9		66
[DEBUG LAB4]: 	ID		d		9		69		1		0x7fdd6fc09738
[DEBUG LAB4]: 	MINUS		-		9		71
[DEBUG LAB4]: 	ID		a		9		73		1		0x7fdd6fc097a0
[DEBUG LAB4]: 	DIV		/		9		75
[DEBUG LAB4]: 	ID		c		9		77		1		0x7fdd6fc09808
[DEBUG LAB4]: 	RPAREN		)		9		78
[DEBUG LAB4]: 	LBRACE		{		10		1
[DEBUG LAB4]: 	ID		flag		11		2		2		0x7fdd6fc0b1a0
[DEBUG LAB4]: 	ASSIGN		=		11		6
[DEBUG LAB4]: 	DECIMIAL		1		11		7
[DEBUG LAB4]: 	SEMICOLON	;		11		8
[DEBUG LAB4]: 	RBRACE		}		12		1
[DEBUG LAB4]: 	ID		putint		13		1		1		0x7fdd6fc09870
[DEBUG LAB4]: 	LPAREN		(		13		7
[DEBUG LAB4]: 	ID		flag		13		8		2		0x7fdd6fc0b1a0
[DEBUG LAB4]: 	RPAREN		)		13		12
[DEBUG LAB4]: 	SEMICOLON	;		13		13
[DEBUG LAB4]: 	RETURN		return		14		1
[DEBUG LAB4]: 	ID		flag		14		8		2		0x7fdd6fc0b1a0
[DEBUG LAB4]: 	SEMICOLON	;		14		12
[DEBUG LAB4]: 	RBRACE		}		15		0
