[DEBUG LAB4]:	Token		Lexeme		Lineno		Offset		Scope		Addr
[DEBUG LAB4]: 	INT		int		1		0
[DEBUG LAB4]: 	ID		main		1		4		0		0x7f20c9db90a0
[DEBUG LAB4]: 	LPAREN		(		1		8
[DEBUG LAB4]: 	RPAREN		)		1		9
[DEBUG LAB4]: 	LBRACE		{		1		11
[DEBUG LAB4]: 	INT		int		2		4
[DEBUG LAB4]: 	ID		a		2		8		1		0x7f20c9dbb120
[DEBUG LAB4]: 	SEMICOLON	;		2		9
[DEBUG LAB4]: 	ID		a		3		4		1		0x7f20c9dbb120
[DEBUG LAB4]: 	ASSIGN		=		3		6
[DEBUG LAB4]: 	DECIMIAL		10		3		8
[DEBUG LAB4]: 	SEMICOLON	;		3		10
[DEBUG LAB4]: 	IF		if		4		4
[DEBUG LAB4]: 	LPAREN		(		4		7
[DEBUG LAB4]: 	ADD		+		4		8
[DEBUG LAB4]: 	MINUS		-		4		9
[DEBUG LAB4]: 	NOT		!		4		10
[DEBUG LAB4]: 	NOT		!		4		11
[DEBUG LAB4]: 	NOT		!		4		12
[DEBUG LAB4]: 	ID		a		4		13		1		0x7f20c9dbb120
[DEBUG LAB4]: 	RPAREN		)		4		14
[DEBUG LAB4]: 	LBRACE		{		4		16
[DEBUG LAB4]: 	ID		a		5		8		2		0x7f20c9dbd1a0
[DEBUG LAB4]: 	ASSIGN		=		5		10
[DEBUG LAB4]: 	MINUS		-		5		12
[DEBUG LAB4]: 	MINUS		-		5		14
[DEBUG LAB4]: 	MINUS		-		5		16
[DEBUG LAB4]: 	DECIMIAL		1		5		17
[DEBUG LAB4]: 	SEMICOLON	;		5		18
[DEBUG LAB4]: 	RBRACE		}		6		4
[DEBUG LAB4]: 	ELSE		else		7		4
[DEBUG LAB4]: 	LBRACE		{		7		9
[DEBUG LAB4]: 	ID		a		8		8		3		0x7f20c9dbf220
[DEBUG LAB4]: 	ASSIGN		=		8		10
[DEBUG LAB4]: 	DECIMIAL		0		8		12
[DEBUG LAB4]: 	SEMICOLON	;		8		13
[DEBUG LAB4]: 	RBRACE		}		9		4
[DEBUG LAB4]: 	RETURN		return		10		4
[DEBUG LAB4]: 	ID		a		10		11		3		0x7f20c9dbf220
[DEBUG LAB4]: 	SEMICOLON	;		10		12
[DEBUG LAB4]: 	RBRACE		}		11		0
