[DEBUG LAB4]:	Token		Lexeme		Lineno		Offset		Scope		Addr
[DEBUG LAB4]: 	INT		int		1		0
[DEBUG LAB4]: 	ID		main		1		4		0		0x7f0ee8d560a0
[DEBUG LAB4]: 	LPAREN		(		1		8
[DEBUG LAB4]: 	RPAREN		)		1		9
[DEBUG LAB4]: 	LBRACE		{		1		11
[DEBUG LAB4]: 	INT		int		2		4
[DEBUG LAB4]: 	ID		a		2		8		1		0x7f0ee8d58120
[DEBUG LAB4]: 	COMMA		,		2		9
[DEBUG LAB4]: 	ID		b		2		11		1		0x7f0ee8d58188
[DEBUG LAB4]: 	SEMICOLON	;		2		12
[DEBUG LAB4]: 	ID		a		3		4		1		0x7f0ee8d58120
[DEBUG LAB4]: 	ASSIGN		=		3		6
[DEBUG LAB4]: 	OCTAL		56		3		8
[DEBUG LAB4]: 	SEMICOLON	;		3		11
[DEBUG LAB4]: 	ID		b		4		4		1		0x7f0ee8d581f0
[DEBUG LAB4]: 	ASSIGN		=		4		6
[DEBUG LAB4]: 	HEXADECIMAL	4		4		8
[DEBUG LAB4]: 	SEMICOLON	;		4		11
[DEBUG LAB4]: 	ID		a		5		4		1		0x7f0ee8d58120
[DEBUG LAB4]: 	ASSIGN		=		5		6
[DEBUG LAB4]: 	ID		a		5		8		1		0x7f0ee8d58120
[DEBUG LAB4]: 	MINUS		-		5		10
[DEBUG LAB4]: 	MINUS		-		5		12
[DEBUG LAB4]: 	DECIMIAL		4		5		14
[DEBUG LAB4]: 	ADD		+		5		16
[DEBUG LAB4]: 	ADD		+		5		18
[DEBUG LAB4]: 	ID		b		5		20		1		0x7f0ee8d58258
[DEBUG LAB4]: 	SEMICOLON	;		5		21
[DEBUG LAB4]: 	IF		if		6		4
[DEBUG LAB4]: 	LPAREN		(		6		7
[DEBUG LAB4]: 	ADD		+		6		8
[DEBUG LAB4]: 	MINUS		-		6		9
[DEBUG LAB4]: 	NOT		!		6		10
[DEBUG LAB4]: 	NOT		!		6		11
[DEBUG LAB4]: 	NOT		!		6		12
[DEBUG LAB4]: 	ID		a		6		13		1		0x7f0ee8d58120
[DEBUG LAB4]: 	RPAREN		)		6		14
[DEBUG LAB4]: 	LBRACE		{		6		16
[DEBUG LAB4]: 	ID		a		7		8		2		0x7f0ee8d5a1a0
[DEBUG LAB4]: 	ASSIGN		=		7		10
[DEBUG LAB4]: 	MINUS		-		7		12
[DEBUG LAB4]: 	MINUS		-		7		14
[DEBUG LAB4]: 	MINUS		-		7		16
[DEBUG LAB4]: 	DECIMIAL		1		7		17
[DEBUG LAB4]: 	SEMICOLON	;		7		18
[DEBUG LAB4]: 	RBRACE		}		8		4
[DEBUG LAB4]: 	ELSE		else		9		4
[DEBUG LAB4]: 	LBRACE		{		9		9
[DEBUG LAB4]: 	ID		a		10		8		3		0x7f0ee8d5c220
[DEBUG LAB4]: 	ASSIGN		=		10		10
[DEBUG LAB4]: 	DECIMIAL		0		10		12
[DEBUG LAB4]: 	ADD		+		10		14
[DEBUG LAB4]: 	ADD		+		10		16
[DEBUG LAB4]: 	ID		b		10		18		3		0x7f0ee8d5c288
[DEBUG LAB4]: 	SEMICOLON	;		10		19
[DEBUG LAB4]: 	RBRACE		}		11		4
[DEBUG LAB4]: 	ID		putint		12		4		1		0x7f0ee8d582c0
[DEBUG LAB4]: 	LPAREN		(		12		10
[DEBUG LAB4]: 	ID		a		12		11		3		0x7f0ee8d5c220
[DEBUG LAB4]: 	RPAREN		)		12		12
[DEBUG LAB4]: 	SEMICOLON	;		12		13
[DEBUG LAB4]: 	RETURN		return		13		4
[DEBUG LAB4]: 	DECIMIAL		0		13		11
[DEBUG LAB4]: 	SEMICOLON	;		13		12
[DEBUG LAB4]: 	RBRACE		}		14		0
