[DEBUG LAB4]:	Token		Lexeme		Lineno		Offset		Scope		Addr
[DEBUG LAB4]: 	INT		int		1		0
[DEBUG LAB4]: 	ID		a		1		4		0		0x7f65552840a0
[DEBUG LAB4]: 	SEMICOLON	;		1		5
[DEBUG LAB4]: 	INT		int		2		0
[DEBUG LAB4]: 	ID		b		2		4		0		0x7f6555284108
[DEBUG LAB4]: 	SEMICOLON	;		2		5
[DEBUG LAB4]: 	INT		int		3		0
[DEBUG LAB4]: 	ID		main		3		4		0		0x7f6555284170
[DEBUG LAB4]: 	LPAREN		(		3		8
[DEBUG LAB4]: 	RPAREN		)		3		9
[DEBUG LAB4]: 	LBRACE		{		4		0
[DEBUG LAB4]: 	ID		a		5		1		1		0x7f6555286120
[DEBUG LAB4]: 	ASSIGN		=		5		2
[DEBUG LAB4]: 	ID		getint		5		3		1		0x7f6555286188
[DEBUG LAB4]: 	LPAREN		(		5		9
[DEBUG LAB4]: 	RPAREN		)		5		10
[DEBUG LAB4]: 	SEMICOLON	;		5		11
[DEBUG LAB4]: 	ID		b		6		1		1		0x7f65552861f0
[DEBUG LAB4]: 	ASSIGN		=		6		2
[DEBUG LAB4]: 	ID		getint		6		3		1		0x7f6555286258
[DEBUG LAB4]: 	LPAREN		(		6		9
[DEBUG LAB4]: 	RPAREN		)		6		10
[DEBUG LAB4]: 	SEMICOLON	;		6		11
[DEBUG LAB4]: 	INT		int		7		1
[DEBUG LAB4]: 	ID		c		7		5		1		0x7f65552862c0
[DEBUG LAB4]: 	SEMICOLON	;		7		6
[DEBUG LAB4]: 	IF		if		8		1
[DEBUG LAB4]: 	LPAREN		(		8		4
[DEBUG LAB4]: 	ID		a		8		5		1		0x7f6555286120
[DEBUG LAB4]: 	EQUAL		==		8		6
[DEBUG LAB4]: 	ID		b		8		8		1		0x7f6555286328
[DEBUG LAB4]: 	AND		&&		8		9
[DEBUG LAB4]: 	ID		a		8		11		1		0x7f6555286120
[DEBUG LAB4]: 	NOTEQUAL		!=		8		12
[DEBUG LAB4]: 	DECIMIAL		3		8		14
[DEBUG LAB4]: 	RPAREN		)		8		15
[DEBUG LAB4]: 	LBRACE		{		8		17
[DEBUG LAB4]: 	ID		c		9		2		2		0x7f65552881a0
[DEBUG LAB4]: 	ASSIGN		=		9		4
[DEBUG LAB4]: 	DECIMIAL		1		9		6
[DEBUG LAB4]: 	SEMICOLON	;		9		7
[DEBUG LAB4]: 	RBRACE		}		10		1
[DEBUG LAB4]: 	ELSE		else		11		1
[DEBUG LAB4]: 	LBRACE		{		11		6
[DEBUG LAB4]: 	ID		c		12		2		3		0x7f655528a220
[DEBUG LAB4]: 	ASSIGN		=		12		4
[DEBUG LAB4]: 	DECIMIAL		0		12		6
[DEBUG LAB4]: 	SEMICOLON	;		12		7
[DEBUG LAB4]: 	RBRACE		}		13		1
[DEBUG LAB4]: 	RETURN		return		14		1
[DEBUG LAB4]: 	ID		c		14		8		3		0x7f655528a220
[DEBUG LAB4]: 	SEMICOLON	;		14		9
[DEBUG LAB4]: 	RBRACE		}		15		0
