[DEBUG LAB4]:	Token		Lexeme		Lineno		Offset		Scope		Addr
[DEBUG LAB4]: 	INT		int		2		0
[DEBUG LAB4]: 	ID		main		2		4		0		0x7fd885f7e0a0
[DEBUG LAB4]: 	LPAREN		(		2		9
[DEBUG LAB4]: 	RPAREN		)		2		10
[DEBUG LAB4]: 	LBRACE		{		2		12
[DEBUG LAB4]: 	INT		int		3		4
[DEBUG LAB4]: 	ID		a		3		8		1		0x7fd885f80120
[DEBUG LAB4]: 	SEMICOLON	;		3		9
[DEBUG LAB4]: 	INT		int		4		4
[DEBUG LAB4]: 	ID		b		4		8		1		0x7fd885f80188
[DEBUG LAB4]: 	SEMICOLON	;		4		9
[DEBUG LAB4]: 	INT		int		5		4
[DEBUG LAB4]: 	ID		c		5		8		1		0x7fd885f801f0
[DEBUG LAB4]: 	SEMICOLON	;		5		9
[DEBUG LAB4]: 	INT		int		6		4
[DEBUG LAB4]: 	ID		d		6		8		1		0x7fd885f80258
[DEBUG LAB4]: 	SEMICOLON	;		6		9
[DEBUG LAB4]: 	INT		int		7		4
[DEBUG LAB4]: 	ID		result		7		8		1		0x7fd885f802c0
[DEBUG LAB4]: 	SEMICOLON	;		7		14
[DEBUG LAB4]: 	ID		a		8		4		1		0x7fd885f80120
[DEBUG LAB4]: 	ASSIGN		=		8		6
[DEBUG LAB4]: 	DECIMIAL		5		8		8
[DEBUG LAB4]: 	SEMICOLON	;		8		9
[DEBUG LAB4]: 	ID		b		9		4		1		0x7fd885f80328
[DEBUG LAB4]: 	ASSIGN		=		9		6
[DEBUG LAB4]: 	DECIMIAL		5		9		8
[DEBUG LAB4]: 	SEMICOLON	;		9		9
[DEBUG LAB4]: 	ID		c		10		4		1		0x7fd885f80390
[DEBUG LAB4]: 	ASSIGN		=		10		6
[DEBUG LAB4]: 	DECIMIAL		1		10		8
[DEBUG LAB4]: 	SEMICOLON	;		10		9
[DEBUG LAB4]: 	ID		d		11		4		1		0x7fd885f803f8
[DEBUG LAB4]: 	ASSIGN		=		11		6
[DEBUG LAB4]: 	MINUS		-		11		8
[DEBUG LAB4]: 	DECIMIAL		2		11		9
[DEBUG LAB4]: 	SEMICOLON	;		11		10
[DEBUG LAB4]: 	ID		result		12		4		1		0x7fd885f80460
[DEBUG LAB4]: 	ASSIGN		=		12		11
[DEBUG LAB4]: 	LPAREN		(		12		13
[DEBUG LAB4]: 	ID		d		12		14		1		0x7fd885f804c8
[DEBUG LAB4]: 	MUL		*		12		16
[DEBUG LAB4]: 	DECIMIAL		1		12		18
[DEBUG LAB4]: 	DIV		/		12		20
[DEBUG LAB4]: 	DECIMIAL		2		12		22
[DEBUG LAB4]: 	RPAREN		)		12		23
[DEBUG LAB4]: 	ADD		+		12		26
[DEBUG LAB4]: 	LPAREN		(		12		28
[DEBUG LAB4]: 	ID		a		12		29		1		0x7fd885f80120
[DEBUG LAB4]: 	MINUS		-		12		31
[DEBUG LAB4]: 	ID		b		12		33		1		0x7fd885f80530
[DEBUG LAB4]: 	RPAREN		)		12		34
[DEBUG LAB4]: 	MINUS		-		12		36
[DEBUG LAB4]: 	MINUS		-		12		38
[DEBUG LAB4]: 	LPAREN		(		12		39
[DEBUG LAB4]: 	ID		c		12		40		1		0x7fd885f80598
[DEBUG LAB4]: 	ADD		+		12		42
[DEBUG LAB4]: 	DECIMIAL		3		12		44
[DEBUG LAB4]: 	RPAREN		)		12		45
[DEBUG LAB4]: 	MOD		%		12		47
[DEBUG LAB4]: 	DECIMIAL		2		12		49
[DEBUG LAB4]: 	SEMICOLON	;		12		50
[DEBUG LAB4]: 	ID		putint		13		4		1		0x7fd885f80600
[DEBUG LAB4]: 	LPAREN		(		13		10
[DEBUG LAB4]: 	ID		result		13		11		1		0x7fd885f80668
[DEBUG LAB4]: 	RPAREN		)		13		17
[DEBUG LAB4]: 	SEMICOLON	;		13		18
[DEBUG LAB4]: 	ID		result		14		4		1		0x7fd885f806d0
[DEBUG LAB4]: 	ASSIGN		=		14		11
[DEBUG LAB4]: 	LPAREN		(		14		13
[DEBUG LAB4]: 	LPAREN		(		14		14
[DEBUG LAB4]: 	ID		d		14		15		1		0x7fd885f80738
[DEBUG LAB4]: 	MOD		%		14		17
[DEBUG LAB4]: 	DECIMIAL		2		14		19
[DEBUG LAB4]: 	ADD		+		14		21
[DEBUG LAB4]: 	DECIMIAL		67		14		23
[DEBUG LAB4]: 	RPAREN		)		14		25
[DEBUG LAB4]: 	ADD		+		14		27
[DEBUG LAB4]: 	MINUS		-		14		29
[DEBUG LAB4]: 	LPAREN		(		14		30
[DEBUG LAB4]: 	ID		a		14		31		1		0x7fd885f80120
[DEBUG LAB4]: 	MINUS		-		14		33
[DEBUG LAB4]: 	ID		b		14		35		1		0x7fd885f807a0
[DEBUG LAB4]: 	RPAREN		)		14		36
[DEBUG LAB4]: 	MINUS		-		14		38
[DEBUG LAB4]: 	MINUS		-		14		40
[DEBUG LAB4]: 	LPAREN		(		14		41
[DEBUG LAB4]: 	LPAREN		(		14		42
[DEBUG LAB4]: 	ID		c		14		43		1		0x7fd885f80808
[DEBUG LAB4]: 	ADD		+		14		45
[DEBUG LAB4]: 	DECIMIAL		2		14		47
[DEBUG LAB4]: 	RPAREN		)		14		48
[DEBUG LAB4]: 	MOD		%		14		50
[DEBUG LAB4]: 	DECIMIAL		2		14		52
[DEBUG LAB4]: 	RPAREN		)		14		53
[DEBUG LAB4]: 	RPAREN		)		14		54
[DEBUG LAB4]: 	SEMICOLON	;		14		55
[DEBUG LAB4]: 	ID		result		15		4		1		0x7fd885f80870
[DEBUG LAB4]: 	ASSIGN		=		15		11
[DEBUG LAB4]: 	ID		result		15		13		1		0x7fd885f808d8
[DEBUG LAB4]: 	ADD		+		15		20
[DEBUG LAB4]: 	DECIMIAL		3		15		22
[DEBUG LAB4]: 	SEMICOLON	;		15		23
[DEBUG LAB4]: 	ID		putint		16		4		1		0x7fd885f80940
[DEBUG LAB4]: 	LPAREN		(		16		10
[DEBUG LAB4]: 	ID		result		16		11		1		0x7fd885f809a8
[DEBUG LAB4]: 	RPAREN		)		16		17
[DEBUG LAB4]: 	SEMICOLON	;		16		18
[DEBUG LAB4]: 	RETURN		return		17		4
[DEBUG LAB4]: 	DECIMIAL		0		17		11
[DEBUG LAB4]: 	SEMICOLON	;		17		12
[DEBUG LAB4]: 	RBRACE		}		18		0
