[DEBUG LAB4]:	Token		Lexeme		Lineno		Offset		Scope		Addr
[DEBUG LAB4]: 	INT		int		11		0
[DEBUG LAB4]: 	ID		main		11		4		0		0x7f685e0fd0a0
[DEBUG LAB4]: 	LPAREN		(		11		8
[DEBUG LAB4]: 	RPAREN		)		11		9
[DEBUG LAB4]: 	LBRACE		{		11		11
[DEBUG LAB4]: 	INT		int		12		2
[DEBUG LAB4]: 	ID		arr		12		6		1		0x7f685e0ff120
[DEBUG LAB4]: 	LBRACKET		[		12		9
[DEBUG LAB4]: 	DECIMIAL		100		12		10
[DEBUG LAB4]: 	RBRACKET		]		12		13
[DEBUG LAB4]: 	COMMA		,		12		14
[DEBUG LAB4]: 	ID		i		12		16		1		0x7f685e0ff188
[DEBUG LAB4]: 	ASSIGN		=		12		18
[DEBUG LAB4]: 	DECIMIAL		0		12		20
[DEBUG LAB4]: 	COMMA		,		12		21
[DEBUG LAB4]: 	ID		sum		12		23		1		0x7f685e0ff1f0
[DEBUG LAB4]: 	ASSIGN		=		12		27
[DEBUG LAB4]: 	DECIMIAL		0		12		29
[DEBUG LAB4]: 	SEMICOLON	;		12		30
[DEBUG LAB4]: 	WHILE		while		13		2
[DEBUG LAB4]: 	LPAREN		(		13		8
[DEBUG LAB4]: 	ID		getint		13		9		1		0x7f685e0ff258
[DEBUG LAB4]: 	LPAREN		(		13		15
[DEBUG LAB4]: 	RPAREN		)		13		16
[DEBUG LAB4]: 	RPAREN		)		13		17
[DEBUG LAB4]: 	LBRACE		{		13		19
[DEBUG LAB4]: 	ID		arr		14		3		2		0x7f685e1011a0
[DEBUG LAB4]: 	LBRACKET		[		14		6
[DEBUG LAB4]: 	ID		i		14		7		2		0x7f685e101208
[DEBUG LAB4]: 	RBRACKET		]		14		8
[DEBUG LAB4]: 	ASSIGN		=		14		10
[DEBUG LAB4]: 	ID		getint		14		12		2		0x7f685e101270
[DEBUG LAB4]: 	LPAREN		(		14		18
[DEBUG LAB4]: 	RPAREN		)		14		19
[DEBUG LAB4]: 	SEMICOLON	;		14		20
[DEBUG LAB4]: 	ID		i		15		4		2		0x7f685e1012d8
[DEBUG LAB4]: 	ASSIGN		=		15		6
[DEBUG LAB4]: 	ID		i		15		8		2		0x7f685e101340
[DEBUG LAB4]: 	ADD		+		15		10
[DEBUG LAB4]: 	DECIMIAL		1		15		12
[DEBUG LAB4]: 	SEMICOLON	;		15		13
[DEBUG LAB4]: 	RBRACE		}		16		2
[DEBUG LAB4]: 	WHILE		while		17		1
[DEBUG LAB4]: 	LPAREN		(		17		7
[DEBUG LAB4]: 	ID		i		17		8		1		0x7f685e0ff2c0
[DEBUG LAB4]: 	RPAREN		)		17		9
[DEBUG LAB4]: 	LBRACE		{		17		11
[DEBUG LAB4]: 	ID		i		18		4		3		0x7f685e103220
[DEBUG LAB4]: 	ASSIGN		=		18		6
[DEBUG LAB4]: 	ID		i		18		8		3		0x7f685e103220
[DEBUG LAB4]: 	MINUS		-		18		10
[DEBUG LAB4]: 	DECIMIAL		1		18		12
[DEBUG LAB4]: 	SEMICOLON	;		18		13
[DEBUG LAB4]: 	ID		sum		19		4		3		0x7f685e103288
[DEBUG LAB4]: 	ASSIGN		=		19		8
[DEBUG LAB4]: 	ID		sum		19		10		3		0x7f685e1032f0
[DEBUG LAB4]: 	ADD		+		19		14
[DEBUG LAB4]: 	ID		arr		19		16		3		0x7f685e103358
[DEBUG LAB4]: 	LBRACKET		[		19		19
[DEBUG LAB4]: 	ID		i		19		20		3		0x7f685e103220
[DEBUG LAB4]: 	RBRACKET		]		19		21
[DEBUG LAB4]: 	SEMICOLON	;		19		22
[DEBUG LAB4]: 	RBRACE		}		20		2
[DEBUG LAB4]: 	RETURN		return		21		2
[DEBUG LAB4]: 	ID		sum		21		9		1		0x7f685e0ff2c0
[DEBUG LAB4]: 	MOD		%		21		13
[DEBUG LAB4]: 	DECIMIAL		79		21		15
[DEBUG LAB4]: 	SEMICOLON	;		21		17
[DEBUG LAB4]: 	RBRACE		}		22		0
