[DEBUG LAB4]:	Token		Lexeme		Lineno		Offset		Scope		Addr
[DEBUG LAB4]: 	INT		int		2		0
[DEBUG LAB4]: 	ID		main		2		4		0		0x7f1ba1a3f0a0
[DEBUG LAB4]: 	LPAREN		(		2		8
[DEBUG LAB4]: 	RPAREN		)		2		9
[DEBUG LAB4]: 	LBRACE		{		3		0
[DEBUG LAB4]: 	INT		int		5		4
[DEBUG LAB4]: 	ID		i		5		8		1		0x7f1ba1a41120
[DEBUG LAB4]: 	SEMICOLON	;		5		9
[DEBUG LAB4]: 	INT		int		6		4
[DEBUG LAB4]: 	ID		sum		6		8		1		0x7f1ba1a41188
[DEBUG LAB4]: 	SEMICOLON	;		6		11
[DEBUG LAB4]: 	ID		sum		7		4		1		0x7f1ba1a411f0
[DEBUG LAB4]: 	ASSIGN		=		7		7
[DEBUG LAB4]: 	DECIMIAL		0		7		8
[DEBUG LAB4]: 	SEMICOLON	;		7		9
[DEBUG LAB4]: 	ID		i		10		4		1		0x7f1ba1a41120
[DEBUG LAB4]: 	ASSIGN		=		10		5
[DEBUG LAB4]: 	DECIMIAL		0		10		6
[DEBUG LAB4]: 	SEMICOLON	;		10		7
[DEBUG LAB4]: 	WHILE		while		11		4
[DEBUG LAB4]: 	LPAREN		(		11		9
[DEBUG LAB4]: 	ID		i		11		10		1		0x7f1ba1a41120
[DEBUG LAB4]: 	LESS		<		11		11
[DEBUG LAB4]: 	DECIMIAL		21		11		12
[DEBUG LAB4]: 	RPAREN		)		11		14
[DEBUG LAB4]: 	LBRACE		{		12		4
[DEBUG LAB4]: 	ID		sum		13		8		2		0x7f1ba1a431a0
[DEBUG LAB4]: 	ASSIGN		=		13		11
[DEBUG LAB4]: 	ID		sum		13		12		2		0x7f1ba1a431a0
[DEBUG LAB4]: 	ADD		+		13		15
[DEBUG LAB4]: 	ID		i		13		16		2		0x7f1ba1a43208
[DEBUG LAB4]: 	SEMICOLON	;		13		17
[DEBUG LAB4]: 	ID		i		14		8		2		0x7f1ba1a43270
[DEBUG LAB4]: 	ASSIGN		=		14		9
[DEBUG LAB4]: 	ID		i		14		10		2		0x7f1ba1a432d8
[DEBUG LAB4]: 	ADD		+		14		11
[DEBUG LAB4]: 	DECIMIAL		1		14		12
[DEBUG LAB4]: 	SEMICOLON	;		14		13
[DEBUG LAB4]: 	RBRACE		}		15		4
[DEBUG LAB4]: 	ID		putint		17		4		1		0x7f1ba1a41258
[DEBUG LAB4]: 	LPAREN		(		17		10
[DEBUG LAB4]: 	ID		sum		17		11		2		0x7f1ba1a431a0
[DEBUG LAB4]: 	RPAREN		)		17		14
[DEBUG LAB4]: 	SEMICOLON	;		17		15
[DEBUG LAB4]: 	RETURN		return		19		4
[DEBUG LAB4]: 	DECIMIAL		0		19		11
[DEBUG LAB4]: 	SEMICOLON	;		19		12
[DEBUG LAB4]: 	RBRACE		}		20		0
