[DEBUG LAB4]:	Token		Lexeme		Lineno		Offset		Scope		Addr
[DEBUG LAB4]: 	INT		int		1		0
[DEBUG LAB4]: 	ID		M		1		4		0		0x7f1b7b9840a0
[DEBUG LAB4]: 	SEMICOLON	;		1		5
[DEBUG LAB4]: 	INT		int		2		0
[DEBUG LAB4]: 	ID		L		2		4		0		0x7f1b7b984108
[DEBUG LAB4]: 	SEMICOLON	;		2		5
[DEBUG LAB4]: 	INT		int		3		0
[DEBUG LAB4]: 	ID		N		3		4		0		0x7f1b7b984170
[DEBUG LAB4]: 	SEMICOLON	;		3		5
[DEBUG LAB4]: 	INT		int		6		0
[DEBUG LAB4]: 	ID		add		6		4		0		0x7f1b7b9841d8
[DEBUG LAB4]: 	LPAREN		(		6		7
[DEBUG LAB4]: 	FLOAT		float		6		8
[DEBUG LAB4]: 	ID		a0		6		14		0		0x7f1b7b984240
[DEBUG LAB4]: 	LBRACKET		[		6		16
[DEBUG LAB4]: 	RBRACKET		]		6		17
[DEBUG LAB4]: 	COMMA		,		6		18
[DEBUG LAB4]: 	FLOAT		float		6		19
[DEBUG LAB4]: 	ID		a1		6		25		0		0x7f1b7b9842a8
[DEBUG LAB4]: 	LBRACKET		[		6		27
[DEBUG LAB4]: 	RBRACKET		]		6		28
[DEBUG LAB4]: 	COMMA		,		6		29
[DEBUG LAB4]: 	FLOAT		float		6		31
[DEBUG LAB4]: 	ID		a2		6		37		0		0x7f1b7b984310
[DEBUG LAB4]: 	LBRACKET		[		6		39
[DEBUG LAB4]: 	RBRACKET		]		6		40
[DEBUG LAB4]: 	COMMA		,		6		41
[DEBUG LAB4]: 	FLOAT		float		6		42
[DEBUG LAB4]: 	ID		b0		6		48		0		0x7f1b7b984378
[DEBUG LAB4]: 	LBRACKET		[		6		50
[DEBUG LAB4]: 	RBRACKET		]		6		51
[DEBUG LAB4]: 	COMMA		,		6		52
[DEBUG LAB4]: 	FLOAT		float		6		53
[DEBUG LAB4]: 	ID		b1		6		59		0		0x7f1b7b9843e0
[DEBUG LAB4]: 	LBRACKET		[		6		61
[DEBUG LAB4]: 	RBRACKET		]		6		62
[DEBUG LAB4]: 	COMMA		,		6		63
[DEBUG LAB4]: 	FLOAT		float		6		64
[DEBUG LAB4]: 	ID		b2		6		70		0		0x7f1b7b984448
[DEBUG LAB4]: 	LBRACKET		[		6		72
[DEBUG LAB4]: 	RBRACKET		]		6		73
[DEBUG LAB4]: 	COMMA		,		6		74
[DEBUG LAB4]: 	FLOAT		float		6		75
[DEBUG LAB4]: 	ID		c0		6		81		0		0x7f1b7b9844b0
[DEBUG LAB4]: 	LBRACKET		[		6		83
[DEBUG LAB4]: 	RBRACKET		]		6		84
[DEBUG LAB4]: 	COMMA		,		6		85
[DEBUG LAB4]: 	FLOAT		float		6		86
[DEBUG LAB4]: 	ID		c1		6		92		0		0x7f1b7b984518
[DEBUG LAB4]: 	LBRACKET		[		6		94
[DEBUG LAB4]: 	RBRACKET		]		6		95
[DEBUG LAB4]: 	COMMA		,		6		96
[DEBUG LAB4]: 	FLOAT		float		6		97
[DEBUG LAB4]: 	ID		c2		6		103		0		0x7f1b7b984580
[DEBUG LAB4]: 	LBRACKET		[		6		105
[DEBUG LAB4]: 	RBRACKET		]		6		106
[DEBUG LAB4]: 	RPAREN		)		6		107
[DEBUG LAB4]: 	LBRACE		{		7		0
[DEBUG LAB4]: 	INT		int		8		4
[DEBUG LAB4]: 	ID		i		8		8		1		0x7f1b7b986120
[DEBUG LAB4]: 	SEMICOLON	;		8		9
[DEBUG LAB4]: 	ID		i		9		4		1		0x7f1b7b986120
[DEBUG LAB4]: 	ASSIGN		=		9		5
[DEBUG LAB4]: 	DECIMIAL		0		9		6
[DEBUG LAB4]: 	SEMICOLON	;		9		7
[DEBUG LAB4]: 	WHILE		while		10		4
[DEBUG LAB4]: 	LPAREN		(		10		9
[DEBUG LAB4]: 	ID		i		10		10		1		0x7f1b7b986120
[DEBUG LAB4]: 	LESS		<		10		11
[DEBUG LAB4]: 	ID		M		10		12		1		0x7f1b7b986188
[DEBUG LAB4]: 	RPAREN		)		10		13
[DEBUG LAB4]: 	LBRACE		{		11		4
[DEBUG LAB4]: 	ID		c0		12		8		2		0x7f1b7b9881a0
[DEBUG LAB4]: 	LBRACKET		[		12		10
[DEBUG LAB4]: 	ID		i		12		11		2		0x7f1b7b988208
[DEBUG LAB4]: 	RBRACKET		]		12		12
[DEBUG LAB4]: 	ASSIGN		=		12		13
[DEBUG LAB4]: 	ID		a0		12		14		2		0x7f1b7b988270
[DEBUG LAB4]: 	LBRACKET		[		12		16
[DEBUG LAB4]: 	ID		i		12		17		2		0x7f1b7b9882d8
[DEBUG LAB4]: 	RBRACKET		]		12		18
[DEBUG LAB4]: 	ADD		+		12		19
[DEBUG LAB4]: 	ID		b0		12		20		2		0x7f1b7b988340
[DEBUG LAB4]: 	LBRACKET		[		12		22
[DEBUG LAB4]: 	ID		i		12		23		2		0x7f1b7b9883a8
[DEBUG LAB4]: 	RBRACKET		]		12		24
[DEBUG LAB4]: 	SEMICOLON	;		12		25
[DEBUG LAB4]: 	ID		c1		13		8		2		0x7f1b7b988410
[DEBUG LAB4]: 	LBRACKET		[		13		10
[DEBUG LAB4]: 	ID		i		13		11		2		0x7f1b7b988478
[DEBUG LAB4]: 	RBRACKET		]		13		12
[DEBUG LAB4]: 	ASSIGN		=		13		13
[DEBUG LAB4]: 	ID		a1		13		14		2		0x7f1b7b9884e0
[DEBUG LAB4]: 	LBRACKET		[		13		16
[DEBUG LAB4]: 	ID		i		13		17		2		0x7f1b7b988548
[DEBUG LAB4]: 	RBRACKET		]		13		18
[DEBUG LAB4]: 	ADD		+		13		19
[DEBUG LAB4]: 	ID		b1		13		20		2		0x7f1b7b9885b0
[DEBUG LAB4]: 	LBRACKET		[		13		22
[DEBUG LAB4]: 	ID		i		13		23		2		0x7f1b7b988618
[DEBUG LAB4]: 	RBRACKET		]		13		24
[DEBUG LAB4]: 	SEMICOLON	;		13		25
[DEBUG LAB4]: 	ID		c2		14		8		2		0x7f1b7b988680
[DEBUG LAB4]: 	LBRACKET		[		14		10
[DEBUG LAB4]: 	ID		i		14		11		2		0x7f1b7b9886e8
[DEBUG LAB4]: 	RBRACKET		]		14		12
[DEBUG LAB4]: 	ASSIGN		=		14		13
[DEBUG LAB4]: 	ID		a2		14		14		2		0x7f1b7b988750
[DEBUG LAB4]: 	LBRACKET		[		14		16
[DEBUG LAB4]: 	ID		i		14		17		2		0x7f1b7b9887b8
[DEBUG LAB4]: 	RBRACKET		]		14		18
[DEBUG LAB4]: 	ADD		+		14		19
[DEBUG LAB4]: 	ID		b2		14		20		2		0x7f1b7b988820
[DEBUG LAB4]: 	LBRACKET		[		14		22
[DEBUG LAB4]: 	ID		i		14		23		2		0x7f1b7b988888
[DEBUG LAB4]: 	RBRACKET		]		14		24
[DEBUG LAB4]: 	SEMICOLON	;		14		25
[DEBUG LAB4]: 	ID		i		15		8		2		0x7f1b7b9888f0
[DEBUG LAB4]: 	ASSIGN		=		15		9
[DEBUG LAB4]: 	ID		i		15		10		2		0x7f1b7b988958
[DEBUG LAB4]: 	ADD		+		15		11
[DEBUG LAB4]: 	DECIMIAL		1		15		12
[DEBUG LAB4]: 	SEMICOLON	;		15		13
[DEBUG LAB4]: 	RBRACE		}		16		4
[DEBUG LAB4]: 	RETURN		return		18		4
[DEBUG LAB4]: 	DECIMIAL		0		18		11
[DEBUG LAB4]: 	SEMICOLON	;		18		12
[DEBUG LAB4]: 	RBRACE		}		20		0
[DEBUG LAB4]: 	INT		int		22		0
[DEBUG LAB4]: 	ID		main		22		4		0		0x7f1b7b9845e8
[DEBUG LAB4]: 	LPAREN		(		22		8
[DEBUG LAB4]: 	RPAREN		)		22		9
[DEBUG LAB4]: 	LBRACE		{		23		0
[DEBUG LAB4]: 	ID		N		24		4		3		0x7f1b7b98a220
[DEBUG LAB4]: 	ASSIGN		=		24		5
[DEBUG LAB4]: 	DECIMIAL		3		24		6
[DEBUG LAB4]: 	SEMICOLON	;		24		7
[DEBUG LAB4]: 	ID		M		25		4		3		0x7f1b7b98a288
[DEBUG LAB4]: 	ASSIGN		=		25		5
[DEBUG LAB4]: 	DECIMIAL		3		25		6
[DEBUG LAB4]: 	SEMICOLON	;		25		7
[DEBUG LAB4]: 	ID		L		26		4		3		0x7f1b7b98a2f0
[DEBUG LAB4]: 	ASSIGN		=		26		5
[DEBUG LAB4]: 	DECIMIAL		3		26		6
[DEBUG LAB4]: 	SEMICOLON	;		26		7
[DEBUG LAB4]: 	FLOAT		float		27		4
[DEBUG LAB4]: 	ID		a0		27		10		3		0x7f1b7b98a358
[DEBUG LAB4]: 	LBRACKET		[		27		12
[DEBUG LAB4]: 	DECIMIAL		3		27		13
[DEBUG LAB4]: 	RBRACKET		]		27		14
[DEBUG LAB4]: 	COMMA		,		27		15
[DEBUG LAB4]: 	ID		a1		27		17		3		0x7f1b7b98a3c0
[DEBUG LAB4]: 	LBRACKET		[		27		19
[DEBUG LAB4]: 	DECIMIAL		3		27		20
[DEBUG LAB4]: 	RBRACKET		]		27		21
[DEBUG LAB4]: 	COMMA		,		27		22
[DEBUG LAB4]: 	ID		a2		27		24		3		0x7f1b7b98a428
[DEBUG LAB4]: 	LBRACKET		[		27		26
[DEBUG LAB4]: 	DECIMIAL		3		27		27
[DEBUG LAB4]: 	RBRACKET		]		27		28
[DEBUG LAB4]: 	COMMA		,		27		29
[DEBUG LAB4]: 	ID		b0		27		31		3		0x7f1b7b98a490
[DEBUG LAB4]: 	LBRACKET		[		27		33
[DEBUG LAB4]: 	DECIMIAL		3		27		34
[DEBUG LAB4]: 	RBRACKET		]		27		35
[DEBUG LAB4]: 	COMMA		,		27		36
[DEBUG LAB4]: 	ID		b1		27		38		3		0x7f1b7b98a4f8
[DEBUG LAB4]: 	LBRACKET		[		27		40
[DEBUG LAB4]: 	DECIMIAL		3		27		41
[DEBUG LAB4]: 	RBRACKET		]		27		42
[DEBUG LAB4]: 	COMMA		,		27		43
[DEBUG LAB4]: 	ID		b2		27		45		3		0x7f1b7b98a560
[DEBUG LAB4]: 	LBRACKET		[		27		47
[DEBUG LAB4]: 	DECIMIAL		3		27		48
[DEBUG LAB4]: 	RBRACKET		]		27		49
[DEBUG LAB4]: 	COMMA		,		27		50
[DEBUG LAB4]: 	ID		c0		27		52		3		0x7f1b7b98a5c8
[DEBUG LAB4]: 	LBRACKET		[		27		54
[DEBUG LAB4]: 	DECIMIAL		6		27		55
[DEBUG LAB4]: 	RBRACKET		]		27		56
[DEBUG LAB4]: 	COMMA		,		27		57
[DEBUG LAB4]: 	ID		c1		27		59		3		0x7f1b7b98a630
[DEBUG LAB4]: 	LBRACKET		[		27		61
[DEBUG LAB4]: 	DECIMIAL		3		27		62
[DEBUG LAB4]: 	RBRACKET		]		27		63
[DEBUG LAB4]: 	COMMA		,		27		64
[DEBUG LAB4]: 	ID		c2		27		66		3		0x7f1b7b98a698
[DEBUG LAB4]: 	LBRACKET		[		27		68
[DEBUG LAB4]: 	DECIMIAL		3		27		69
[DEBUG LAB4]: 	RBRACKET		]		27		70
[DEBUG LAB4]: 	SEMICOLON	;		27		71
[DEBUG LAB4]: 	INT		int		28		4
[DEBUG LAB4]: 	ID		i		28		8		3		0x7f1b7b98a700
[DEBUG LAB4]: 	SEMICOLON	;		28		9
[DEBUG LAB4]: 	ID		i		29		4		3		0x7f1b7b98a768
[DEBUG LAB4]: 	ASSIGN		=		29		5
[DEBUG LAB4]: 	DECIMIAL		0		29		6
[DEBUG LAB4]: 	SEMICOLON	;		29		7
[DEBUG LAB4]: 	WHILE		while		30		4
[DEBUG LAB4]: 	LPAREN		(		30		9
[DEBUG LAB4]: 	ID		i		30		10		3		0x7f1b7b98a7d0
[DEBUG LAB4]: 	LESS		<		30		11
[DEBUG LAB4]: 	ID		M		30		12		3		0x7f1b7b98a838
[DEBUG LAB4]: 	RPAREN		)		30		13
[DEBUG LAB4]: 	LBRACE		{		31		4
[DEBUG LAB4]: 	ID		a0		32		8		4		0x7f1b7b98c2a0
[DEBUG LAB4]: 	LBRACKET		[		32		10
[DEBUG LAB4]: 	ID		i		32		11		4		0x7f1b7b98c308
[DEBUG LAB4]: 	RBRACKET		]		32		12
[DEBUG LAB4]: 	ASSIGN		=		32		13
[DEBUG LAB4]: 	ID		i		32		14		4		0x7f1b7b98c370
[DEBUG LAB4]: 	SEMICOLON	;		32		15
[DEBUG LAB4]: 	ID		a1		33		8		4		0x7f1b7b98c3d8
[DEBUG LAB4]: 	LBRACKET		[		33		10
[DEBUG LAB4]: 	ID		i		33		11		4		0x7f1b7b98c440
[DEBUG LAB4]: 	RBRACKET		]		33		12
[DEBUG LAB4]: 	ASSIGN		=		33		13
[DEBUG LAB4]: 	ID		i		33		14		4		0x7f1b7b98c4a8
[DEBUG LAB4]: 	SEMICOLON	;		33		15
[DEBUG LAB4]: 	ID		a2		34		8		4		0x7f1b7b98c510
[DEBUG LAB4]: 	LBRACKET		[		34		10
[DEBUG LAB4]: 	ID		i		34		11		4		0x7f1b7b98c578
[DEBUG LAB4]: 	RBRACKET		]		34		12
[DEBUG LAB4]: 	ASSIGN		=		34		13
[DEBUG LAB4]: 	ID		i		34		14		4		0x7f1b7b98c5e0
[DEBUG LAB4]: 	SEMICOLON	;		34		15
[DEBUG LAB4]: 	ID		b0		35		8		4		0x7f1b7b98c648
[DEBUG LAB4]: 	LBRACKET		[		35		10
[DEBUG LAB4]: 	ID		i		35		11		4		0x7f1b7b98c6b0
[DEBUG LAB4]: 	RBRACKET		]		35		12
[DEBUG LAB4]: 	ASSIGN		=		35		13
[DEBUG LAB4]: 	ID		i		35		14		4		0x7f1b7b98c718
[DEBUG LAB4]: 	SEMICOLON	;		35		15
[DEBUG LAB4]: 	ID		b1		36		8		4		0x7f1b7b98c780
[DEBUG LAB4]: 	LBRACKET		[		36		10
[DEBUG LAB4]: 	ID		i		36		11		4		0x7f1b7b98c7e8
[DEBUG LAB4]: 	RBRACKET		]		36		12
[DEBUG LAB4]: 	ASSIGN		=		36		13
[DEBUG LAB4]: 	ID		i		36		14		4		0x7f1b7b98c850
[DEBUG LAB4]: 	SEMICOLON	;		36		15
[DEBUG LAB4]: 	ID		b2		37		8		4		0x7f1b7b98c8b8
[DEBUG LAB4]: 	LBRACKET		[		37		10
[DEBUG LAB4]: 	ID		i		37		11		4		0x7f1b7b98c920
[DEBUG LAB4]: 	RBRACKET		]		37		12
[DEBUG LAB4]: 	ASSIGN		=		37		13
[DEBUG LAB4]: 	ID		i		37		14		4		0x7f1b7b98c988
[DEBUG LAB4]: 	SEMICOLON	;		37		15
[DEBUG LAB4]: 	ID		i		38		8		4		0x7f1b7b98c9f0
[DEBUG LAB4]: 	ASSIGN		=		38		9
[DEBUG LAB4]: 	ID		i		38		10		4		0x7f1b7b98ca58
[DEBUG LAB4]: 	ADD		+		38		11
[DEBUG LAB4]: 	DECIMIAL		1		38		12
[DEBUG LAB4]: 	SEMICOLON	;		38		13
[DEBUG LAB4]: 	RBRACE		}		39		4
[DEBUG LAB4]: 	ID		i		40		4		3		0x7f1b7b98a8a0
[DEBUG LAB4]: 	ASSIGN		=		40		5
[DEBUG LAB4]: 	ID		add		40		6		3		0x7f1b7b98a908
[DEBUG LAB4]: 	LPAREN		(		40		9
[DEBUG LAB4]: 	ID		a0		40		11		4		0x7f1b7b98c2a0
[DEBUG LAB4]: 	COMMA		,		40		13
[DEBUG LAB4]: 	ID		a1		40		15		3		0x7f1b7b98a970
[DEBUG LAB4]: 	COMMA		,		40		17
[DEBUG LAB4]: 	ID		a2		40		20		3		0x7f1b7b98a9d8
[DEBUG LAB4]: 	COMMA		,		40		22
[DEBUG LAB4]: 	ID		b0		40		24		3		0x7f1b7b98aa40
[DEBUG LAB4]: 	COMMA		,		40		26
[DEBUG LAB4]: 	ID		b1		40		28		3		0x7f1b7b98aaa8
[DEBUG LAB4]: 	COMMA		,		40		30
[DEBUG LAB4]: 	ID		b2		40		32		3		0x7f1b7b98ab10
[DEBUG LAB4]: 	COMMA		,		40		34
[DEBUG LAB4]: 	ID		c0		40		36		3		0x7f1b7b98ab78
[DEBUG LAB4]: 	COMMA		,		40		38
[DEBUG LAB4]: 	ID		c1		40		40		3		0x7f1b7b98abe0
[DEBUG LAB4]: 	COMMA		,		40		42
[DEBUG LAB4]: 	ID		c2		40		44		3		0x7f1b7b98ac48
[DEBUG LAB4]: 	RPAREN		)		40		46
[DEBUG LAB4]: 	SEMICOLON	;		40		47
[DEBUG LAB4]: 	INT		int		41		4
[DEBUG LAB4]: 	ID		x		41		8		3		0x7f1b7b98acb0
[DEBUG LAB4]: 	SEMICOLON	;		41		9
[DEBUG LAB4]: 	WHILE		while		42		4
[DEBUG LAB4]: 	LPAREN		(		42		9
[DEBUG LAB4]: 	ID		i		42		10		3		0x7f1b7b98ad18
[DEBUG LAB4]: 	LESS		<		42		11
[DEBUG LAB4]: 	ID		N		42		12		3		0x7f1b7b98ad80
[DEBUG LAB4]: 	RPAREN		)		42		13
[DEBUG LAB4]: 	LBRACE		{		43		4
[DEBUG LAB4]: 	ID		x		44		8		5		0x7f1b7b98e320
[DEBUG LAB4]: 	ASSIGN		=		44		10
[DEBUG LAB4]: 	ID		c0		44		12		5		0x7f1b7b98e388
[DEBUG LAB4]: 	LBRACKET		[		44		14
[DEBUG LAB4]: 	ID		i		44		15		5		0x7f1b7b98e3f0
[DEBUG LAB4]: 	RBRACKET		]		44		16
[DEBUG LAB4]: 	SEMICOLON	;		44		17
[DEBUG LAB4]: 	ID		putint		45		8		5		0x7f1b7b98e458
[DEBUG LAB4]: 	LPAREN		(		45		14
[DEBUG LAB4]: 	ID		x		45		15		5		0x7f1b7b98e320
[DEBUG LAB4]: 	RPAREN		)		45		16
[DEBUG LAB4]: 	SEMICOLON	;		45		17
[DEBUG LAB4]: 	ID		i		46		8		5		0x7f1b7b98e4c0
[DEBUG LAB4]: 	ASSIGN		=		46		9
[DEBUG LAB4]: 	ID		i		46		10		5		0x7f1b7b98e528
[DEBUG LAB4]: 	ADD		+		46		11
[DEBUG LAB4]: 	DECIMIAL		1		46		12
[DEBUG LAB4]: 	SEMICOLON	;		46		13
[DEBUG LAB4]: 	RBRACE		}		47		4
[DEBUG LAB4]: 	ID		x		48		4		5		0x7f1b7b98e320
[DEBUG LAB4]: 	ASSIGN		=		48		6
[DEBUG LAB4]: 	DECIMIAL		10		48		8
[DEBUG LAB4]: 	SEMICOLON	;		48		10
[DEBUG LAB4]: 	ID		putch		49		4		3		0x7f1b7b98a8a0
[DEBUG LAB4]: 	LPAREN		(		49		9
[DEBUG LAB4]: 	ID		x		49		10		5		0x7f1b7b98e320
[DEBUG LAB4]: 	RPAREN		)		49		11
[DEBUG LAB4]: 	SEMICOLON	;		49		12
[DEBUG LAB4]: 	ID		i		50		4		3		0x7f1b7b98a908
[DEBUG LAB4]: 	ASSIGN		=		50		5
[DEBUG LAB4]: 	DECIMIAL		0		50		6
[DEBUG LAB4]: 	SEMICOLON	;		50		7
[DEBUG LAB4]: 	WHILE		while		51		4
[DEBUG LAB4]: 	LPAREN		(		51		9
[DEBUG LAB4]: 	ID		i		51		10		3		0x7f1b7b98a970
[DEBUG LAB4]: 	LESS		<		51		11
[DEBUG LAB4]: 	ID		N		51		12		3		0x7f1b7b98a9d8
[DEBUG LAB4]: 	RPAREN		)		51		13
[DEBUG LAB4]: 	LBRACE		{		52		4
[DEBUG LAB4]: 	ID		x		53		8		6		0x7f1b7b9903a0
[DEBUG LAB4]: 	ASSIGN		=		53		10
[DEBUG LAB4]: 	ID		c1		53		12		6		0x7f1b7b990408
[DEBUG LAB4]: 	LBRACKET		[		53		14
[DEBUG LAB4]: 	ID		i		53		15		6		0x7f1b7b990470
[DEBUG LAB4]: 	RBRACKET		]		53		16
[DEBUG LAB4]: 	SEMICOLON	;		53		17
[DEBUG LAB4]: 	ID		putint		54		8		6		0x7f1b7b9904d8
[DEBUG LAB4]: 	LPAREN		(		54		14
[DEBUG LAB4]: 	ID		x		54		15		6		0x7f1b7b9903a0
[DEBUG LAB4]: 	RPAREN		)		54		16
[DEBUG LAB4]: 	SEMICOLON	;		54		17
[DEBUG LAB4]: 	ID		i		55		8		6		0x7f1b7b990540
[DEBUG LAB4]: 	ASSIGN		=		55		9
[DEBUG LAB4]: 	ID		i		55		10		6		0x7f1b7b9905a8
[DEBUG LAB4]: 	ADD		+		55		11
[DEBUG LAB4]: 	DECIMIAL		1		55		12
[DEBUG LAB4]: 	SEMICOLON	;		55		13
[DEBUG LAB4]: 	RBRACE		}		56		4
[DEBUG LAB4]: 	ID		x		57		4		6		0x7f1b7b9903a0
[DEBUG LAB4]: 	ASSIGN		=		57		6
[DEBUG LAB4]: 	DECIMIAL		10		57		8
[DEBUG LAB4]: 	SEMICOLON	;		57		10
[DEBUG LAB4]: 	ID		putch		58		4		3		0x7f1b7b98a8a0
[DEBUG LAB4]: 	LPAREN		(		58		9
[DEBUG LAB4]: 	ID		x		58		10		6		0x7f1b7b9903a0
[DEBUG LAB4]: 	RPAREN		)		58		11
[DEBUG LAB4]: 	SEMICOLON	;		58		12
[DEBUG LAB4]: 	ID		i		59		4		3		0x7f1b7b98a908
[DEBUG LAB4]: 	ASSIGN		=		59		5
[DEBUG LAB4]: 	DECIMIAL		0		59		6
[DEBUG LAB4]: 	SEMICOLON	;		59		7
[DEBUG LAB4]: 	WHILE		while		60		4
[DEBUG LAB4]: 	LPAREN		(		60		9
[DEBUG LAB4]: 	ID		i		60		10		3		0x7f1b7b98a970
[DEBUG LAB4]: 	LESS		<		60		11
[DEBUG LAB4]: 	ID		N		60		12		3		0x7f1b7b98a9d8
[DEBUG LAB4]: 	RPAREN		)		60		13
[DEBUG LAB4]: 	LBRACE		{		61		4
[DEBUG LAB4]: 	ID		x		62		8		7		0x7f1b7b992420
[DEBUG LAB4]: 	ASSIGN		=		62		10
[DEBUG LAB4]: 	ID		c2		62		12		7		0x7f1b7b992488
[DEBUG LAB4]: 	LBRACKET		[		62		14
[DEBUG LAB4]: 	ID		i		62		15		7		0x7f1b7b9924f0
[DEBUG LAB4]: 	RBRACKET		]		62		16
[DEBUG LAB4]: 	SEMICOLON	;		62		17
[DEBUG LAB4]: 	ID		putint		63		8		7		0x7f1b7b992558
[DEBUG LAB4]: 	LPAREN		(		63		14
[DEBUG LAB4]: 	ID		x		63		15		7		0x7f1b7b992420
[DEBUG LAB4]: 	RPAREN		)		63		16
[DEBUG LAB4]: 	SEMICOLON	;		63		17
[DEBUG LAB4]: 	ID		i		64		8		7		0x7f1b7b9925c0
[DEBUG LAB4]: 	ASSIGN		=		64		9
[DEBUG LAB4]: 	ID		i		64		10		7		0x7f1b7b992628
[DEBUG LAB4]: 	ADD		+		64		11
[DEBUG LAB4]: 	DECIMIAL		1		64		12
[DEBUG LAB4]: 	SEMICOLON	;		64		13
[DEBUG LAB4]: 	RBRACE		}		65		4
[DEBUG LAB4]: 	ID		x		66		4		7		0x7f1b7b992420
[DEBUG LAB4]: 	ASSIGN		=		66		6
[DEBUG LAB4]: 	DECIMIAL		10		66		8
[DEBUG LAB4]: 	SEMICOLON	;		66		10
[DEBUG LAB4]: 	ID		putch		67		4		3		0x7f1b7b98a8a0
[DEBUG LAB4]: 	LPAREN		(		67		9
[DEBUG LAB4]: 	ID		x		67		10		7		0x7f1b7b992420
[DEBUG LAB4]: 	RPAREN		)		67		11
[DEBUG LAB4]: 	SEMICOLON	;		67		12
[DEBUG LAB4]: 	RETURN		return		69		4
[DEBUG LAB4]: 	DECIMIAL		0		69		11
[DEBUG LAB4]: 	SEMICOLON	;		69		12
[DEBUG LAB4]: 	RBRACE		}		70		0
