[DEBUG LAB4]:	Token		Lexeme		Lineno		Offset		Scope		Addr
[DEBUG LAB4]: 	INT		int		1		0
[DEBUG LAB4]: 	ID		N		1		4		0		0x7f97febad0a0
[DEBUG LAB4]: 	SEMICOLON	;		1		5
[DEBUG LAB4]: 	INT		int		2		0
[DEBUG LAB4]: 	ID		M		2		4		0		0x7f97febad108
[DEBUG LAB4]: 	SEMICOLON	;		2		5
[DEBUG LAB4]: 	INT		int		3		0
[DEBUG LAB4]: 	ID		L		3		4		0		0x7f97febad170
[DEBUG LAB4]: 	SEMICOLON	;		3		5
[DEBUG LAB4]: 	INT		int		5		0
[DEBUG LAB4]: 	ID		sub		5		4		0		0x7f97febad1d8
[DEBUG LAB4]: 	LPAREN		(		5		7
[DEBUG LAB4]: 	FLOAT		float		5		8
[DEBUG LAB4]: 	ID		a0		5		14		0		0x7f97febad240
[DEBUG LAB4]: 	LBRACKET		[		5		16
[DEBUG LAB4]: 	RBRACKET		]		5		17
[DEBUG LAB4]: 	COMMA		,		5		18
[DEBUG LAB4]: 	FLOAT		float		5		19
[DEBUG LAB4]: 	ID		a1		5		25		0		0x7f97febad2a8
[DEBUG LAB4]: 	LBRACKET		[		5		27
[DEBUG LAB4]: 	RBRACKET		]		5		28
[DEBUG LAB4]: 	COMMA		,		5		29
[DEBUG LAB4]: 	FLOAT		float		5		31
[DEBUG LAB4]: 	ID		a2		5		37		0		0x7f97febad310
[DEBUG LAB4]: 	LBRACKET		[		5		39
[DEBUG LAB4]: 	RBRACKET		]		5		40
[DEBUG LAB4]: 	COMMA		,		5		41
[DEBUG LAB4]: 	FLOAT		float		5		42
[DEBUG LAB4]: 	ID		b0		5		48		0		0x7f97febad378
[DEBUG LAB4]: 	LBRACKET		[		5		50
[DEBUG LAB4]: 	RBRACKET		]		5		51
[DEBUG LAB4]: 	COMMA		,		5		52
[DEBUG LAB4]: 	FLOAT		float		5		53
[DEBUG LAB4]: 	ID		b1		5		59		0		0x7f97febad3e0
[DEBUG LAB4]: 	LBRACKET		[		5		61
[DEBUG LAB4]: 	RBRACKET		]		5		62
[DEBUG LAB4]: 	COMMA		,		5		63
[DEBUG LAB4]: 	FLOAT		float		5		64
[DEBUG LAB4]: 	ID		b2		5		70		0		0x7f97febad448
[DEBUG LAB4]: 	LBRACKET		[		5		72
[DEBUG LAB4]: 	RBRACKET		]		5		73
[DEBUG LAB4]: 	COMMA		,		5		74
[DEBUG LAB4]: 	FLOAT		float		5		75
[DEBUG LAB4]: 	ID		c0		5		81		0		0x7f97febad4b0
[DEBUG LAB4]: 	LBRACKET		[		5		83
[DEBUG LAB4]: 	RBRACKET		]		5		84
[DEBUG LAB4]: 	COMMA		,		5		85
[DEBUG LAB4]: 	FLOAT		float		5		86
[DEBUG LAB4]: 	ID		c1		5		92		0		0x7f97febad518
[DEBUG LAB4]: 	LBRACKET		[		5		94
[DEBUG LAB4]: 	RBRACKET		]		5		95
[DEBUG LAB4]: 	COMMA		,		5		96
[DEBUG LAB4]: 	FLOAT		float		5		97
[DEBUG LAB4]: 	ID		c2		5		103		0		0x7f97febad580
[DEBUG LAB4]: 	LBRACKET		[		5		105
[DEBUG LAB4]: 	RBRACKET		]		5		106
[DEBUG LAB4]: 	RPAREN		)		5		107
[DEBUG LAB4]: 	LBRACE		{		6		0
[DEBUG LAB4]: 	INT		int		7		4
[DEBUG LAB4]: 	ID		i		7		8		1		0x7f97febaf120
[DEBUG LAB4]: 	SEMICOLON	;		7		9
[DEBUG LAB4]: 	ID		i		8		4		1		0x7f97febaf120
[DEBUG LAB4]: 	ASSIGN		=		8		5
[DEBUG LAB4]: 	DECIMIAL		0		8		6
[DEBUG LAB4]: 	SEMICOLON	;		8		7
[DEBUG LAB4]: 	WHILE		while		9		4
[DEBUG LAB4]: 	LPAREN		(		9		9
[DEBUG LAB4]: 	ID		i		9		10		1		0x7f97febaf120
[DEBUG LAB4]: 	LESS		<		9		11
[DEBUG LAB4]: 	DECIMIAL		3		9		12
[DEBUG LAB4]: 	RPAREN		)		9		13
[DEBUG LAB4]: 	LBRACE		{		10		4
[DEBUG LAB4]: 	ID		c0		11		8		2		0x7f97febb11a0
[DEBUG LAB4]: 	LBRACKET		[		11		10
[DEBUG LAB4]: 	ID		i		11		11		2		0x7f97febb1208
[DEBUG LAB4]: 	RBRACKET		]		11		12
[DEBUG LAB4]: 	ASSIGN		=		11		13
[DEBUG LAB4]: 	ID		a0		11		14		2		0x7f97febb1270
[DEBUG LAB4]: 	LBRACKET		[		11		16
[DEBUG LAB4]: 	ID		i		11		17		2		0x7f97febb12d8
[DEBUG LAB4]: 	RBRACKET		]		11		18
[DEBUG LAB4]: 	MINUS		-		11		19
[DEBUG LAB4]: 	ID		b0		11		20		2		0x7f97febb1340
[DEBUG LAB4]: 	LBRACKET		[		11		22
[DEBUG LAB4]: 	ID		i		11		23		2		0x7f97febb13a8
[DEBUG LAB4]: 	RBRACKET		]		11		24
[DEBUG LAB4]: 	SEMICOLON	;		11		25
[DEBUG LAB4]: 	ID		c1		12		8		2		0x7f97febb1410
[DEBUG LAB4]: 	LBRACKET		[		12		10
[DEBUG LAB4]: 	ID		i		12		11		2		0x7f97febb1478
[DEBUG LAB4]: 	RBRACKET		]		12		12
[DEBUG LAB4]: 	ASSIGN		=		12		13
[DEBUG LAB4]: 	ID		a1		12		14		2		0x7f97febb14e0
[DEBUG LAB4]: 	LBRACKET		[		12		16
[DEBUG LAB4]: 	ID		i		12		17		2		0x7f97febb1548
[DEBUG LAB4]: 	RBRACKET		]		12		18
[DEBUG LAB4]: 	MINUS		-		12		19
[DEBUG LAB4]: 	ID		b1		12		20		2		0x7f97febb15b0
[DEBUG LAB4]: 	LBRACKET		[		12		22
[DEBUG LAB4]: 	ID		i		12		23		2		0x7f97febb1618
[DEBUG LAB4]: 	RBRACKET		]		12		24
[DEBUG LAB4]: 	SEMICOLON	;		12		25
[DEBUG LAB4]: 	ID		c2		13		8		2		0x7f97febb1680
[DEBUG LAB4]: 	LBRACKET		[		13		10
[DEBUG LAB4]: 	ID		i		13		11		2		0x7f97febb16e8
[DEBUG LAB4]: 	RBRACKET		]		13		12
[DEBUG LAB4]: 	ASSIGN		=		13		13
[DEBUG LAB4]: 	ID		a2		13		14		2		0x7f97febb1750
[DEBUG LAB4]: 	LBRACKET		[		13		16
[DEBUG LAB4]: 	ID		i		13		17		2		0x7f97febb17b8
[DEBUG LAB4]: 	RBRACKET		]		13		18
[DEBUG LAB4]: 	MINUS		-		13		19
[DEBUG LAB4]: 	ID		b2		13		20		2		0x7f97febb1820
[DEBUG LAB4]: 	LBRACKET		[		13		22
[DEBUG LAB4]: 	ID		i		13		23		2		0x7f97febb1888
[DEBUG LAB4]: 	RBRACKET		]		13		24
[DEBUG LAB4]: 	SEMICOLON	;		13		25
[DEBUG LAB4]: 	ID		i		14		8		2		0x7f97febb18f0
[DEBUG LAB4]: 	ASSIGN		=		14		9
[DEBUG LAB4]: 	ID		i		14		10		2		0x7f97febb1958
[DEBUG LAB4]: 	ADD		+		14		11
[DEBUG LAB4]: 	DECIMIAL		1		14		12
[DEBUG LAB4]: 	SEMICOLON	;		14		13
[DEBUG LAB4]: 	RBRACE		}		15		4
[DEBUG LAB4]: 	RETURN		return		17		4
[DEBUG LAB4]: 	DECIMIAL		0		17		11
[DEBUG LAB4]: 	SEMICOLON	;		17		12
[DEBUG LAB4]: 	RBRACE		}		19		0
[DEBUG LAB4]: 	INT		int		21		0
[DEBUG LAB4]: 	ID		main		21		4		0		0x7f97febad5e8
[DEBUG LAB4]: 	LPAREN		(		21		8
[DEBUG LAB4]: 	RPAREN		)		21		9
[DEBUG LAB4]: 	LBRACE		{		22		0
[DEBUG LAB4]: 	ID		N		23		4		3		0x7f97febb3220
[DEBUG LAB4]: 	ASSIGN		=		23		5
[DEBUG LAB4]: 	DECIMIAL		3		23		6
[DEBUG LAB4]: 	SEMICOLON	;		23		7
[DEBUG LAB4]: 	ID		M		24		4		3		0x7f97febb3288
[DEBUG LAB4]: 	ASSIGN		=		24		5
[DEBUG LAB4]: 	DECIMIAL		3		24		6
[DEBUG LAB4]: 	SEMICOLON	;		24		7
[DEBUG LAB4]: 	ID		L		25		4		3		0x7f97febb32f0
[DEBUG LAB4]: 	ASSIGN		=		25		5
[DEBUG LAB4]: 	DECIMIAL		3		25		6
[DEBUG LAB4]: 	SEMICOLON	;		25		7
[DEBUG LAB4]: 	FLOAT		float		26		4
[DEBUG LAB4]: 	ID		a0		26		10		3		0x7f97febb3358
[DEBUG LAB4]: 	LBRACKET		[		26		12
[DEBUG LAB4]: 	DECIMIAL		3		26		13
[DEBUG LAB4]: 	RBRACKET		]		26		14
[DEBUG LAB4]: 	COMMA		,		26		15
[DEBUG LAB4]: 	ID		a1		26		17		3		0x7f97febb33c0
[DEBUG LAB4]: 	LBRACKET		[		26		19
[DEBUG LAB4]: 	DECIMIAL		3		26		20
[DEBUG LAB4]: 	RBRACKET		]		26		21
[DEBUG LAB4]: 	COMMA		,		26		22
[DEBUG LAB4]: 	ID		a2		26		24		3		0x7f97febb3428
[DEBUG LAB4]: 	LBRACKET		[		26		26
[DEBUG LAB4]: 	DECIMIAL		3		26		27
[DEBUG LAB4]: 	RBRACKET		]		26		28
[DEBUG LAB4]: 	COMMA		,		26		29
[DEBUG LAB4]: 	ID		b0		26		31		3		0x7f97febb3490
[DEBUG LAB4]: 	LBRACKET		[		26		33
[DEBUG LAB4]: 	DECIMIAL		3		26		34
[DEBUG LAB4]: 	RBRACKET		]		26		35
[DEBUG LAB4]: 	COMMA		,		26		36
[DEBUG LAB4]: 	ID		b1		26		38		3		0x7f97febb34f8
[DEBUG LAB4]: 	LBRACKET		[		26		40
[DEBUG LAB4]: 	DECIMIAL		3		26		41
[DEBUG LAB4]: 	RBRACKET		]		26		42
[DEBUG LAB4]: 	COMMA		,		26		43
[DEBUG LAB4]: 	ID		b2		26		45		3		0x7f97febb3560
[DEBUG LAB4]: 	LBRACKET		[		26		47
[DEBUG LAB4]: 	DECIMIAL		3		26		48
[DEBUG LAB4]: 	RBRACKET		]		26		49
[DEBUG LAB4]: 	COMMA		,		26		50
[DEBUG LAB4]: 	ID		c0		26		52		3		0x7f97febb35c8
[DEBUG LAB4]: 	LBRACKET		[		26		54
[DEBUG LAB4]: 	DECIMIAL		6		26		55
[DEBUG LAB4]: 	RBRACKET		]		26		56
[DEBUG LAB4]: 	COMMA		,		26		57
[DEBUG LAB4]: 	ID		c1		26		59		3		0x7f97febb3630
[DEBUG LAB4]: 	LBRACKET		[		26		61
[DEBUG LAB4]: 	DECIMIAL		3		26		62
[DEBUG LAB4]: 	RBRACKET		]		26		63
[DEBUG LAB4]: 	COMMA		,		26		64
[DEBUG LAB4]: 	ID		c2		26		66		3		0x7f97febb3698
[DEBUG LAB4]: 	LBRACKET		[		26		68
[DEBUG LAB4]: 	DECIMIAL		3		26		69
[DEBUG LAB4]: 	RBRACKET		]		26		70
[DEBUG LAB4]: 	SEMICOLON	;		26		71
[DEBUG LAB4]: 	INT		int		27		4
[DEBUG LAB4]: 	ID		i		27		8		3		0x7f97febb3700
[DEBUG LAB4]: 	SEMICOLON	;		27		9
[DEBUG LAB4]: 	ID		i		28		4		3		0x7f97febb3768
[DEBUG LAB4]: 	ASSIGN		=		28		5
[DEBUG LAB4]: 	DECIMIAL		0		28		6
[DEBUG LAB4]: 	SEMICOLON	;		28		7
[DEBUG LAB4]: 	WHILE		while		29		4
[DEBUG LAB4]: 	LPAREN		(		29		9
[DEBUG LAB4]: 	ID		i		29		10		3		0x7f97febb37d0
[DEBUG LAB4]: 	LESS		<		29		11
[DEBUG LAB4]: 	DECIMIAL		3		29		12
[DEBUG LAB4]: 	RPAREN		)		29		13
[DEBUG LAB4]: 	LBRACE		{		30		4
[DEBUG LAB4]: 	ID		a0		31		8		4		0x7f97febb52a0
[DEBUG LAB4]: 	LBRACKET		[		31		10
[DEBUG LAB4]: 	ID		i		31		11		4		0x7f97febb5308
[DEBUG LAB4]: 	RBRACKET		]		31		12
[DEBUG LAB4]: 	ASSIGN		=		31		13
[DEBUG LAB4]: 	ID		i		31		14		4		0x7f97febb5370
[DEBUG LAB4]: 	SEMICOLON	;		31		15
[DEBUG LAB4]: 	ID		a1		32		8		4		0x7f97febb53d8
[DEBUG LAB4]: 	LBRACKET		[		32		10
[DEBUG LAB4]: 	ID		i		32		11		4		0x7f97febb5440
[DEBUG LAB4]: 	RBRACKET		]		32		12
[DEBUG LAB4]: 	ASSIGN		=		32		13
[DEBUG LAB4]: 	ID		i		32		14		4		0x7f97febb54a8
[DEBUG LAB4]: 	SEMICOLON	;		32		15
[DEBUG LAB4]: 	ID		a2		33		8		4		0x7f97febb5510
[DEBUG LAB4]: 	LBRACKET		[		33		10
[DEBUG LAB4]: 	ID		i		33		11		4		0x7f97febb5578
[DEBUG LAB4]: 	RBRACKET		]		33		12
[DEBUG LAB4]: 	ASSIGN		=		33		13
[DEBUG LAB4]: 	ID		i		33		14		4		0x7f97febb55e0
[DEBUG LAB4]: 	SEMICOLON	;		33		15
[DEBUG LAB4]: 	ID		b0		34		8		4		0x7f97febb5648
[DEBUG LAB4]: 	LBRACKET		[		34		10
[DEBUG LAB4]: 	ID		i		34		11		4		0x7f97febb56b0
[DEBUG LAB4]: 	RBRACKET		]		34		12
[DEBUG LAB4]: 	ASSIGN		=		34		13
[DEBUG LAB4]: 	ID		i		34		14		4		0x7f97febb5718
[DEBUG LAB4]: 	SEMICOLON	;		34		15
[DEBUG LAB4]: 	ID		b1		35		8		4		0x7f97febb5780
[DEBUG LAB4]: 	LBRACKET		[		35		10
[DEBUG LAB4]: 	ID		i		35		11		4		0x7f97febb57e8
[DEBUG LAB4]: 	RBRACKET		]		35		12
[DEBUG LAB4]: 	ASSIGN		=		35		13
[DEBUG LAB4]: 	ID		i		35		14		4		0x7f97febb5850
[DEBUG LAB4]: 	SEMICOLON	;		35		15
[DEBUG LAB4]: 	ID		b2		36		8		4		0x7f97febb58b8
[DEBUG LAB4]: 	LBRACKET		[		36		10
[DEBUG LAB4]: 	ID		i		36		11		4		0x7f97febb5920
[DEBUG LAB4]: 	RBRACKET		]		36		12
[DEBUG LAB4]: 	ASSIGN		=		36		13
[DEBUG LAB4]: 	ID		i		36		14		4		0x7f97febb5988
[DEBUG LAB4]: 	SEMICOLON	;		36		15
[DEBUG LAB4]: 	ID		i		37		8		4		0x7f97febb59f0
[DEBUG LAB4]: 	ASSIGN		=		37		9
[DEBUG LAB4]: 	ID		i		37		10		4		0x7f97febb5a58
[DEBUG LAB4]: 	ADD		+		37		11
[DEBUG LAB4]: 	DECIMIAL		1		37		12
[DEBUG LAB4]: 	SEMICOLON	;		37		13
[DEBUG LAB4]: 	RBRACE		}		38		4
[DEBUG LAB4]: 	ID		i		39		4		3		0x7f97febb3838
[DEBUG LAB4]: 	ASSIGN		=		39		5
[DEBUG LAB4]: 	ID		sub		39		6		3		0x7f97febb38a0
[DEBUG LAB4]: 	LPAREN		(		39		9
[DEBUG LAB4]: 	ID		a0		39		11		4		0x7f97febb52a0
[DEBUG LAB4]: 	COMMA		,		39		13
[DEBUG LAB4]: 	ID		a1		39		15		3		0x7f97febb3908
[DEBUG LAB4]: 	COMMA		,		39		17
[DEBUG LAB4]: 	ID		a2		39		20		3		0x7f97febb3970
[DEBUG LAB4]: 	COMMA		,		39		22
[DEBUG LAB4]: 	ID		b0		39		24		3		0x7f97febb39d8
[DEBUG LAB4]: 	COMMA		,		39		26
[DEBUG LAB4]: 	ID		b1		39		28		3		0x7f97febb3a40
[DEBUG LAB4]: 	COMMA		,		39		30
[DEBUG LAB4]: 	ID		b2		39		32		3		0x7f97febb3aa8
[DEBUG LAB4]: 	COMMA		,		39		34
[DEBUG LAB4]: 	ID		c0		39		36		3		0x7f97febb3b10
[DEBUG LAB4]: 	COMMA		,		39		38
[DEBUG LAB4]: 	ID		c1		39		40		3		0x7f97febb3b78
[DEBUG LAB4]: 	COMMA		,		39		42
[DEBUG LAB4]: 	ID		c2		39		44		3		0x7f97febb3be0
[DEBUG LAB4]: 	RPAREN		)		39		46
[DEBUG LAB4]: 	SEMICOLON	;		39		47
[DEBUG LAB4]: 	INT		int		40		4
[DEBUG LAB4]: 	ID		x		40		8		3		0x7f97febb3c48
[DEBUG LAB4]: 	SEMICOLON	;		40		9
[DEBUG LAB4]: 	WHILE		while		41		4
[DEBUG LAB4]: 	LPAREN		(		41		9
[DEBUG LAB4]: 	ID		i		41		10		3		0x7f97febb3cb0
[DEBUG LAB4]: 	LESS		<		41		11
[DEBUG LAB4]: 	DECIMIAL		3		41		12
[DEBUG LAB4]: 	RPAREN		)		41		13
[DEBUG LAB4]: 	LBRACE		{		42		4
[DEBUG LAB4]: 	ID		x		43		8		5		0x7f97febb7320
[DEBUG LAB4]: 	ASSIGN		=		43		10
[DEBUG LAB4]: 	ID		c0		43		12		5		0x7f97febb7388
[DEBUG LAB4]: 	LBRACKET		[		43		14
[DEBUG LAB4]: 	ID		i		43		15		5		0x7f97febb73f0
[DEBUG LAB4]: 	RBRACKET		]		43		16
[DEBUG LAB4]: 	SEMICOLON	;		43		17
[DEBUG LAB4]: 	ID		putint		44		8		5		0x7f97febb7458
[DEBUG LAB4]: 	LPAREN		(		44		14
[DEBUG LAB4]: 	ID		x		44		15		5		0x7f97febb7320
[DEBUG LAB4]: 	RPAREN		)		44		16
[DEBUG LAB4]: 	SEMICOLON	;		44		17
[DEBUG LAB4]: 	ID		i		46		8		5		0x7f97febb74c0
[DEBUG LAB4]: 	ASSIGN		=		46		9
[DEBUG LAB4]: 	ID		i		46		10		5		0x7f97febb7528
[DEBUG LAB4]: 	ADD		+		46		11
[DEBUG LAB4]: 	DECIMIAL		1		46		12
[DEBUG LAB4]: 	SEMICOLON	;		46		13
[DEBUG LAB4]: 	RBRACE		}		47		4
[DEBUG LAB4]: 	ID		x		48		4		5		0x7f97febb7320
[DEBUG LAB4]: 	ASSIGN		=		48		6
[DEBUG LAB4]: 	DECIMIAL		10		48		8
[DEBUG LAB4]: 	SEMICOLON	;		48		10
[DEBUG LAB4]: 	ID		i		49		4		3		0x7f97febb3838
[DEBUG LAB4]: 	ASSIGN		=		49		5
[DEBUG LAB4]: 	DECIMIAL		0		49		6
[DEBUG LAB4]: 	SEMICOLON	;		49		7
[DEBUG LAB4]: 	ID		putch		50		4		3		0x7f97febb38a0
[DEBUG LAB4]: 	LPAREN		(		50		9
[DEBUG LAB4]: 	ID		x		50		10		5		0x7f97febb7320
[DEBUG LAB4]: 	RPAREN		)		50		11
[DEBUG LAB4]: 	SEMICOLON	;		50		12
[DEBUG LAB4]: 	WHILE		while		51		4
[DEBUG LAB4]: 	LPAREN		(		51		9
[DEBUG LAB4]: 	ID		i		51		10		3		0x7f97febb3908
[DEBUG LAB4]: 	LESS		<		51		11
[DEBUG LAB4]: 	DECIMIAL		3		51		12
[DEBUG LAB4]: 	RPAREN		)		51		13
[DEBUG LAB4]: 	LBRACE		{		52		4
[DEBUG LAB4]: 	ID		x		53		8		6		0x7f97febb93a0
[DEBUG LAB4]: 	ASSIGN		=		53		10
[DEBUG LAB4]: 	ID		c1		53		12		6		0x7f97febb9408
[DEBUG LAB4]: 	LBRACKET		[		53		14
[DEBUG LAB4]: 	ID		i		53		15		6		0x7f97febb9470
[DEBUG LAB4]: 	RBRACKET		]		53		16
[DEBUG LAB4]: 	SEMICOLON	;		53		17
[DEBUG LAB4]: 	ID		putint		54		8		6		0x7f97febb94d8
[DEBUG LAB4]: 	LPAREN		(		54		14
[DEBUG LAB4]: 	ID		x		54		15		6		0x7f97febb93a0
[DEBUG LAB4]: 	RPAREN		)		54		16
[DEBUG LAB4]: 	SEMICOLON	;		54		17
[DEBUG LAB4]: 	ID		i		56		8		6		0x7f97febb9540
[DEBUG LAB4]: 	ASSIGN		=		56		9
[DEBUG LAB4]: 	ID		i		56		10		6		0x7f97febb95a8
[DEBUG LAB4]: 	ADD		+		56		11
[DEBUG LAB4]: 	DECIMIAL		1		56		12
[DEBUG LAB4]: 	SEMICOLON	;		56		13
[DEBUG LAB4]: 	RBRACE		}		57		4
[DEBUG LAB4]: 	ID		x		58		4		6		0x7f97febb93a0
[DEBUG LAB4]: 	ASSIGN		=		58		6
[DEBUG LAB4]: 	DECIMIAL		10		58		8
[DEBUG LAB4]: 	SEMICOLON	;		58		10
[DEBUG LAB4]: 	ID		i		59		4		3		0x7f97febb3838
[DEBUG LAB4]: 	ASSIGN		=		59		5
[DEBUG LAB4]: 	DECIMIAL		0		59		6
[DEBUG LAB4]: 	SEMICOLON	;		59		7
[DEBUG LAB4]: 	ID		putch		60		4		3		0x7f97febb38a0
[DEBUG LAB4]: 	LPAREN		(		60		9
[DEBUG LAB4]: 	ID		x		60		10		6		0x7f97febb93a0
[DEBUG LAB4]: 	RPAREN		)		60		11
[DEBUG LAB4]: 	SEMICOLON	;		60		12
[DEBUG LAB4]: 	WHILE		while		61		4
[DEBUG LAB4]: 	LPAREN		(		61		9
[DEBUG LAB4]: 	ID		i		61		10		3		0x7f97febb3908
[DEBUG LAB4]: 	LESS		<		61		11
[DEBUG LAB4]: 	DECIMIAL		3		61		12
[DEBUG LAB4]: 	RPAREN		)		61		13
[DEBUG LAB4]: 	LBRACE		{		62		4
[DEBUG LAB4]: 	ID		x		63		8		7		0x7f97febbb420
[DEBUG LAB4]: 	ASSIGN		=		63		10
[DEBUG LAB4]: 	ID		c2		63		12		7		0x7f97febbb488
[DEBUG LAB4]: 	LBRACKET		[		63		14
[DEBUG LAB4]: 	ID		i		63		15		7		0x7f97febbb4f0
[DEBUG LAB4]: 	RBRACKET		]		63		16
[DEBUG LAB4]: 	SEMICOLON	;		63		17
[DEBUG LAB4]: 	ID		putint		64		8		7		0x7f97febbb558
[DEBUG LAB4]: 	LPAREN		(		64		14
[DEBUG LAB4]: 	ID		x		64		15		7		0x7f97febbb420
[DEBUG LAB4]: 	RPAREN		)		64		16
[DEBUG LAB4]: 	SEMICOLON	;		64		17
[DEBUG LAB4]: 	ID		i		66		8		7		0x7f97febbb5c0
[DEBUG LAB4]: 	ASSIGN		=		66		9
[DEBUG LAB4]: 	ID		i		66		10		7		0x7f97febbb628
[DEBUG LAB4]: 	ADD		+		66		11
[DEBUG LAB4]: 	DECIMIAL		1		66		12
[DEBUG LAB4]: 	SEMICOLON	;		66		13
[DEBUG LAB4]: 	RBRACE		}		67		4
[DEBUG LAB4]: 	ID		x		68		4		7		0x7f97febbb420
[DEBUG LAB4]: 	ASSIGN		=		68		6
[DEBUG LAB4]: 	DECIMIAL		10		68		7
[DEBUG LAB4]: 	SEMICOLON	;		68		9
[DEBUG LAB4]: 	ID		putch		69		4		3		0x7f97febb3838
[DEBUG LAB4]: 	LPAREN		(		69		9
[DEBUG LAB4]: 	ID		x		69		10		7		0x7f97febbb420
[DEBUG LAB4]: 	RPAREN		)		69		11
[DEBUG LAB4]: 	SEMICOLON	;		69		12
[DEBUG LAB4]: 	RETURN		return		71		4
[DEBUG LAB4]: 	DECIMIAL		0		71		11
[DEBUG LAB4]: 	SEMICOLON	;		71		12
[DEBUG LAB4]: 	RBRACE		}		72		0
