[DEBUG LAB4]:	Token		Lexeme		Lineno		Offset		Scope		Addr
[DEBUG LAB4]: 	INT		int		1		0
[DEBUG LAB4]: 	ID		M		1		4		0		0x7f0cc261d0a0
[DEBUG LAB4]: 	SEMICOLON	;		1		5
[DEBUG LAB4]: 	INT		int		2		0
[DEBUG LAB4]: 	ID		L		2		4		0		0x7f0cc261d108
[DEBUG LAB4]: 	SEMICOLON	;		2		5
[DEBUG LAB4]: 	INT		int		3		0
[DEBUG LAB4]: 	ID		N		3		4		0		0x7f0cc261d170
[DEBUG LAB4]: 	SEMICOLON	;		3		5
[DEBUG LAB4]: 	INT		int		6		0
[DEBUG LAB4]: 	ID		mul		6		4		0		0x7f0cc261d1d8
[DEBUG LAB4]: 	LPAREN		(		6		7
[DEBUG LAB4]: 	FLOAT		float		6		8
[DEBUG LAB4]: 	ID		a0		6		14		0		0x7f0cc261d240
[DEBUG LAB4]: 	LBRACKET		[		6		16
[DEBUG LAB4]: 	RBRACKET		]		6		17
[DEBUG LAB4]: 	COMMA		,		6		18
[DEBUG LAB4]: 	FLOAT		float		6		19
[DEBUG LAB4]: 	ID		a1		6		25		0		0x7f0cc261d2a8
[DEBUG LAB4]: 	LBRACKET		[		6		27
[DEBUG LAB4]: 	RBRACKET		]		6		28
[DEBUG LAB4]: 	COMMA		,		6		29
[DEBUG LAB4]: 	FLOAT		float		6		31
[DEBUG LAB4]: 	ID		a2		6		37		0		0x7f0cc261d310
[DEBUG LAB4]: 	LBRACKET		[		6		39
[DEBUG LAB4]: 	RBRACKET		]		6		40
[DEBUG LAB4]: 	COMMA		,		6		41
[DEBUG LAB4]: 	FLOAT		float		6		42
[DEBUG LAB4]: 	ID		b0		6		48		0		0x7f0cc261d378
[DEBUG LAB4]: 	LBRACKET		[		6		50
[DEBUG LAB4]: 	RBRACKET		]		6		51
[DEBUG LAB4]: 	COMMA		,		6		52
[DEBUG LAB4]: 	FLOAT		float		6		53
[DEBUG LAB4]: 	ID		b1		6		59		0		0x7f0cc261d3e0
[DEBUG LAB4]: 	LBRACKET		[		6		61
[DEBUG LAB4]: 	RBRACKET		]		6		62
[DEBUG LAB4]: 	COMMA		,		6		63
[DEBUG LAB4]: 	FLOAT		float		6		64
[DEBUG LAB4]: 	ID		b2		6		70		0		0x7f0cc261d448
[DEBUG LAB4]: 	LBRACKET		[		6		72
[DEBUG LAB4]: 	RBRACKET		]		6		73
[DEBUG LAB4]: 	COMMA		,		6		74
[DEBUG LAB4]: 	FLOAT		float		6		75
[DEBUG LAB4]: 	ID		c0		6		81		0		0x7f0cc261d4b0
[DEBUG LAB4]: 	LBRACKET		[		6		83
[DEBUG LAB4]: 	RBRACKET		]		6		84
[DEBUG LAB4]: 	COMMA		,		6		85
[DEBUG LAB4]: 	FLOAT		float		6		86
[DEBUG LAB4]: 	ID		c1		6		92		0		0x7f0cc261d518
[DEBUG LAB4]: 	LBRACKET		[		6		94
[DEBUG LAB4]: 	RBRACKET		]		6		95
[DEBUG LAB4]: 	COMMA		,		6		96
[DEBUG LAB4]: 	FLOAT		float		6		97
[DEBUG LAB4]: 	ID		c2		6		103		0		0x7f0cc261d580
[DEBUG LAB4]: 	LBRACKET		[		6		105
[DEBUG LAB4]: 	RBRACKET		]		6		106
[DEBUG LAB4]: 	RPAREN		)		6		107
[DEBUG LAB4]: 	LBRACE		{		7		0
[DEBUG LAB4]: 	INT		int		8		4
[DEBUG LAB4]: 	ID		i		8		8		1		0x7f0cc261f120
[DEBUG LAB4]: 	SEMICOLON	;		8		9
[DEBUG LAB4]: 	ID		i		9		4		1		0x7f0cc261f120
[DEBUG LAB4]: 	ASSIGN		=		9		5
[DEBUG LAB4]: 	DECIMIAL		0		9		6
[DEBUG LAB4]: 	SEMICOLON	;		9		7
[DEBUG LAB4]: 	ID		c0		10		4		1		0x7f0cc261f188
[DEBUG LAB4]: 	LBRACKET		[		10		6
[DEBUG LAB4]: 	DECIMIAL		0		10		7
[DEBUG LAB4]: 	RBRACKET		]		10		8
[DEBUG LAB4]: 	ASSIGN		=		10		9
[DEBUG LAB4]: 	ID		a0		10		10		1		0x7f0cc261f1f0
[DEBUG LAB4]: 	LBRACKET		[		10		12
[DEBUG LAB4]: 	DECIMIAL		0		10		13
[DEBUG LAB4]: 	RBRACKET		]		10		14
[DEBUG LAB4]: 	MUL		*		10		15
[DEBUG LAB4]: 	ID		b0		10		16		1		0x7f0cc261f258
[DEBUG LAB4]: 	LBRACKET		[		10		18
[DEBUG LAB4]: 	DECIMIAL		0		10		19
[DEBUG LAB4]: 	RBRACKET		]		10		20
[DEBUG LAB4]: 	ADD		+		10		21
[DEBUG LAB4]: 	ID		a0		10		22		1		0x7f0cc261f2c0
[DEBUG LAB4]: 	LBRACKET		[		10		24
[DEBUG LAB4]: 	DECIMIAL		1		10		25
[DEBUG LAB4]: 	RBRACKET		]		10		26
[DEBUG LAB4]: 	MUL		*		10		27
[DEBUG LAB4]: 	ID		b1		10		28		1		0x7f0cc261f328
[DEBUG LAB4]: 	LBRACKET		[		10		30
[DEBUG LAB4]: 	DECIMIAL		0		10		31
[DEBUG LAB4]: 	RBRACKET		]		10		32
[DEBUG LAB4]: 	ADD		+		10		33
[DEBUG LAB4]: 	ID		a0		10		34		1		0x7f0cc261f390
[DEBUG LAB4]: 	LBRACKET		[		10		36
[DEBUG LAB4]: 	DECIMIAL		2		10		37
[DEBUG LAB4]: 	RBRACKET		]		10		38
[DEBUG LAB4]: 	MUL		*		10		39
[DEBUG LAB4]: 	ID		b2		10		40		1		0x7f0cc261f3f8
[DEBUG LAB4]: 	LBRACKET		[		10		42
[DEBUG LAB4]: 	DECIMIAL		0		10		43
[DEBUG LAB4]: 	RBRACKET		]		10		44
[DEBUG LAB4]: 	SEMICOLON	;		10		45
[DEBUG LAB4]: 	ID		c0		11		4		1		0x7f0cc261f460
[DEBUG LAB4]: 	LBRACKET		[		11		6
[DEBUG LAB4]: 	DECIMIAL		1		11		7
[DEBUG LAB4]: 	RBRACKET		]		11		8
[DEBUG LAB4]: 	ASSIGN		=		11		9
[DEBUG LAB4]: 	ID		a0		11		10		1		0x7f0cc261f4c8
[DEBUG LAB4]: 	LBRACKET		[		11		12
[DEBUG LAB4]: 	DECIMIAL		0		11		13
[DEBUG LAB4]: 	RBRACKET		]		11		14
[DEBUG LAB4]: 	MUL		*		11		15
[DEBUG LAB4]: 	ID		b0		11		16		1		0x7f0cc261f530
[DEBUG LAB4]: 	LBRACKET		[		11		18
[DEBUG LAB4]: 	DECIMIAL		1		11		19
[DEBUG LAB4]: 	RBRACKET		]		11		20
[DEBUG LAB4]: 	ADD		+		11		21
[DEBUG LAB4]: 	ID		a0		11		22		1		0x7f0cc261f598
[DEBUG LAB4]: 	LBRACKET		[		11		24
[DEBUG LAB4]: 	DECIMIAL		1		11		25
[DEBUG LAB4]: 	RBRACKET		]		11		26
[DEBUG LAB4]: 	MUL		*		11		27
[DEBUG LAB4]: 	ID		b1		11		28		1		0x7f0cc261f600
[DEBUG LAB4]: 	LBRACKET		[		11		30
[DEBUG LAB4]: 	DECIMIAL		1		11		31
[DEBUG LAB4]: 	RBRACKET		]		11		32
[DEBUG LAB4]: 	ADD		+		11		33
[DEBUG LAB4]: 	ID		a0		11		34		1		0x7f0cc261f668
[DEBUG LAB4]: 	LBRACKET		[		11		36
[DEBUG LAB4]: 	DECIMIAL		2		11		37
[DEBUG LAB4]: 	RBRACKET		]		11		38
[DEBUG LAB4]: 	MUL		*		11		39
[DEBUG LAB4]: 	ID		b2		11		40		1		0x7f0cc261f6d0
[DEBUG LAB4]: 	LBRACKET		[		11		42
[DEBUG LAB4]: 	DECIMIAL		1		11		43
[DEBUG LAB4]: 	RBRACKET		]		11		44
[DEBUG LAB4]: 	SEMICOLON	;		11		45
[DEBUG LAB4]: 	ID		c0		12		4		1		0x7f0cc261f738
[DEBUG LAB4]: 	LBRACKET		[		12		6
[DEBUG LAB4]: 	DECIMIAL		2		12		7
[DEBUG LAB4]: 	RBRACKET		]		12		8
[DEBUG LAB4]: 	ASSIGN		=		12		9
[DEBUG LAB4]: 	ID		a0		12		10		1		0x7f0cc261f7a0
[DEBUG LAB4]: 	LBRACKET		[		12		12
[DEBUG LAB4]: 	DECIMIAL		0		12		13
[DEBUG LAB4]: 	RBRACKET		]		12		14
[DEBUG LAB4]: 	MUL		*		12		15
[DEBUG LAB4]: 	ID		b0		12		16		1		0x7f0cc261f808
[DEBUG LAB4]: 	LBRACKET		[		12		18
[DEBUG LAB4]: 	DECIMIAL		2		12		19
[DEBUG LAB4]: 	RBRACKET		]		12		20
[DEBUG LAB4]: 	ADD		+		12		21
[DEBUG LAB4]: 	ID		a0		12		22		1		0x7f0cc261f870
[DEBUG LAB4]: 	LBRACKET		[		12		24
[DEBUG LAB4]: 	DECIMIAL		1		12		25
[DEBUG LAB4]: 	RBRACKET		]		12		26
[DEBUG LAB4]: 	MUL		*		12		27
[DEBUG LAB4]: 	ID		b1		12		28		1		0x7f0cc261f8d8
[DEBUG LAB4]: 	LBRACKET		[		12		30
[DEBUG LAB4]: 	DECIMIAL		2		12		31
[DEBUG LAB4]: 	RBRACKET		]		12		32
[DEBUG LAB4]: 	ADD		+		12		33
[DEBUG LAB4]: 	ID		a0		12		34		1		0x7f0cc261f940
[DEBUG LAB4]: 	LBRACKET		[		12		36
[DEBUG LAB4]: 	DECIMIAL		2		12		37
[DEBUG LAB4]: 	RBRACKET		]		12		38
[DEBUG LAB4]: 	MUL		*		12		39
[DEBUG LAB4]: 	ID		b2		12		40		1		0x7f0cc261f9a8
[DEBUG LAB4]: 	LBRACKET		[		12		42
[DEBUG LAB4]: 	DECIMIAL		2		12		43
[DEBUG LAB4]: 	RBRACKET		]		12		44
[DEBUG LAB4]: 	SEMICOLON	;		12		45
[DEBUG LAB4]: 	ID		c1		13		4		1		0x7f0cc261fa10
[DEBUG LAB4]: 	LBRACKET		[		13		6
[DEBUG LAB4]: 	DECIMIAL		0		13		7
[DEBUG LAB4]: 	RBRACKET		]		13		8
[DEBUG LAB4]: 	ASSIGN		=		13		9
[DEBUG LAB4]: 	ID		a1		13		10		1		0x7f0cc261fa78
[DEBUG LAB4]: 	LBRACKET		[		13		12
[DEBUG LAB4]: 	DECIMIAL		0		13		13
[DEBUG LAB4]: 	RBRACKET		]		13		14
[DEBUG LAB4]: 	MUL		*		13		15
[DEBUG LAB4]: 	ID		b0		13		16		1		0x7f0cc261fae0
[DEBUG LAB4]: 	LBRACKET		[		13		18
[DEBUG LAB4]: 	DECIMIAL		0		13		19
[DEBUG LAB4]: 	RBRACKET		]		13		20
[DEBUG LAB4]: 	ADD		+		13		21
[DEBUG LAB4]: 	ID		a1		13		22		1		0x7f0cc261fb48
[DEBUG LAB4]: 	LBRACKET		[		13		24
[DEBUG LAB4]: 	DECIMIAL		1		13		25
[DEBUG LAB4]: 	RBRACKET		]		13		26
[DEBUG LAB4]: 	MUL		*		13		27
[DEBUG LAB4]: 	ID		b1		13		28		1		0x7f0cc261fbb0
[DEBUG LAB4]: 	LBRACKET		[		13		30
[DEBUG LAB4]: 	DECIMIAL		0		13		31
[DEBUG LAB4]: 	RBRACKET		]		13		32
[DEBUG LAB4]: 	ADD		+		13		33
[DEBUG LAB4]: 	ID		a1		13		34		1		0x7f0cc261fc18
[DEBUG LAB4]: 	LBRACKET		[		13		36
[DEBUG LAB4]: 	DECIMIAL		2		13		37
[DEBUG LAB4]: 	RBRACKET		]		13		38
[DEBUG LAB4]: 	MUL		*		13		39
[DEBUG LAB4]: 	ID		b2		13		40		1		0x7f0cc261fc80
[DEBUG LAB4]: 	LBRACKET		[		13		42
[DEBUG LAB4]: 	DECIMIAL		0		13		43
[DEBUG LAB4]: 	RBRACKET		]		13		44
[DEBUG LAB4]: 	SEMICOLON	;		13		45
[DEBUG LAB4]: 	ID		c1		14		4		1		0x7f0cc261fce8
[DEBUG LAB4]: 	LBRACKET		[		14		6
[DEBUG LAB4]: 	DECIMIAL		1		14		7
[DEBUG LAB4]: 	RBRACKET		]		14		8
[DEBUG LAB4]: 	ASSIGN		=		14		9
[DEBUG LAB4]: 	ID		a1		14		10		1		0x7f0cc261fd50
[DEBUG LAB4]: 	LBRACKET		[		14		12
[DEBUG LAB4]: 	DECIMIAL		0		14		13
[DEBUG LAB4]: 	RBRACKET		]		14		14
[DEBUG LAB4]: 	MUL		*		14		15
[DEBUG LAB4]: 	ID		b0		14		16		1		0x7f0cc261fdb8
[DEBUG LAB4]: 	LBRACKET		[		14		18
[DEBUG LAB4]: 	DECIMIAL		1		14		19
[DEBUG LAB4]: 	RBRACKET		]		14		20
[DEBUG LAB4]: 	ADD		+		14		21
[DEBUG LAB4]: 	ID		a1		14		22		1		0x7f0cc261fe20
[DEBUG LAB4]: 	LBRACKET		[		14		24
[DEBUG LAB4]: 	DECIMIAL		1		14		25
[DEBUG LAB4]: 	RBRACKET		]		14		26
[DEBUG LAB4]: 	MUL		*		14		27
[DEBUG LAB4]: 	ID		b1		14		28		1		0x7f0cc261fe88
[DEBUG LAB4]: 	LBRACKET		[		14		30
[DEBUG LAB4]: 	DECIMIAL		1		14		31
[DEBUG LAB4]: 	RBRACKET		]		14		32
[DEBUG LAB4]: 	ADD		+		14		33
[DEBUG LAB4]: 	ID		a1		14		34		1		0x7f0cc261fef0
[DEBUG LAB4]: 	LBRACKET		[		14		36
[DEBUG LAB4]: 	DECIMIAL		2		14		37
[DEBUG LAB4]: 	RBRACKET		]		14		38
[DEBUG LAB4]: 	MUL		*		14		39
[DEBUG LAB4]: 	ID		b2		14		40		1		0x7f0cc261ff58
[DEBUG LAB4]: 	LBRACKET		[		14		42
[DEBUG LAB4]: 	DECIMIAL		1		14		43
[DEBUG LAB4]: 	RBRACKET		]		14		44
[DEBUG LAB4]: 	SEMICOLON	;		14		45
[DEBUG LAB4]: 	ID		c1		15		4		1		0x7f0cc261ffc0
[DEBUG LAB4]: 	LBRACKET		[		15		6
[DEBUG LAB4]: 	DECIMIAL		2		15		7
[DEBUG LAB4]: 	RBRACKET		]		15		8
[DEBUG LAB4]: 	ASSIGN		=		15		9
[DEBUG LAB4]: 	ID		a1		15		10		1		0x7f0cc2620028
[DEBUG LAB4]: 	LBRACKET		[		15		12
[DEBUG LAB4]: 	DECIMIAL		0		15		13
[DEBUG LAB4]: 	RBRACKET		]		15		14
[DEBUG LAB4]: 	MUL		*		15		15
[DEBUG LAB4]: 	ID		b0		15		16		1		0x7f0cc2620090
[DEBUG LAB4]: 	LBRACKET		[		15		18
[DEBUG LAB4]: 	DECIMIAL		2		15		19
[DEBUG LAB4]: 	RBRACKET		]		15		20
[DEBUG LAB4]: 	ADD		+		15		21
[DEBUG LAB4]: 	ID		a1		15		22		1		0x7f0cc26200f8
[DEBUG LAB4]: 	LBRACKET		[		15		24
[DEBUG LAB4]: 	DECIMIAL		1		15		25
[DEBUG LAB4]: 	RBRACKET		]		15		26
[DEBUG LAB4]: 	MUL		*		15		27
[DEBUG LAB4]: 	ID		b1		15		28		1		0x7f0cc2620160
[DEBUG LAB4]: 	LBRACKET		[		15		30
[DEBUG LAB4]: 	DECIMIAL		2		15		31
[DEBUG LAB4]: 	RBRACKET		]		15		32
[DEBUG LAB4]: 	ADD		+		15		33
[DEBUG LAB4]: 	ID		a1		15		34		1		0x7f0cc26201c8
[DEBUG LAB4]: 	LBRACKET		[		15		36
[DEBUG LAB4]: 	DECIMIAL		2		15		37
[DEBUG LAB4]: 	RBRACKET		]		15		38
[DEBUG LAB4]: 	MUL		*		15		39
[DEBUG LAB4]: 	ID		b2		15		40		1		0x7f0cc2620230
[DEBUG LAB4]: 	LBRACKET		[		15		42
[DEBUG LAB4]: 	DECIMIAL		2		15		43
[DEBUG LAB4]: 	RBRACKET		]		15		44
[DEBUG LAB4]: 	SEMICOLON	;		15		45
[DEBUG LAB4]: 	ID		c2		16		4		1		0x7f0cc2620298
[DEBUG LAB4]: 	LBRACKET		[		16		6
[DEBUG LAB4]: 	DECIMIAL		0		16		7
[DEBUG LAB4]: 	RBRACKET		]		16		8
[DEBUG LAB4]: 	ASSIGN		=		16		9
[DEBUG LAB4]: 	ID		a2		16		10		1		0x7f0cc2620300
[DEBUG LAB4]: 	LBRACKET		[		16		12
[DEBUG LAB4]: 	DECIMIAL		0		16		13
[DEBUG LAB4]: 	RBRACKET		]		16		14
[DEBUG LAB4]: 	MUL		*		16		15
[DEBUG LAB4]: 	ID		b0		16		16		1		0x7f0cc2620368
[DEBUG LAB4]: 	LBRACKET		[		16		18
[DEBUG LAB4]: 	DECIMIAL		0		16		19
[DEBUG LAB4]: 	RBRACKET		]		16		20
[DEBUG LAB4]: 	ADD		+		16		21
[DEBUG LAB4]: 	ID		a2		16		22		1		0x7f0cc26203d0
[DEBUG LAB4]: 	LBRACKET		[		16		24
[DEBUG LAB4]: 	DECIMIAL		1		16		25
[DEBUG LAB4]: 	RBRACKET		]		16		26
[DEBUG LAB4]: 	MUL		*		16		27
[DEBUG LAB4]: 	ID		b1		16		28		1		0x7f0cc2620438
[DEBUG LAB4]: 	LBRACKET		[		16		30
[DEBUG LAB4]: 	DECIMIAL		0		16		31
[DEBUG LAB4]: 	RBRACKET		]		16		32
[DEBUG LAB4]: 	ADD		+		16		33
[DEBUG LAB4]: 	ID		a2		16		34		1		0x7f0cc26204a0
[DEBUG LAB4]: 	LBRACKET		[		16		36
[DEBUG LAB4]: 	DECIMIAL		2		16		37
[DEBUG LAB4]: 	RBRACKET		]		16		38
[DEBUG LAB4]: 	MUL		*		16		39
[DEBUG LAB4]: 	ID		b2		16		40		1		0x7f0cc2620508
[DEBUG LAB4]: 	LBRACKET		[		16		42
[DEBUG LAB4]: 	DECIMIAL		0		16		43
[DEBUG LAB4]: 	RBRACKET		]		16		44
[DEBUG LAB4]: 	SEMICOLON	;		16		45
[DEBUG LAB4]: 	ID		c2		17		4		1		0x7f0cc2620570
[DEBUG LAB4]: 	LBRACKET		[		17		6
[DEBUG LAB4]: 	DECIMIAL		1		17		7
[DEBUG LAB4]: 	RBRACKET		]		17		8
[DEBUG LAB4]: 	ASSIGN		=		17		9
[DEBUG LAB4]: 	ID		a2		17		10		1		0x7f0cc26205d8
[DEBUG LAB4]: 	LBRACKET		[		17		12
[DEBUG LAB4]: 	DECIMIAL		0		17		13
[DEBUG LAB4]: 	RBRACKET		]		17		14
[DEBUG LAB4]: 	MUL		*		17		15
[DEBUG LAB4]: 	ID		b0		17		16		1		0x7f0cc2620640
[DEBUG LAB4]: 	LBRACKET		[		17		18
[DEBUG LAB4]: 	DECIMIAL		1		17		19
[DEBUG LAB4]: 	RBRACKET		]		17		20
[DEBUG LAB4]: 	ADD		+		17		21
[DEBUG LAB4]: 	ID		a2		17		22		1		0x7f0cc26206a8
[DEBUG LAB4]: 	LBRACKET		[		17		24
[DEBUG LAB4]: 	DECIMIAL		1		17		25
[DEBUG LAB4]: 	RBRACKET		]		17		26
[DEBUG LAB4]: 	MUL		*		17		27
[DEBUG LAB4]: 	ID		b1		17		28		1		0x7f0cc2620710
[DEBUG LAB4]: 	LBRACKET		[		17		30
[DEBUG LAB4]: 	DECIMIAL		1		17		31
[DEBUG LAB4]: 	RBRACKET		]		17		32
[DEBUG LAB4]: 	ADD		+		17		33
[DEBUG LAB4]: 	ID		a2		17		34		1		0x7f0cc2620778
[DEBUG LAB4]: 	LBRACKET		[		17		36
[DEBUG LAB4]: 	DECIMIAL		2		17		37
[DEBUG LAB4]: 	RBRACKET		]		17		38
[DEBUG LAB4]: 	MUL		*		17		39
[DEBUG LAB4]: 	ID		b2		17		40		1		0x7f0cc26207e0
[DEBUG LAB4]: 	LBRACKET		[		17		42
[DEBUG LAB4]: 	DECIMIAL		1		17		43
[DEBUG LAB4]: 	RBRACKET		]		17		44
[DEBUG LAB4]: 	SEMICOLON	;		17		45
[DEBUG LAB4]: 	ID		c2		18		4		1		0x7f0cc2620848
[DEBUG LAB4]: 	LBRACKET		[		18		6
[DEBUG LAB4]: 	DECIMIAL		2		18		7
[DEBUG LAB4]: 	RBRACKET		]		18		8
[DEBUG LAB4]: 	ASSIGN		=		18		9
[DEBUG LAB4]: 	ID		a2		18		10		1		0x7f0cc26208b0
[DEBUG LAB4]: 	LBRACKET		[		18		12
[DEBUG LAB4]: 	DECIMIAL		0		18		13
[DEBUG LAB4]: 	RBRACKET		]		18		14
[DEBUG LAB4]: 	MUL		*		18		15
[DEBUG LAB4]: 	ID		b0		18		16		1		0x7f0cc2620918
[DEBUG LAB4]: 	LBRACKET		[		18		18
[DEBUG LAB4]: 	DECIMIAL		2		18		19
[DEBUG LAB4]: 	RBRACKET		]		18		20
[DEBUG LAB4]: 	ADD		+		18		21
[DEBUG LAB4]: 	ID		a2		18		22		1		0x7f0cc2620980
[DEBUG LAB4]: 	LBRACKET		[		18		24
[DEBUG LAB4]: 	DECIMIAL		1		18		25
[DEBUG LAB4]: 	RBRACKET		]		18		26
[DEBUG LAB4]: 	MUL		*		18		27
[DEBUG LAB4]: 	ID		b1		18		28		1		0x7f0cc26209e8
[DEBUG LAB4]: 	LBRACKET		[		18		30
[DEBUG LAB4]: 	DECIMIAL		2		18		31
[DEBUG LAB4]: 	RBRACKET		]		18		32
[DEBUG LAB4]: 	ADD		+		18		33
[DEBUG LAB4]: 	ID		a2		18		34		1		0x7f0cc2620a50
[DEBUG LAB4]: 	LBRACKET		[		18		36
[DEBUG LAB4]: 	DECIMIAL		2		18		37
[DEBUG LAB4]: 	RBRACKET		]		18		38
[DEBUG LAB4]: 	MUL		*		18		39
[DEBUG LAB4]: 	ID		b2		18		40		1		0x7f0cc2620ab8
[DEBUG LAB4]: 	LBRACKET		[		18		42
[DEBUG LAB4]: 	DECIMIAL		2		18		43
[DEBUG LAB4]: 	RBRACKET		]		18		44
[DEBUG LAB4]: 	SEMICOLON	;		18		45
[DEBUG LAB4]: 	RETURN		return		20		4
[DEBUG LAB4]: 	DECIMIAL		0		20		11
[DEBUG LAB4]: 	SEMICOLON	;		20		12
[DEBUG LAB4]: 	RBRACE		}		22		0
[DEBUG LAB4]: 	INT		int		24		0
[DEBUG LAB4]: 	ID		main		24		4		0		0x7f0cc261d5e8
[DEBUG LAB4]: 	LPAREN		(		24		8
[DEBUG LAB4]: 	RPAREN		)		24		9
[DEBUG LAB4]: 	LBRACE		{		25		0
[DEBUG LAB4]: 	ID		N		26		4		2		0x7f0cc26211a0
[DEBUG LAB4]: 	ASSIGN		=		26		5
[DEBUG LAB4]: 	DECIMIAL		3		26		6
[DEBUG LAB4]: 	SEMICOLON	;		26		7
[DEBUG LAB4]: 	ID		M		27		4		2		0x7f0cc2621208
[DEBUG LAB4]: 	ASSIGN		=		27		5
[DEBUG LAB4]: 	DECIMIAL		3		27		6
[DEBUG LAB4]: 	SEMICOLON	;		27		7
[DEBUG LAB4]: 	ID		L		28		4		2		0x7f0cc2621270
[DEBUG LAB4]: 	ASSIGN		=		28		5
[DEBUG LAB4]: 	DECIMIAL		3		28		6
[DEBUG LAB4]: 	SEMICOLON	;		28		7
[DEBUG LAB4]: 	FLOAT		float		29		4
[DEBUG LAB4]: 	ID		a0		29		10		2		0x7f0cc26212d8
[DEBUG LAB4]: 	LBRACKET		[		29		12
[DEBUG LAB4]: 	DECIMIAL		3		29		13
[DEBUG LAB4]: 	RBRACKET		]		29		14
[DEBUG LAB4]: 	COMMA		,		29		15
[DEBUG LAB4]: 	ID		a1		29		17		2		0x7f0cc2621340
[DEBUG LAB4]: 	LBRACKET		[		29		19
[DEBUG LAB4]: 	DECIMIAL		3		29		20
[DEBUG LAB4]: 	RBRACKET		]		29		21
[DEBUG LAB4]: 	COMMA		,		29		22
[DEBUG LAB4]: 	ID		a2		29		24		2		0x7f0cc26213a8
[DEBUG LAB4]: 	LBRACKET		[		29		26
[DEBUG LAB4]: 	DECIMIAL		3		29		27
[DEBUG LAB4]: 	RBRACKET		]		29		28
[DEBUG LAB4]: 	COMMA		,		29		29
[DEBUG LAB4]: 	ID		b0		29		31		2		0x7f0cc2621410
[DEBUG LAB4]: 	LBRACKET		[		29		33
[DEBUG LAB4]: 	DECIMIAL		3		29		34
[DEBUG LAB4]: 	RBRACKET		]		29		35
[DEBUG LAB4]: 	COMMA		,		29		36
[DEBUG LAB4]: 	ID		b1		29		38		2		0x7f0cc2621478
[DEBUG LAB4]: 	LBRACKET		[		29		40
[DEBUG LAB4]: 	DECIMIAL		3		29		41
[DEBUG LAB4]: 	RBRACKET		]		29		42
[DEBUG LAB4]: 	COMMA		,		29		43
[DEBUG LAB4]: 	ID		b2		29		45		2		0x7f0cc26214e0
[DEBUG LAB4]: 	LBRACKET		[		29		47
[DEBUG LAB4]: 	DECIMIAL		3		29		48
[DEBUG LAB4]: 	RBRACKET		]		29		49
[DEBUG LAB4]: 	COMMA		,		29		50
[DEBUG LAB4]: 	ID		c0		29		52		2		0x7f0cc2621548
[DEBUG LAB4]: 	LBRACKET		[		29		54
[DEBUG LAB4]: 	DECIMIAL		6		29		55
[DEBUG LAB4]: 	RBRACKET		]		29		56
[DEBUG LAB4]: 	COMMA		,		29		57
[DEBUG LAB4]: 	ID		c1		29		59		2		0x7f0cc26215b0
[DEBUG LAB4]: 	LBRACKET		[		29		61
[DEBUG LAB4]: 	DECIMIAL		3		29		62
[DEBUG LAB4]: 	RBRACKET		]		29		63
[DEBUG LAB4]: 	COMMA		,		29		64
[DEBUG LAB4]: 	ID		c2		29		66		2		0x7f0cc2621618
[DEBUG LAB4]: 	LBRACKET		[		29		68
[DEBUG LAB4]: 	DECIMIAL		3		29		69
[DEBUG LAB4]: 	RBRACKET		]		29		70
[DEBUG LAB4]: 	SEMICOLON	;		29		71
[DEBUG LAB4]: 	INT		int		30		4
[DEBUG LAB4]: 	ID		i		30		8		2		0x7f0cc2621680
[DEBUG LAB4]: 	SEMICOLON	;		30		9
[DEBUG LAB4]: 	ID		i		31		4		2		0x7f0cc26216e8
[DEBUG LAB4]: 	ASSIGN		=		31		5
[DEBUG LAB4]: 	DECIMIAL		0		31		6
[DEBUG LAB4]: 	SEMICOLON	;		31		7
[DEBUG LAB4]: 	WHILE		while		32		4
[DEBUG LAB4]: 	LPAREN		(		32		9
[DEBUG LAB4]: 	ID		i		32		10		2		0x7f0cc2621750
[DEBUG LAB4]: 	LESS		<		32		11
[DEBUG LAB4]: 	ID		M		32		12		2		0x7f0cc26217b8
[DEBUG LAB4]: 	RPAREN		)		32		13
[DEBUG LAB4]: 	LBRACE		{		33		4
[DEBUG LAB4]: 	ID		a0		34		8		3		0x7f0cc2623220
[DEBUG LAB4]: 	LBRACKET		[		34		10
[DEBUG LAB4]: 	ID		i		34		11		3		0x7f0cc2623288
[DEBUG LAB4]: 	RBRACKET		]		34		12
[DEBUG LAB4]: 	ASSIGN		=		34		13
[DEBUG LAB4]: 	ID		i		34		14		3		0x7f0cc26232f0
[DEBUG LAB4]: 	SEMICOLON	;		34		15
[DEBUG LAB4]: 	ID		a1		35		8		3		0x7f0cc2623358
[DEBUG LAB4]: 	LBRACKET		[		35		10
[DEBUG LAB4]: 	ID		i		35		11		3		0x7f0cc26233c0
[DEBUG LAB4]: 	RBRACKET		]		35		12
[DEBUG LAB4]: 	ASSIGN		=		35		13
[DEBUG LAB4]: 	ID		i		35		14		3		0x7f0cc2623428
[DEBUG LAB4]: 	SEMICOLON	;		35		15
[DEBUG LAB4]: 	ID		a2		36		8		3		0x7f0cc2623490
[DEBUG LAB4]: 	LBRACKET		[		36		10
[DEBUG LAB4]: 	ID		i		36		11		3		0x7f0cc26234f8
[DEBUG LAB4]: 	RBRACKET		]		36		12
[DEBUG LAB4]: 	ASSIGN		=		36		13
[DEBUG LAB4]: 	ID		i		36		14		3		0x7f0cc2623560
[DEBUG LAB4]: 	SEMICOLON	;		36		15
[DEBUG LAB4]: 	ID		b0		37		8		3		0x7f0cc26235c8
[DEBUG LAB4]: 	LBRACKET		[		37		10
[DEBUG LAB4]: 	ID		i		37		11		3		0x7f0cc2623630
[DEBUG LAB4]: 	RBRACKET		]		37		12
[DEBUG LAB4]: 	ASSIGN		=		37		13
[DEBUG LAB4]: 	ID		i		37		14		3		0x7f0cc2623698
[DEBUG LAB4]: 	SEMICOLON	;		37		15
[DEBUG LAB4]: 	ID		b1		38		8		3		0x7f0cc2623700
[DEBUG LAB4]: 	LBRACKET		[		38		10
[DEBUG LAB4]: 	ID		i		38		11		3		0x7f0cc2623768
[DEBUG LAB4]: 	RBRACKET		]		38		12
[DEBUG LAB4]: 	ASSIGN		=		38		13
[DEBUG LAB4]: 	ID		i		38		14		3		0x7f0cc26237d0
[DEBUG LAB4]: 	SEMICOLON	;		38		15
[DEBUG LAB4]: 	ID		b2		39		8		3		0x7f0cc2623838
[DEBUG LAB4]: 	LBRACKET		[		39		10
[DEBUG LAB4]: 	ID		i		39		11		3		0x7f0cc26238a0
[DEBUG LAB4]: 	RBRACKET		]		39		12
[DEBUG LAB4]: 	ASSIGN		=		39		13
[DEBUG LAB4]: 	ID		i		39		14		3		0x7f0cc2623908
[DEBUG LAB4]: 	SEMICOLON	;		39		15
[DEBUG LAB4]: 	ID		i		40		8		3		0x7f0cc2623970
[DEBUG LAB4]: 	ASSIGN		=		40		9
[DEBUG LAB4]: 	ID		i		40		10		3		0x7f0cc26239d8
[DEBUG LAB4]: 	ADD		+		40		11
[DEBUG LAB4]: 	DECIMIAL		1		40		12
[DEBUG LAB4]: 	SEMICOLON	;		40		13
[DEBUG LAB4]: 	RBRACE		}		41		4
[DEBUG LAB4]: 	ID		i		42		4		2		0x7f0cc2621820
[DEBUG LAB4]: 	ASSIGN		=		42		5
[DEBUG LAB4]: 	ID		mul		42		6		2		0x7f0cc2621888
[DEBUG LAB4]: 	LPAREN		(		42		9
[DEBUG LAB4]: 	ID		a0		42		11		3		0x7f0cc2623220
[DEBUG LAB4]: 	COMMA		,		42		13
[DEBUG LAB4]: 	ID		a1		42		15		2		0x7f0cc26218f0
[DEBUG LAB4]: 	COMMA		,		42		17
[DEBUG LAB4]: 	ID		a2		42		20		2		0x7f0cc2621958
[DEBUG LAB4]: 	COMMA		,		42		22
[DEBUG LAB4]: 	ID		b0		42		24		2		0x7f0cc26219c0
[DEBUG LAB4]: 	COMMA		,		42		26
[DEBUG LAB4]: 	ID		b1		42		28		2		0x7f0cc2621a28
[DEBUG LAB4]: 	COMMA		,		42		30
[DEBUG LAB4]: 	ID		b2		42		32		2		0x7f0cc2621a90
[DEBUG LAB4]: 	COMMA		,		42		34
[DEBUG LAB4]: 	ID		c0		42		36		2		0x7f0cc2621af8
[DEBUG LAB4]: 	COMMA		,		42		38
[DEBUG LAB4]: 	ID		c1		42		40		2		0x7f0cc2621b60
[DEBUG LAB4]: 	COMMA		,		42		42
[DEBUG LAB4]: 	ID		c2		42		44		2		0x7f0cc2621bc8
[DEBUG LAB4]: 	RPAREN		)		42		46
[DEBUG LAB4]: 	SEMICOLON	;		42		47
[DEBUG LAB4]: 	INT		int		43		4
[DEBUG LAB4]: 	ID		x		43		8		2		0x7f0cc2621c30
[DEBUG LAB4]: 	SEMICOLON	;		43		9
[DEBUG LAB4]: 	WHILE		while		44		4
[DEBUG LAB4]: 	LPAREN		(		44		9
[DEBUG LAB4]: 	ID		i		44		10		2		0x7f0cc2621c98
[DEBUG LAB4]: 	LESS		<		44		11
[DEBUG LAB4]: 	ID		N		44		12		2		0x7f0cc2621d00
[DEBUG LAB4]: 	RPAREN		)		44		13
[DEBUG LAB4]: 	LBRACE		{		45		4
[DEBUG LAB4]: 	ID		x		46		8		4		0x7f0cc26252a0
[DEBUG LAB4]: 	ASSIGN		=		46		10
[DEBUG LAB4]: 	ID		c0		46		12		4		0x7f0cc2625308
[DEBUG LAB4]: 	LBRACKET		[		46		14
[DEBUG LAB4]: 	ID		i		46		15		4		0x7f0cc2625370
[DEBUG LAB4]: 	RBRACKET		]		46		16
[DEBUG LAB4]: 	SEMICOLON	;		46		17
[DEBUG LAB4]: 	ID		putint		47		8		4		0x7f0cc26253d8
[DEBUG LAB4]: 	LPAREN		(		47		14
[DEBUG LAB4]: 	ID		x		47		15		4		0x7f0cc26252a0
[DEBUG LAB4]: 	RPAREN		)		47		16
[DEBUG LAB4]: 	SEMICOLON	;		47		17
[DEBUG LAB4]: 	ID		i		48		8		4		0x7f0cc2625440
[DEBUG LAB4]: 	ASSIGN		=		48		9
[DEBUG LAB4]: 	ID		i		48		10		4		0x7f0cc26254a8
[DEBUG LAB4]: 	ADD		+		48		11
[DEBUG LAB4]: 	DECIMIAL		1		48		12
[DEBUG LAB4]: 	SEMICOLON	;		48		13
[DEBUG LAB4]: 	RBRACE		}		49		4
[DEBUG LAB4]: 	ID		x		50		4		4		0x7f0cc26252a0
[DEBUG LAB4]: 	ASSIGN		=		50		6
[DEBUG LAB4]: 	DECIMIAL		10		50		8
[DEBUG LAB4]: 	SEMICOLON	;		50		10
[DEBUG LAB4]: 	ID		i		51		4		2		0x7f0cc2621820
[DEBUG LAB4]: 	ASSIGN		=		51		5
[DEBUG LAB4]: 	DECIMIAL		0		51		6
[DEBUG LAB4]: 	SEMICOLON	;		51		7
[DEBUG LAB4]: 	ID		putch		52		4		2		0x7f0cc2621888
[DEBUG LAB4]: 	LPAREN		(		52		9
[DEBUG LAB4]: 	ID		x		52		10		4		0x7f0cc26252a0
[DEBUG LAB4]: 	RPAREN		)		52		11
[DEBUG LAB4]: 	SEMICOLON	;		52		12
[DEBUG LAB4]: 	WHILE		while		53		4
[DEBUG LAB4]: 	LPAREN		(		53		9
[DEBUG LAB4]: 	ID		i		53		10		2		0x7f0cc26218f0
[DEBUG LAB4]: 	LESS		<		53		11
[DEBUG LAB4]: 	ID		N		53		12		2		0x7f0cc2621958
[DEBUG LAB4]: 	RPAREN		)		53		13
[DEBUG LAB4]: 	LBRACE		{		54		4
[DEBUG LAB4]: 	ID		x		55		8		5		0x7f0cc2627320
[DEBUG LAB4]: 	ASSIGN		=		55		10
[DEBUG LAB4]: 	ID		c1		55		12		5		0x7f0cc2627388
[DEBUG LAB4]: 	LBRACKET		[		55		14
[DEBUG LAB4]: 	ID		i		55		15		5		0x7f0cc26273f0
[DEBUG LAB4]: 	RBRACKET		]		55		16
[DEBUG LAB4]: 	SEMICOLON	;		55		17
[DEBUG LAB4]: 	ID		putint		56		8		5		0x7f0cc2627458
[DEBUG LAB4]: 	LPAREN		(		56		14
[DEBUG LAB4]: 	ID		x		56		15		5		0x7f0cc2627320
[DEBUG LAB4]: 	RPAREN		)		56		16
[DEBUG LAB4]: 	SEMICOLON	;		56		17
[DEBUG LAB4]: 	ID		i		58		8		5		0x7f0cc26274c0
[DEBUG LAB4]: 	ASSIGN		=		58		9
[DEBUG LAB4]: 	ID		i		58		10		5		0x7f0cc2627528
[DEBUG LAB4]: 	ADD		+		58		11
[DEBUG LAB4]: 	DECIMIAL		1		58		12
[DEBUG LAB4]: 	SEMICOLON	;		58		13
[DEBUG LAB4]: 	RBRACE		}		59		4
[DEBUG LAB4]: 	ID		x		60		4		5		0x7f0cc2627320
[DEBUG LAB4]: 	ASSIGN		=		60		6
[DEBUG LAB4]: 	DECIMIAL		10		60		8
[DEBUG LAB4]: 	SEMICOLON	;		60		10
[DEBUG LAB4]: 	ID		i		61		4		2		0x7f0cc2621820
[DEBUG LAB4]: 	ASSIGN		=		61		5
[DEBUG LAB4]: 	DECIMIAL		0		61		6
[DEBUG LAB4]: 	SEMICOLON	;		61		7
[DEBUG LAB4]: 	ID		putch		62		4		2		0x7f0cc2621888
[DEBUG LAB4]: 	LPAREN		(		62		9
[DEBUG LAB4]: 	ID		x		62		10		5		0x7f0cc2627320
[DEBUG LAB4]: 	RPAREN		)		62		11
[DEBUG LAB4]: 	SEMICOLON	;		62		12
[DEBUG LAB4]: 	WHILE		while		63		4
[DEBUG LAB4]: 	LPAREN		(		63		9
[DEBUG LAB4]: 	ID		i		63		10		2		0x7f0cc26218f0
[DEBUG LAB4]: 	LESS		<		63		11
[DEBUG LAB4]: 	ID		N		63		12		2		0x7f0cc2621958
[DEBUG LAB4]: 	RPAREN		)		63		13
[DEBUG LAB4]: 	LBRACE		{		64		4
[DEBUG LAB4]: 	ID		x		65		8		6		0x7f0cc26293a0
[DEBUG LAB4]: 	ASSIGN		=		65		10
[DEBUG LAB4]: 	ID		c2		65		12		6		0x7f0cc2629408
[DEBUG LAB4]: 	LBRACKET		[		65		14
[DEBUG LAB4]: 	ID		i		65		15		6		0x7f0cc2629470
[DEBUG LAB4]: 	RBRACKET		]		65		16
[DEBUG LAB4]: 	SEMICOLON	;		65		17
[DEBUG LAB4]: 	ID		putint		66		8		6		0x7f0cc26294d8
[DEBUG LAB4]: 	LPAREN		(		66		14
[DEBUG LAB4]: 	ID		x		66		15		6		0x7f0cc26293a0
[DEBUG LAB4]: 	RPAREN		)		66		16
[DEBUG LAB4]: 	SEMICOLON	;		66		17
[DEBUG LAB4]: 	ID		i		68		8		6		0x7f0cc2629540
[DEBUG LAB4]: 	ASSIGN		=		68		9
[DEBUG LAB4]: 	ID		i		68		10		6		0x7f0cc26295a8
[DEBUG LAB4]: 	ADD		+		68		11
[DEBUG LAB4]: 	DECIMIAL		1		68		12
[DEBUG LAB4]: 	SEMICOLON	;		68		13
[DEBUG LAB4]: 	RBRACE		}		69		4
[DEBUG LAB4]: 	ID		x		70		4		6		0x7f0cc26293a0
[DEBUG LAB4]: 	ASSIGN		=		70		6
[DEBUG LAB4]: 	DECIMIAL		10		70		8
[DEBUG LAB4]: 	SEMICOLON	;		70		10
[DEBUG LAB4]: 	ID		putch		71		4		2		0x7f0cc2621820
[DEBUG LAB4]: 	LPAREN		(		71		9
[DEBUG LAB4]: 	ID		x		71		10		6		0x7f0cc26293a0
[DEBUG LAB4]: 	RPAREN		)		71		11
[DEBUG LAB4]: 	SEMICOLON	;		71		12
[DEBUG LAB4]: 	RETURN		return		73		4
[DEBUG LAB4]: 	DECIMIAL		0		73		11
[DEBUG LAB4]: 	SEMICOLON	;		73		12
[DEBUG LAB4]: 	RBRACE		}		74		0
