[DEBUG LAB4]:	Token		Lexeme		Lineno		Offset		Scope		Addr
[DEBUG LAB4]: 	INT		int		1		0
[DEBUG LAB4]: 	ID		M		1		4		0		0x7f8dd91550a0
[DEBUG LAB4]: 	SEMICOLON	;		1		5
[DEBUG LAB4]: 	INT		int		2		0
[DEBUG LAB4]: 	ID		L		2		4		0		0x7f8dd9155108
[DEBUG LAB4]: 	SEMICOLON	;		2		5
[DEBUG LAB4]: 	INT		int		3		0
[DEBUG LAB4]: 	ID		N		3		4		0		0x7f8dd9155170
[DEBUG LAB4]: 	SEMICOLON	;		3		5
[DEBUG LAB4]: 	INT		int		5		0
[DEBUG LAB4]: 	ID		tran		5		4		0		0x7f8dd91551d8
[DEBUG LAB4]: 	LPAREN		(		5		8
[DEBUG LAB4]: 	FLOAT		float		5		9
[DEBUG LAB4]: 	ID		a0		5		15		0		0x7f8dd9155240
[DEBUG LAB4]: 	LBRACKET		[		5		17
[DEBUG LAB4]: 	RBRACKET		]		5		18
[DEBUG LAB4]: 	COMMA		,		5		19
[DEBUG LAB4]: 	FLOAT		float		5		20
[DEBUG LAB4]: 	ID		a1		5		26		0		0x7f8dd91552a8
[DEBUG LAB4]: 	LBRACKET		[		5		28
[DEBUG LAB4]: 	RBRACKET		]		5		29
[DEBUG LAB4]: 	COMMA		,		5		30
[DEBUG LAB4]: 	FLOAT		float		5		32
[DEBUG LAB4]: 	ID		a2		5		38		0		0x7f8dd9155310
[DEBUG LAB4]: 	LBRACKET		[		5		40
[DEBUG LAB4]: 	RBRACKET		]		5		41
[DEBUG LAB4]: 	COMMA		,		5		42
[DEBUG LAB4]: 	FLOAT		float		5		43
[DEBUG LAB4]: 	ID		b0		5		49		0		0x7f8dd9155378
[DEBUG LAB4]: 	LBRACKET		[		5		51
[DEBUG LAB4]: 	RBRACKET		]		5		52
[DEBUG LAB4]: 	COMMA		,		5		53
[DEBUG LAB4]: 	FLOAT		float		5		54
[DEBUG LAB4]: 	ID		b1		5		60		0		0x7f8dd91553e0
[DEBUG LAB4]: 	LBRACKET		[		5		62
[DEBUG LAB4]: 	RBRACKET		]		5		63
[DEBUG LAB4]: 	COMMA		,		5		64
[DEBUG LAB4]: 	FLOAT		float		5		65
[DEBUG LAB4]: 	ID		b2		5		71		0		0x7f8dd9155448
[DEBUG LAB4]: 	LBRACKET		[		5		73
[DEBUG LAB4]: 	RBRACKET		]		5		74
[DEBUG LAB4]: 	COMMA		,		5		75
[DEBUG LAB4]: 	FLOAT		float		5		76
[DEBUG LAB4]: 	ID		c0		5		82		0		0x7f8dd91554b0
[DEBUG LAB4]: 	LBRACKET		[		5		84
[DEBUG LAB4]: 	RBRACKET		]		5		85
[DEBUG LAB4]: 	COMMA		,		5		86
[DEBUG LAB4]: 	FLOAT		float		5		87
[DEBUG LAB4]: 	ID		c1		5		93		0		0x7f8dd9155518
[DEBUG LAB4]: 	LBRACKET		[		5		95
[DEBUG LAB4]: 	RBRACKET		]		5		96
[DEBUG LAB4]: 	COMMA		,		5		97
[DEBUG LAB4]: 	FLOAT		float		5		98
[DEBUG LAB4]: 	ID		c2		5		104		0		0x7f8dd9155580
[DEBUG LAB4]: 	LBRACKET		[		5		106
[DEBUG LAB4]: 	RBRACKET		]		5		107
[DEBUG LAB4]: 	RPAREN		)		5		108
[DEBUG LAB4]: 	LBRACE		{		6		0
[DEBUG LAB4]: 	INT		int		7		4
[DEBUG LAB4]: 	ID		i		7		8		1		0x7f8dd9157120
[DEBUG LAB4]: 	SEMICOLON	;		7		9
[DEBUG LAB4]: 	ID		i		8		4		1		0x7f8dd9157120
[DEBUG LAB4]: 	ASSIGN		=		8		5
[DEBUG LAB4]: 	DECIMIAL		0		8		6
[DEBUG LAB4]: 	SEMICOLON	;		8		7
[DEBUG LAB4]: 	ID		c1		9		4		1		0x7f8dd9157188
[DEBUG LAB4]: 	LBRACKET		[		9		6
[DEBUG LAB4]: 	DECIMIAL		2		9		7
[DEBUG LAB4]: 	RBRACKET		]		9		8
[DEBUG LAB4]: 	ASSIGN		=		9		9
[DEBUG LAB4]: 	ID		a2		9		10		1		0x7f8dd91571f0
[DEBUG LAB4]: 	LBRACKET		[		9		12
[DEBUG LAB4]: 	DECIMIAL		1		9		13
[DEBUG LAB4]: 	RBRACKET		]		9		14
[DEBUG LAB4]: 	SEMICOLON	;		9		15
[DEBUG LAB4]: 	ID		c2		10		4		1		0x7f8dd9157258
[DEBUG LAB4]: 	LBRACKET		[		10		6
[DEBUG LAB4]: 	DECIMIAL		1		10		7
[DEBUG LAB4]: 	RBRACKET		]		10		8
[DEBUG LAB4]: 	ASSIGN		=		10		9
[DEBUG LAB4]: 	ID		a1		10		10		1		0x7f8dd91572c0
[DEBUG LAB4]: 	LBRACKET		[		10		12
[DEBUG LAB4]: 	DECIMIAL		2		10		13
[DEBUG LAB4]: 	RBRACKET		]		10		14
[DEBUG LAB4]: 	SEMICOLON	;		10		15
[DEBUG LAB4]: 	ID		c0		11		4		1		0x7f8dd9157328
[DEBUG LAB4]: 	LBRACKET		[		11		6
[DEBUG LAB4]: 	DECIMIAL		1		11		7
[DEBUG LAB4]: 	RBRACKET		]		11		8
[DEBUG LAB4]: 	ASSIGN		=		11		9
[DEBUG LAB4]: 	ID		a1		11		10		1		0x7f8dd9157390
[DEBUG LAB4]: 	LBRACKET		[		11		12
[DEBUG LAB4]: 	DECIMIAL		0		11		13
[DEBUG LAB4]: 	RBRACKET		]		11		14
[DEBUG LAB4]: 	SEMICOLON	;		11		15
[DEBUG LAB4]: 	ID		c0		12		4		1		0x7f8dd91573f8
[DEBUG LAB4]: 	LBRACKET		[		12		6
[DEBUG LAB4]: 	DECIMIAL		2		12		7
[DEBUG LAB4]: 	RBRACKET		]		12		8
[DEBUG LAB4]: 	ASSIGN		=		12		9
[DEBUG LAB4]: 	ID		a2		12		10		1		0x7f8dd9157460
[DEBUG LAB4]: 	LBRACKET		[		12		12
[DEBUG LAB4]: 	DECIMIAL		0		12		13
[DEBUG LAB4]: 	RBRACKET		]		12		14
[DEBUG LAB4]: 	SEMICOLON	;		12		15
[DEBUG LAB4]: 	ID		c1		13		4		1		0x7f8dd91574c8
[DEBUG LAB4]: 	LBRACKET		[		13		6
[DEBUG LAB4]: 	DECIMIAL		0		13		7
[DEBUG LAB4]: 	RBRACKET		]		13		8
[DEBUG LAB4]: 	ASSIGN		=		13		9
[DEBUG LAB4]: 	ID		a0		13		10		1		0x7f8dd9157530
[DEBUG LAB4]: 	LBRACKET		[		13		12
[DEBUG LAB4]: 	DECIMIAL		1		13		13
[DEBUG LAB4]: 	RBRACKET		]		13		14
[DEBUG LAB4]: 	SEMICOLON	;		13		15
[DEBUG LAB4]: 	ID		c2		14		4		1		0x7f8dd9157598
[DEBUG LAB4]: 	LBRACKET		[		14		6
[DEBUG LAB4]: 	DECIMIAL		0		14		7
[DEBUG LAB4]: 	RBRACKET		]		14		8
[DEBUG LAB4]: 	ASSIGN		=		14		9
[DEBUG LAB4]: 	ID		a0		14		10		1		0x7f8dd9157600
[DEBUG LAB4]: 	LBRACKET		[		14		12
[DEBUG LAB4]: 	DECIMIAL		2		14		13
[DEBUG LAB4]: 	RBRACKET		]		14		14
[DEBUG LAB4]: 	SEMICOLON	;		14		15
[DEBUG LAB4]: 	ID		c1		15		4		1		0x7f8dd9157668
[DEBUG LAB4]: 	LBRACKET		[		15		6
[DEBUG LAB4]: 	DECIMIAL		1		15		7
[DEBUG LAB4]: 	RBRACKET		]		15		8
[DEBUG LAB4]: 	ASSIGN		=		15		9
[DEBUG LAB4]: 	ID		a1		15		10		1		0x7f8dd91576d0
[DEBUG LAB4]: 	LBRACKET		[		15		12
[DEBUG LAB4]: 	DECIMIAL		1		15		13
[DEBUG LAB4]: 	RBRACKET		]		15		14
[DEBUG LAB4]: 	SEMICOLON	;		15		15
[DEBUG LAB4]: 	ID		c2		16		4		1		0x7f8dd9157738
[DEBUG LAB4]: 	LBRACKET		[		16		6
[DEBUG LAB4]: 	DECIMIAL		2		16		7
[DEBUG LAB4]: 	RBRACKET		]		16		8
[DEBUG LAB4]: 	ASSIGN		=		16		9
[DEBUG LAB4]: 	ID		a2		16		10		1		0x7f8dd91577a0
[DEBUG LAB4]: 	LBRACKET		[		16		12
[DEBUG LAB4]: 	DECIMIAL		2		16		13
[DEBUG LAB4]: 	RBRACKET		]		16		14
[DEBUG LAB4]: 	SEMICOLON	;		16		15
[DEBUG LAB4]: 	ID		c0		17		4		1		0x7f8dd9157808
[DEBUG LAB4]: 	LBRACKET		[		17		6
[DEBUG LAB4]: 	DECIMIAL		0		17		7
[DEBUG LAB4]: 	RBRACKET		]		17		8
[DEBUG LAB4]: 	ASSIGN		=		17		9
[DEBUG LAB4]: 	ID		a0		17		10		1		0x7f8dd9157870
[DEBUG LAB4]: 	LBRACKET		[		17		12
[DEBUG LAB4]: 	DECIMIAL		0		17		13
[DEBUG LAB4]: 	RBRACKET		]		17		14
[DEBUG LAB4]: 	SEMICOLON	;		17		15
[DEBUG LAB4]: 	RETURN		return		19		4
[DEBUG LAB4]: 	DECIMIAL		0		19		11
[DEBUG LAB4]: 	SEMICOLON	;		19		12
[DEBUG LAB4]: 	RBRACE		}		21		0
[DEBUG LAB4]: 	INT		int		23		0
[DEBUG LAB4]: 	ID		main		23		4		0		0x7f8dd91555e8
[DEBUG LAB4]: 	LPAREN		(		23		8
[DEBUG LAB4]: 	RPAREN		)		23		9
[DEBUG LAB4]: 	LBRACE		{		24		0
[DEBUG LAB4]: 	ID		N		25		4		2		0x7f8dd91591a0
[DEBUG LAB4]: 	ASSIGN		=		25		5
[DEBUG LAB4]: 	DECIMIAL		3		25		6
[DEBUG LAB4]: 	SEMICOLON	;		25		7
[DEBUG LAB4]: 	ID		M		26		4		2		0x7f8dd9159208
[DEBUG LAB4]: 	ASSIGN		=		26		5
[DEBUG LAB4]: 	DECIMIAL		3		26		6
[DEBUG LAB4]: 	SEMICOLON	;		26		7
[DEBUG LAB4]: 	ID		L		27		4		2		0x7f8dd9159270
[DEBUG LAB4]: 	ASSIGN		=		27		5
[DEBUG LAB4]: 	DECIMIAL		3		27		6
[DEBUG LAB4]: 	SEMICOLON	;		27		7
[DEBUG LAB4]: 	FLOAT		float		28		4
[DEBUG LAB4]: 	ID		a0		28		10		2		0x7f8dd91592d8
[DEBUG LAB4]: 	LBRACKET		[		28		12
[DEBUG LAB4]: 	DECIMIAL		3		28		13
[DEBUG LAB4]: 	RBRACKET		]		28		14
[DEBUG LAB4]: 	COMMA		,		28		15
[DEBUG LAB4]: 	ID		a1		28		17		2		0x7f8dd9159340
[DEBUG LAB4]: 	LBRACKET		[		28		19
[DEBUG LAB4]: 	DECIMIAL		3		28		20
[DEBUG LAB4]: 	RBRACKET		]		28		21
[DEBUG LAB4]: 	COMMA		,		28		22
[DEBUG LAB4]: 	ID		a2		28		24		2		0x7f8dd91593a8
[DEBUG LAB4]: 	LBRACKET		[		28		26
[DEBUG LAB4]: 	DECIMIAL		3		28		27
[DEBUG LAB4]: 	RBRACKET		]		28		28
[DEBUG LAB4]: 	COMMA		,		28		29
[DEBUG LAB4]: 	ID		b0		28		31		2		0x7f8dd9159410
[DEBUG LAB4]: 	LBRACKET		[		28		33
[DEBUG LAB4]: 	DECIMIAL		3		28		34
[DEBUG LAB4]: 	RBRACKET		]		28		35
[DEBUG LAB4]: 	COMMA		,		28		36
[DEBUG LAB4]: 	ID		b1		28		38		2		0x7f8dd9159478
[DEBUG LAB4]: 	LBRACKET		[		28		40
[DEBUG LAB4]: 	DECIMIAL		3		28		41
[DEBUG LAB4]: 	RBRACKET		]		28		42
[DEBUG LAB4]: 	COMMA		,		28		43
[DEBUG LAB4]: 	ID		b2		28		45		2		0x7f8dd91594e0
[DEBUG LAB4]: 	LBRACKET		[		28		47
[DEBUG LAB4]: 	DECIMIAL		3		28		48
[DEBUG LAB4]: 	RBRACKET		]		28		49
[DEBUG LAB4]: 	COMMA		,		28		50
[DEBUG LAB4]: 	ID		c0		28		52		2		0x7f8dd9159548
[DEBUG LAB4]: 	LBRACKET		[		28		54
[DEBUG LAB4]: 	DECIMIAL		6		28		55
[DEBUG LAB4]: 	RBRACKET		]		28		56
[DEBUG LAB4]: 	COMMA		,		28		57
[DEBUG LAB4]: 	ID		c1		28		59		2		0x7f8dd91595b0
[DEBUG LAB4]: 	LBRACKET		[		28		61
[DEBUG LAB4]: 	DECIMIAL		3		28		62
[DEBUG LAB4]: 	RBRACKET		]		28		63
[DEBUG LAB4]: 	COMMA		,		28		64
[DEBUG LAB4]: 	ID		c2		28		66		2		0x7f8dd9159618
[DEBUG LAB4]: 	LBRACKET		[		28		68
[DEBUG LAB4]: 	DECIMIAL		3		28		69
[DEBUG LAB4]: 	RBRACKET		]		28		70
[DEBUG LAB4]: 	SEMICOLON	;		28		71
[DEBUG LAB4]: 	INT		int		29		4
[DEBUG LAB4]: 	ID		i		29		8		2		0x7f8dd9159680
[DEBUG LAB4]: 	SEMICOLON	;		29		9
[DEBUG LAB4]: 	ID		i		30		4		2		0x7f8dd91596e8
[DEBUG LAB4]: 	ASSIGN		=		30		5
[DEBUG LAB4]: 	DECIMIAL		0		30		6
[DEBUG LAB4]: 	SEMICOLON	;		30		7
[DEBUG LAB4]: 	WHILE		while		31		4
[DEBUG LAB4]: 	LPAREN		(		31		9
[DEBUG LAB4]: 	ID		i		31		10		2		0x7f8dd9159750
[DEBUG LAB4]: 	LESS		<		31		11
[DEBUG LAB4]: 	ID		M		31		12		2		0x7f8dd91597b8
[DEBUG LAB4]: 	RPAREN		)		31		13
[DEBUG LAB4]: 	LBRACE		{		32		4
[DEBUG LAB4]: 	ID		a0		33		8		3		0x7f8dd915b220
[DEBUG LAB4]: 	LBRACKET		[		33		10
[DEBUG LAB4]: 	ID		i		33		11		3		0x7f8dd915b288
[DEBUG LAB4]: 	RBRACKET		]		33		12
[DEBUG LAB4]: 	ASSIGN		=		33		13
[DEBUG LAB4]: 	ID		i		33		14		3		0x7f8dd915b2f0
[DEBUG LAB4]: 	SEMICOLON	;		33		15
[DEBUG LAB4]: 	ID		a1		34		8		3		0x7f8dd915b358
[DEBUG LAB4]: 	LBRACKET		[		34		10
[DEBUG LAB4]: 	ID		i		34		11		3		0x7f8dd915b3c0
[DEBUG LAB4]: 	RBRACKET		]		34		12
[DEBUG LAB4]: 	ASSIGN		=		34		13
[DEBUG LAB4]: 	ID		i		34		14		3		0x7f8dd915b428
[DEBUG LAB4]: 	SEMICOLON	;		34		15
[DEBUG LAB4]: 	ID		a2		35		8		3		0x7f8dd915b490
[DEBUG LAB4]: 	LBRACKET		[		35		10
[DEBUG LAB4]: 	ID		i		35		11		3		0x7f8dd915b4f8
[DEBUG LAB4]: 	RBRACKET		]		35		12
[DEBUG LAB4]: 	ASSIGN		=		35		13
[DEBUG LAB4]: 	ID		i		35		14		3		0x7f8dd915b560
[DEBUG LAB4]: 	SEMICOLON	;		35		15
[DEBUG LAB4]: 	ID		b0		36		8		3		0x7f8dd915b5c8
[DEBUG LAB4]: 	LBRACKET		[		36		10
[DEBUG LAB4]: 	ID		i		36		11		3		0x7f8dd915b630
[DEBUG LAB4]: 	RBRACKET		]		36		12
[DEBUG LAB4]: 	ASSIGN		=		36		13
[DEBUG LAB4]: 	ID		i		36		14		3		0x7f8dd915b698
[DEBUG LAB4]: 	SEMICOLON	;		36		15
[DEBUG LAB4]: 	ID		b1		37		8		3		0x7f8dd915b700
[DEBUG LAB4]: 	LBRACKET		[		37		10
[DEBUG LAB4]: 	ID		i		37		11		3		0x7f8dd915b768
[DEBUG LAB4]: 	RBRACKET		]		37		12
[DEBUG LAB4]: 	ASSIGN		=		37		13
[DEBUG LAB4]: 	ID		i		37		14		3		0x7f8dd915b7d0
[DEBUG LAB4]: 	SEMICOLON	;		37		15
[DEBUG LAB4]: 	ID		b2		38		8		3		0x7f8dd915b838
[DEBUG LAB4]: 	LBRACKET		[		38		10
[DEBUG LAB4]: 	ID		i		38		11		3		0x7f8dd915b8a0
[DEBUG LAB4]: 	RBRACKET		]		38		12
[DEBUG LAB4]: 	ASSIGN		=		38		13
[DEBUG LAB4]: 	ID		i		38		14		3		0x7f8dd915b908
[DEBUG LAB4]: 	SEMICOLON	;		38		15
[DEBUG LAB4]: 	ID		i		39		8		3		0x7f8dd915b970
[DEBUG LAB4]: 	ASSIGN		=		39		9
[DEBUG LAB4]: 	ID		i		39		10		3		0x7f8dd915b9d8
[DEBUG LAB4]: 	ADD		+		39		11
[DEBUG LAB4]: 	DECIMIAL		1		39		12
[DEBUG LAB4]: 	SEMICOLON	;		39		13
[DEBUG LAB4]: 	RBRACE		}		40		4
[DEBUG LAB4]: 	ID		i		41		4		2		0x7f8dd9159820
[DEBUG LAB4]: 	ASSIGN		=		41		5
[DEBUG LAB4]: 	ID		tran		41		6		2		0x7f8dd9159888
[DEBUG LAB4]: 	LPAREN		(		41		10
[DEBUG LAB4]: 	ID		a0		41		12		3		0x7f8dd915b220
[DEBUG LAB4]: 	COMMA		,		41		14
[DEBUG LAB4]: 	ID		a1		41		16		2		0x7f8dd91598f0
[DEBUG LAB4]: 	COMMA		,		41		18
[DEBUG LAB4]: 	ID		a2		41		21		2		0x7f8dd9159958
[DEBUG LAB4]: 	COMMA		,		41		23
[DEBUG LAB4]: 	ID		b0		41		25		2		0x7f8dd91599c0
[DEBUG LAB4]: 	COMMA		,		41		27
[DEBUG LAB4]: 	ID		b1		41		29		2		0x7f8dd9159a28
[DEBUG LAB4]: 	COMMA		,		41		31
[DEBUG LAB4]: 	ID		b2		41		33		2		0x7f8dd9159a90
[DEBUG LAB4]: 	COMMA		,		41		35
[DEBUG LAB4]: 	ID		c0		41		37		2		0x7f8dd9159af8
[DEBUG LAB4]: 	COMMA		,		41		39
[DEBUG LAB4]: 	ID		c1		41		41		2		0x7f8dd9159b60
[DEBUG LAB4]: 	COMMA		,		41		43
[DEBUG LAB4]: 	ID		c2		41		45		2		0x7f8dd9159bc8
[DEBUG LAB4]: 	RPAREN		)		41		47
[DEBUG LAB4]: 	SEMICOLON	;		41		48
[DEBUG LAB4]: 	INT		int		42		4
[DEBUG LAB4]: 	ID		x		42		8		2		0x7f8dd9159c30
[DEBUG LAB4]: 	SEMICOLON	;		42		9
[DEBUG LAB4]: 	WHILE		while		43		4
[DEBUG LAB4]: 	LPAREN		(		43		9
[DEBUG LAB4]: 	ID		i		43		10		2		0x7f8dd9159c98
[DEBUG LAB4]: 	LESS		<		43		11
[DEBUG LAB4]: 	ID		N		43		12		2		0x7f8dd9159d00
[DEBUG LAB4]: 	RPAREN		)		43		13
[DEBUG LAB4]: 	LBRACE		{		44		4
[DEBUG LAB4]: 	ID		x		45		8		4		0x7f8dd915d2a0
[DEBUG LAB4]: 	ASSIGN		=		45		10
[DEBUG LAB4]: 	ID		c0		45		12		4		0x7f8dd915d308
[DEBUG LAB4]: 	LBRACKET		[		45		14
[DEBUG LAB4]: 	ID		i		45		15		4		0x7f8dd915d370
[DEBUG LAB4]: 	RBRACKET		]		45		16
[DEBUG LAB4]: 	SEMICOLON	;		45		17
[DEBUG LAB4]: 	ID		putint		46		8		4		0x7f8dd915d3d8
[DEBUG LAB4]: 	LPAREN		(		46		14
[DEBUG LAB4]: 	ID		x		46		15		4		0x7f8dd915d2a0
[DEBUG LAB4]: 	RPAREN		)		46		16
[DEBUG LAB4]: 	SEMICOLON	;		46		17
[DEBUG LAB4]: 	ID		i		48		8		4		0x7f8dd915d440
[DEBUG LAB4]: 	ASSIGN		=		48		9
[DEBUG LAB4]: 	ID		i		48		10		4		0x7f8dd915d4a8
[DEBUG LAB4]: 	ADD		+		48		11
[DEBUG LAB4]: 	DECIMIAL		1		48		12
[DEBUG LAB4]: 	SEMICOLON	;		48		13
[DEBUG LAB4]: 	RBRACE		}		49		4
[DEBUG LAB4]: 	ID		x		50		4		4		0x7f8dd915d2a0
[DEBUG LAB4]: 	ASSIGN		=		50		6
[DEBUG LAB4]: 	DECIMIAL		10		50		8
[DEBUG LAB4]: 	SEMICOLON	;		50		10
[DEBUG LAB4]: 	ID		putch		51		4		2		0x7f8dd9159820
[DEBUG LAB4]: 	LPAREN		(		51		9
[DEBUG LAB4]: 	ID		x		51		10		4		0x7f8dd915d2a0
[DEBUG LAB4]: 	RPAREN		)		51		11
[DEBUG LAB4]: 	SEMICOLON	;		51		12
[DEBUG LAB4]: 	ID		i		52		4		2		0x7f8dd9159888
[DEBUG LAB4]: 	ASSIGN		=		52		5
[DEBUG LAB4]: 	DECIMIAL		0		52		6
[DEBUG LAB4]: 	SEMICOLON	;		52		7
[DEBUG LAB4]: 	WHILE		while		53		4
[DEBUG LAB4]: 	LPAREN		(		53		9
[DEBUG LAB4]: 	ID		i		53		10		2		0x7f8dd91598f0
[DEBUG LAB4]: 	LESS		<		53		11
[DEBUG LAB4]: 	ID		N		53		12		2		0x7f8dd9159958
[DEBUG LAB4]: 	RPAREN		)		53		13
[DEBUG LAB4]: 	LBRACE		{		54		4
[DEBUG LAB4]: 	ID		x		55		8		5		0x7f8dd915f320
[DEBUG LAB4]: 	ASSIGN		=		55		10
[DEBUG LAB4]: 	ID		c1		55		12		5		0x7f8dd915f388
[DEBUG LAB4]: 	LBRACKET		[		55		14
[DEBUG LAB4]: 	ID		i		55		15		5		0x7f8dd915f3f0
[DEBUG LAB4]: 	RBRACKET		]		55		16
[DEBUG LAB4]: 	SEMICOLON	;		55		17
[DEBUG LAB4]: 	ID		putint		56		8		5		0x7f8dd915f458
[DEBUG LAB4]: 	LPAREN		(		56		14
[DEBUG LAB4]: 	ID		x		56		15		5		0x7f8dd915f320
[DEBUG LAB4]: 	RPAREN		)		56		16
[DEBUG LAB4]: 	SEMICOLON	;		56		17
[DEBUG LAB4]: 	ID		i		58		8		5		0x7f8dd915f4c0
[DEBUG LAB4]: 	ASSIGN		=		58		9
[DEBUG LAB4]: 	ID		i		58		10		5		0x7f8dd915f528
[DEBUG LAB4]: 	ADD		+		58		11
[DEBUG LAB4]: 	DECIMIAL		1		58		12
[DEBUG LAB4]: 	SEMICOLON	;		58		13
[DEBUG LAB4]: 	RBRACE		}		59		4
[DEBUG LAB4]: 	ID		x		60		4		5		0x7f8dd915f320
[DEBUG LAB4]: 	ASSIGN		=		60		6
[DEBUG LAB4]: 	DECIMIAL		10		60		8
[DEBUG LAB4]: 	SEMICOLON	;		60		10
[DEBUG LAB4]: 	ID		i		61		4		2		0x7f8dd9159820
[DEBUG LAB4]: 	ASSIGN		=		61		5
[DEBUG LAB4]: 	DECIMIAL		0		61		6
[DEBUG LAB4]: 	SEMICOLON	;		61		7
[DEBUG LAB4]: 	ID		putch		62		4		2		0x7f8dd9159888
[DEBUG LAB4]: 	LPAREN		(		62		9
[DEBUG LAB4]: 	ID		x		62		10		5		0x7f8dd915f320
[DEBUG LAB4]: 	RPAREN		)		62		11
[DEBUG LAB4]: 	SEMICOLON	;		62		12
[DEBUG LAB4]: 	WHILE		while		63		4
[DEBUG LAB4]: 	LPAREN		(		63		9
[DEBUG LAB4]: 	ID		i		63		10		2		0x7f8dd91598f0
[DEBUG LAB4]: 	LESS		<		63		11
[DEBUG LAB4]: 	ID		N		63		12		2		0x7f8dd9159958
[DEBUG LAB4]: 	RPAREN		)		63		13
[DEBUG LAB4]: 	LBRACE		{		64		4
[DEBUG LAB4]: 	ID		x		65		8		6		0x7f8dd91613a0
[DEBUG LAB4]: 	ASSIGN		=		65		10
[DEBUG LAB4]: 	ID		c2		65		12		6		0x7f8dd9161408
[DEBUG LAB4]: 	LBRACKET		[		65		14
[DEBUG LAB4]: 	ID		i		65		15		6		0x7f8dd9161470
[DEBUG LAB4]: 	RBRACKET		]		65		16
[DEBUG LAB4]: 	SEMICOLON	;		65		17
[DEBUG LAB4]: 	ID		putint		66		8		6		0x7f8dd91614d8
[DEBUG LAB4]: 	LPAREN		(		66		14
[DEBUG LAB4]: 	ID		x		66		15		6		0x7f8dd91613a0
[DEBUG LAB4]: 	RPAREN		)		66		16
[DEBUG LAB4]: 	SEMICOLON	;		66		17
[DEBUG LAB4]: 	ID		i		68		8		6		0x7f8dd9161540
[DEBUG LAB4]: 	ASSIGN		=		68		9
[DEBUG LAB4]: 	ID		i		68		10		6		0x7f8dd91615a8
[DEBUG LAB4]: 	ADD		+		68		11
[DEBUG LAB4]: 	DECIMIAL		1		68		12
[DEBUG LAB4]: 	SEMICOLON	;		68		13
[DEBUG LAB4]: 	RBRACE		}		69		4
[DEBUG LAB4]: 	ID		x		70		4		6		0x7f8dd91613a0
[DEBUG LAB4]: 	ASSIGN		=		70		6
[DEBUG LAB4]: 	DECIMIAL		10		70		8
[DEBUG LAB4]: 	SEMICOLON	;		70		10
[DEBUG LAB4]: 	ID		putch		71		4		2		0x7f8dd9159820
[DEBUG LAB4]: 	LPAREN		(		71		9
[DEBUG LAB4]: 	ID		x		71		10		6		0x7f8dd91613a0
[DEBUG LAB4]: 	RPAREN		)		71		11
[DEBUG LAB4]: 	SEMICOLON	;		71		12
[DEBUG LAB4]: 	RETURN		return		73		4
[DEBUG LAB4]: 	DECIMIAL		0		73		11
[DEBUG LAB4]: 	SEMICOLON	;		73		12
[DEBUG LAB4]: 	RBRACE		}		74		0
