[DEBUG LAB4]:	Token		Lexeme		Lineno		Offset		Scope		Addr
[DEBUG LAB4]: 	CONST		const		1		0
[DEBUG LAB4]: 	INT		int		1		6
[DEBUG LAB4]: 	ID		MAX_WIDTH		1		10		0		0x7fe15bbc30a0
[DEBUG LAB4]: 	ASSIGN		=		1		20
[DEBUG LAB4]: 	DECIMIAL		1024		1		22
[DEBUG LAB4]: 	COMMA		,		1		26
[DEBUG LAB4]: 	ID		MAX_HEIGHT		1		28		0		0x7fe15bbc3108
[DEBUG LAB4]: 	ASSIGN		=		1		39
[DEBUG LAB4]: 	DECIMIAL		1024		1		41
[DEBUG LAB4]: 	SEMICOLON	;		1		45
[DEBUG LAB4]: 	INT		int		2		0
[DEBUG LAB4]: 	ID		image		2		4		0		0x7fe15bbc3170
[DEBUG LAB4]: 	LBRACKET		[		2		9
[DEBUG LAB4]: 	ID		MAX_WIDTH		2		10		0		0x7fe15bbc30a0
[DEBUG LAB4]: 	MUL		*		2		20
[DEBUG LAB4]: 	ID		MAX_HEIGHT		2		22		0		0x7fe15bbc31d8
[DEBUG LAB4]: 	RBRACKET		]		2		32
[DEBUG LAB4]: 	COMMA		,		2		33
[DEBUG LAB4]: 	ID		width		2		35		0		0x7fe15bbc3240
[DEBUG LAB4]: 	COMMA		,		2		40
[DEBUG LAB4]: 	ID		height		2		42		0		0x7fe15bbc32a8
[DEBUG LAB4]: 	SEMICOLON	;		2		48
[DEBUG LAB4]: 	CONST		const		4		0
[DEBUG LAB4]: 	FLOAT		float		4		6
[DEBUG LAB4]: 	ID		PI		4		12		0		0x7fe15bbc3310
[DEBUG LAB4]: 	ASSIGN		=		4		15
[DEBUG LAB4]: 	DECIMAL_FLOAT	3.141593		4		17
[DEBUG LAB4]: 	COMMA		,		4		30
[DEBUG LAB4]: 	ID		TWO_PI		4		32		0		0x7fe15bbc3378
[DEBUG LAB4]: 	ASSIGN		=		4		39
[DEBUG LAB4]: 	DECIMAL_FLOAT	6.283185		4		41
[DEBUG LAB4]: 	COMMA		,		4		54
[DEBUG LAB4]: 	ID		EPSILON		4		56		0		0x7fe15bbc33e0
[DEBUG LAB4]: 	ASSIGN		=		4		64
[DEBUG LAB4]: 	DECIMAL_FLOAT	0.000001		4		66
[DEBUG LAB4]: 	SEMICOLON	;		4		70
[DEBUG LAB4]: 	FLOAT		float		6		0
[DEBUG LAB4]: 	ID		my_fabs		6		6		0		0x7fe15bbc3448
[DEBUG LAB4]: 	LPAREN		(		6		13
[DEBUG LAB4]: 	FLOAT		float		6		14
[DEBUG LAB4]: 	ID		x		6		20		0		0x7fe15bbc34b0
[DEBUG LAB4]: 	RPAREN		)		6		21
[DEBUG LAB4]: 	LBRACE		{		6		23
[DEBUG LAB4]: 	IF		if		7		2
[DEBUG LAB4]: 	LPAREN		(		7		5
[DEBUG LAB4]: 	ID		x		7		6		1		0x7fe15bbc5120
[DEBUG LAB4]: 	GREATER		>		7		8
[DEBUG LAB4]: 	DECIMIAL		0		7		10
[DEBUG LAB4]: 	RPAREN		)		7		11
[DEBUG LAB4]: 	RETURN		return		7		13
[DEBUG LAB4]: 	ID		x		7		20		1		0x7fe15bbc5120
[DEBUG LAB4]: 	SEMICOLON	;		7		21
[DEBUG LAB4]: 	RETURN		return		8		2
[DEBUG LAB4]: 	MINUS		-		8		9
[DEBUG LAB4]: 	ID		x		8		10		1		0x7fe15bbc5120
[DEBUG LAB4]: 	SEMICOLON	;		8		11
[DEBUG LAB4]: 	RBRACE		}		9		0
[DEBUG LAB4]: 	FLOAT		float		11		0
[DEBUG LAB4]: 	ID		p		11		6		0		0x7fe15bbc3518
[DEBUG LAB4]: 	LPAREN		(		11		7
[DEBUG LAB4]: 	FLOAT		float		11		8
[DEBUG LAB4]: 	ID		x		11		14		1		0x7fe15bbc5120
[DEBUG LAB4]: 	RPAREN		)		11		15
[DEBUG LAB4]: 	LBRACE		{		11		17
[DEBUG LAB4]: 	RETURN		return		11		19
[DEBUG LAB4]: 	DECIMIAL		3		11		26
[DEBUG LAB4]: 	MUL		*		11		28
[DEBUG LAB4]: 	ID		x		11		30		2		0x7fe15bbc71a0
[DEBUG LAB4]: 	MINUS		-		11		32
[DEBUG LAB4]: 	DECIMIAL		4		11		34
[DEBUG LAB4]: 	MUL		*		11		36
[DEBUG LAB4]: 	ID		x		11		38		2		0x7fe15bbc71a0
[DEBUG LAB4]: 	MUL		*		11		40
[DEBUG LAB4]: 	ID		x		11		42		2		0x7fe15bbc71a0
[DEBUG LAB4]: 	MUL		*		11		44
[DEBUG LAB4]: 	ID		x		11		46		2		0x7fe15bbc71a0
[DEBUG LAB4]: 	SEMICOLON	;		11		47
[DEBUG LAB4]: 	RBRACE		}		11		49
[DEBUG LAB4]: 	FLOAT		float		13		0
[DEBUG LAB4]: 	ID		my_sin_impl		13		6		0		0x7fe15bbc3518
[DEBUG LAB4]: 	LPAREN		(		13		17
[DEBUG LAB4]: 	FLOAT		float		13		18
[DEBUG LAB4]: 	ID		x		13		24		2		0x7fe15bbc71a0
[DEBUG LAB4]: 	RPAREN		)		13		25
[DEBUG LAB4]: 	LBRACE		{		13		27
[DEBUG LAB4]: 	IF		if		14		2
[DEBUG LAB4]: 	LPAREN		(		14		5
[DEBUG LAB4]: 	ID		my_fabs		14		6		3		0x7fe15bbc9220
[DEBUG LAB4]: 	LPAREN		(		14		13
[DEBUG LAB4]: 	ID		x		14		14		3		0x7fe15bbc9288
[DEBUG LAB4]: 	RPAREN		)		14		15
[DEBUG LAB4]: 	LESSEQUAL		<=		14		17
[DEBUG LAB4]: 	ID		EPSILON		14		20		3		0x7fe15bbc92f0
[DEBUG LAB4]: 	RPAREN		)		14		27
[DEBUG LAB4]: 	RETURN		return		14		29
[DEBUG LAB4]: 	ID		x		14		36		3		0x7fe15bbc9358
[DEBUG LAB4]: 	SEMICOLON	;		14		37
[DEBUG LAB4]: 	RETURN		return		15		2
[DEBUG LAB4]: 	ID		p		15		9		3		0x7fe15bbc93c0
[DEBUG LAB4]: 	LPAREN		(		15		10
[DEBUG LAB4]: 	ID		my_sin_impl		15		11		3		0x7fe15bbc9428
[DEBUG LAB4]: 	LPAREN		(		15		22
[DEBUG LAB4]: 	ID		x		15		23		3		0x7fe15bbc9490
[DEBUG LAB4]: 	DIV		/		15		25
[DEBUG LAB4]: 	DECIMAL_FLOAT	3.000000		15		27
[DEBUG LAB4]: 	RPAREN		)		15		30
[DEBUG LAB4]: 	RPAREN		)		15		31
[DEBUG LAB4]: 	SEMICOLON	;		15		32
[DEBUG LAB4]: 	RBRACE		}		16		0
[DEBUG LAB4]: 	FLOAT		float		18		0
[DEBUG LAB4]: 	ID		my_sin		18		6		0		0x7fe15bbc3518
[DEBUG LAB4]: 	LPAREN		(		18		12
[DEBUG LAB4]: 	FLOAT		float		18		13
[DEBUG LAB4]: 	ID		x		18		19		0		0x7fe15bbc3580
[DEBUG LAB4]: 	RPAREN		)		18		20
[DEBUG LAB4]: 	LBRACE		{		18		22
[DEBUG LAB4]: 	IF		if		19		2
[DEBUG LAB4]: 	LPAREN		(		19		5
[DEBUG LAB4]: 	ID		x		19		6		4		0x7fe15bbcb2a0
[DEBUG LAB4]: 	GREATER		>		19		8
[DEBUG LAB4]: 	ID		TWO_PI		19		10		4		0x7fe15bbcb308
[DEBUG LAB4]: 	OR		||		19		17
[DEBUG LAB4]: 	ID		x		19		20		4		0x7fe15bbcb2a0
[DEBUG LAB4]: 	LESS		<		19		22
[DEBUG LAB4]: 	MINUS		-		19		24
[DEBUG LAB4]: 	ID		TWO_PI		19		25		4		0x7fe15bbcb370
[DEBUG LAB4]: 	RPAREN		)		19		31
[DEBUG LAB4]: 	LBRACE		{		19		33
[DEBUG LAB4]: 	INT		int		20		4
[DEBUG LAB4]: 	ID		xx		20		8		5		0x7fe15bbcd320
[DEBUG LAB4]: 	ASSIGN		=		20		11
[DEBUG LAB4]: 	ID		x		20		13		5		0x7fe15bbcd388
[DEBUG LAB4]: 	DIV		/		20		15
[DEBUG LAB4]: 	ID		TWO_PI		20		17		5		0x7fe15bbcd3f0
[DEBUG LAB4]: 	SEMICOLON	;		20		23
[DEBUG LAB4]: 	ID		x		21		4		5		0x7fe15bbcd458
[DEBUG LAB4]: 	ASSIGN		=		21		6
[DEBUG LAB4]: 	ID		x		21		8		5		0x7fe15bbcd4c0
[DEBUG LAB4]: 	MINUS		-		21		10
[DEBUG LAB4]: 	ID		xx		21		12		5		0x7fe15bbcd320
[DEBUG LAB4]: 	MUL		*		21		15
[DEBUG LAB4]: 	ID		TWO_PI		21		17		5		0x7fe15bbcd528
[DEBUG LAB4]: 	SEMICOLON	;		21		23
[DEBUG LAB4]: 	RBRACE		}		22		2
[DEBUG LAB4]: 	IF		if		23		2
[DEBUG LAB4]: 	LPAREN		(		23		5
[DEBUG LAB4]: 	ID		x		23		6		4		0x7fe15bbcb3d8
[DEBUG LAB4]: 	GREATER		>		23		8
[DEBUG LAB4]: 	ID		PI		23		10		4		0x7fe15bbcb440
[DEBUG LAB4]: 	RPAREN		)		23		12
[DEBUG LAB4]: 	ID		x		23		14		4		0x7fe15bbcb4a8
[DEBUG LAB4]: 	ASSIGN		=		23		16
[DEBUG LAB4]: 	ID		x		23		18		4		0x7fe15bbcb510
[DEBUG LAB4]: 	MINUS		-		23		20
[DEBUG LAB4]: 	ID		TWO_PI		23		22		4		0x7fe15bbcb578
[DEBUG LAB4]: 	SEMICOLON	;		23		28
[DEBUG LAB4]: 	IF		if		24		2
[DEBUG LAB4]: 	LPAREN		(		24		5
[DEBUG LAB4]: 	ID		x		24		6		4		0x7fe15bbcb5e0
[DEBUG LAB4]: 	LESS		<		24		8
[DEBUG LAB4]: 	MINUS		-		24		10
[DEBUG LAB4]: 	ID		PI		24		11		4		0x7fe15bbcb648
[DEBUG LAB4]: 	RPAREN		)		24		13
[DEBUG LAB4]: 	ID		x		24		15		4		0x7fe15bbcb6b0
[DEBUG LAB4]: 	ASSIGN		=		24		17
[DEBUG LAB4]: 	ID		x		24		19		4		0x7fe15bbcb718
[DEBUG LAB4]: 	ADD		+		24		21
[DEBUG LAB4]: 	ID		TWO_PI		24		23		4		0x7fe15bbcb780
[DEBUG LAB4]: 	SEMICOLON	;		24		29
[DEBUG LAB4]: 	RETURN		return		25		2
[DEBUG LAB4]: 	ID		my_sin_impl		25		9		4		0x7fe15bbcb7e8
[DEBUG LAB4]: 	LPAREN		(		25		20
[DEBUG LAB4]: 	ID		x		25		21		4		0x7fe15bbcb850
[DEBUG LAB4]: 	RPAREN		)		25		22
[DEBUG LAB4]: 	SEMICOLON	;		25		23
[DEBUG LAB4]: 	RBRACE		}		26		0
[DEBUG LAB4]: 	FLOAT		float		28		0
[DEBUG LAB4]: 	ID		my_cos		28		6		0		0x7fe15bbc3518
[DEBUG LAB4]: 	LPAREN		(		28		12
[DEBUG LAB4]: 	FLOAT		float		28		13
[DEBUG LAB4]: 	ID		x		28		19		0		0x7fe15bbc3580
[DEBUG LAB4]: 	RPAREN		)		28		20
[DEBUG LAB4]: 	LBRACE		{		28		22
[DEBUG LAB4]: 	RETURN		return		28		24
[DEBUG LAB4]: 	ID		my_sin		28		31		6		0x7fe15bbcf3a0
[DEBUG LAB4]: 	LPAREN		(		28		37
[DEBUG LAB4]: 	ID		x		28		38		6		0x7fe15bbcf408
[DEBUG LAB4]: 	ADD		+		28		40
[DEBUG LAB4]: 	ID		PI		28		42		6		0x7fe15bbcf470
[DEBUG LAB4]: 	DIV		/		28		45
[DEBUG LAB4]: 	DECIMIAL		2		28		47
[DEBUG LAB4]: 	RPAREN		)		28		48
[DEBUG LAB4]: 	SEMICOLON	;		28		49
[DEBUG LAB4]: 	RBRACE		}		28		51
[DEBUG LAB4]: 	INT		int		30		0
[DEBUG LAB4]: 	ID		read_image		30		4		0		0x7fe15bbc3518
[DEBUG LAB4]: 	LPAREN		(		30		14
[DEBUG LAB4]: 	RPAREN		)		30		15
[DEBUG LAB4]: 	LBRACE		{		30		17
[DEBUG LAB4]: 	IF		if		31		2
[DEBUG LAB4]: 	LPAREN		(		31		5
[DEBUG LAB4]: 	ID		getch		31		6		7		0x7fe15bbd1420
[DEBUG LAB4]: 	LPAREN		(		31		11
[DEBUG LAB4]: 	RPAREN		)		31		12
[DEBUG LAB4]: 	NOTEQUAL		!=		31		14
[DEBUG LAB4]: 	DECIMIAL		80		31		17
[DEBUG LAB4]: 	OR		||		31		20
[DEBUG LAB4]: 	ID		getch		31		23		7		0x7fe15bbd1420
[DEBUG LAB4]: 	LPAREN		(		31		28
[DEBUG LAB4]: 	RPAREN		)		31		29
[DEBUG LAB4]: 	NOTEQUAL		!=		31		31
[DEBUG LAB4]: 	DECIMIAL		50		31		34
[DEBUG LAB4]: 	RPAREN		)		31		36
[DEBUG LAB4]: 	RETURN		return		31		38
[DEBUG LAB4]: 	MINUS		-		31		45
[DEBUG LAB4]: 	DECIMIAL		1		31		46
[DEBUG LAB4]: 	SEMICOLON	;		31		47
[DEBUG LAB4]: 	ID		width		32		2		7		0x7fe15bbd1488
[DEBUG LAB4]: 	ASSIGN		=		32		8
[DEBUG LAB4]: 	ID		getint		32		10		7		0x7fe15bbd14f0
[DEBUG LAB4]: 	LPAREN		(		32		16
[DEBUG LAB4]: 	RPAREN		)		32		17
[DEBUG LAB4]: 	SEMICOLON	;		32		18
[DEBUG LAB4]: 	ID		height		33		2		7		0x7fe15bbd1558
[DEBUG LAB4]: 	ASSIGN		=		33		9
[DEBUG LAB4]: 	ID		getint		33		11		7		0x7fe15bbd15c0
[DEBUG LAB4]: 	LPAREN		(		33		17
[DEBUG LAB4]: 	RPAREN		)		33		18
[DEBUG LAB4]: 	SEMICOLON	;		33		19
[DEBUG LAB4]: 	IF		if		34		2
[DEBUG LAB4]: 	LPAREN		(		34		5
[DEBUG LAB4]: 	ID		width		34		6		7		0x7fe15bbd1628
[DEBUG LAB4]: 	GREATER		>		34		12
[DEBUG LAB4]: 	ID		MAX_WIDTH		34		14		7		0x7fe15bbd1690
[DEBUG LAB4]: 	OR		||		34		24
[DEBUG LAB4]: 	ID		height		34		27		7		0x7fe15bbd16f8
[DEBUG LAB4]: 	GREATER		>		34		34
[DEBUG LAB4]: 	ID		MAX_HEIGHT		34		36		7		0x7fe15bbd1760
[DEBUG LAB4]: 	OR		||		34		47
[DEBUG LAB4]: 	ID		getint		34		50		7		0x7fe15bbd17c8
[DEBUG LAB4]: 	LPAREN		(		34		56
[DEBUG LAB4]: 	RPAREN		)		34		57
[DEBUG LAB4]: 	NOTEQUAL		!=		34		59
[DEBUG LAB4]: 	DECIMIAL		255		34		62
[DEBUG LAB4]: 	RPAREN		)		34		65
[DEBUG LAB4]: 	RETURN		return		34		67
[DEBUG LAB4]: 	MINUS		-		34		74
[DEBUG LAB4]: 	DECIMIAL		1		34		75
[DEBUG LAB4]: 	SEMICOLON	;		34		76
[DEBUG LAB4]: 	INT		int		35		2
[DEBUG LAB4]: 	ID		y		35		6		7		0x7fe15bbd1830
[DEBUG LAB4]: 	ASSIGN		=		35		8
[DEBUG LAB4]: 	DECIMIAL		0		35		10
[DEBUG LAB4]: 	SEMICOLON	;		35		11
[DEBUG LAB4]: 	WHILE		while		36		2
[DEBUG LAB4]: 	LPAREN		(		36		8
[DEBUG LAB4]: 	ID		y		36		9		7		0x7fe15bbd1898
[DEBUG LAB4]: 	LESS		<		36		11
[DEBUG LAB4]: 	ID		height		36		13		7		0x7fe15bbd1900
[DEBUG LAB4]: 	RPAREN		)		36		19
[DEBUG LAB4]: 	LBRACE		{		36		21
[DEBUG LAB4]: 	INT		int		37		4
[DEBUG LAB4]: 	ID		x		37		8		8		0x7fe15bbd34a0
[DEBUG LAB4]: 	ASSIGN		=		37		10
[DEBUG LAB4]: 	DECIMIAL		0		37		12
[DEBUG LAB4]: 	SEMICOLON	;		37		13
[DEBUG LAB4]: 	WHILE		while		38		4
[DEBUG LAB4]: 	LPAREN		(		38		10
[DEBUG LAB4]: 	ID		x		38		11		8		0x7fe15bbd34a0
[DEBUG LAB4]: 	LESS		<		38		13
[DEBUG LAB4]: 	ID		width		38		15		8		0x7fe15bbd3508
[DEBUG LAB4]: 	RPAREN		)		38		20
[DEBUG LAB4]: 	LBRACE		{		38		22
[DEBUG LAB4]: 	ID		image		39		6		9		0x7fe15bbd5520
[DEBUG LAB4]: 	LBRACKET		[		39		11
[DEBUG LAB4]: 	ID		y		39		12		9		0x7fe15bbd5588
[DEBUG LAB4]: 	MUL		*		39		14
[DEBUG LAB4]: 	ID		width		39		16		9		0x7fe15bbd55f0
[DEBUG LAB4]: 	ADD		+		39		22
[DEBUG LAB4]: 	ID		x		39		24		9		0x7fe15bbd5658
[DEBUG LAB4]: 	RBRACKET		]		39		25
[DEBUG LAB4]: 	ASSIGN		=		39		27
[DEBUG LAB4]: 	ID		getint		39		29		9		0x7fe15bbd56c0
[DEBUG LAB4]: 	LPAREN		(		39		35
[DEBUG LAB4]: 	RPAREN		)		39		36
[DEBUG LAB4]: 	SEMICOLON	;		39		37
[DEBUG LAB4]: 	ID		x		40		6		9		0x7fe15bbd5728
[DEBUG LAB4]: 	ASSIGN		=		40		8
[DEBUG LAB4]: 	ID		x		40		10		9		0x7fe15bbd5790
[DEBUG LAB4]: 	ADD		+		40		12
[DEBUG LAB4]: 	DECIMIAL		1		40		14
[DEBUG LAB4]: 	SEMICOLON	;		40		15
[DEBUG LAB4]: 	RBRACE		}		41		4
[DEBUG LAB4]: 	ID		y		42		4		8		0x7fe15bbd3570
[DEBUG LAB4]: 	ASSIGN		=		42		6
[DEBUG LAB4]: 	ID		y		42		8		8		0x7fe15bbd35d8
[DEBUG LAB4]: 	ADD		+		42		10
[DEBUG LAB4]: 	DECIMIAL		1		42		12
[DEBUG LAB4]: 	SEMICOLON	;		42		13
[DEBUG LAB4]: 	RBRACE		}		43		2
[DEBUG LAB4]: 	RETURN		return		44		2
[DEBUG LAB4]: 	DECIMIAL		0		44		9
[DEBUG LAB4]: 	SEMICOLON	;		44		10
[DEBUG LAB4]: 	RBRACE		}		45		0
[DEBUG LAB4]: 	INT		int		47		0
[DEBUG LAB4]: 	ID		rotate		47		4		0		0x7fe15bbc3518
[DEBUG LAB4]: 	LPAREN		(		47		10
[DEBUG LAB4]: 	INT		int		47		11
[DEBUG LAB4]: 	ID		x		47		15		0		0x7fe15bbc3580
[DEBUG LAB4]: 	COMMA		,		47		16
[DEBUG LAB4]: 	INT		int		47		18
[DEBUG LAB4]: 	ID		y		47		22		0		0x7fe15bbc35e8
[DEBUG LAB4]: 	COMMA		,		47		23
[DEBUG LAB4]: 	FLOAT		float		47		25
[DEBUG LAB4]: 	ID		rad		47		31		0		0x7fe15bbc3650
[DEBUG LAB4]: 	RPAREN		)		47		34
[DEBUG LAB4]: 	LBRACE		{		47		36
[DEBUG LAB4]: 	FLOAT		float		48		2
[DEBUG LAB4]: 	ID		sinma		48		8		10		0x7fe15bbd75a0
[DEBUG LAB4]: 	ASSIGN		=		48		14
[DEBUG LAB4]: 	ID		my_sin		48		16		10		0x7fe15bbd7608
[DEBUG LAB4]: 	LPAREN		(		48		22
[DEBUG LAB4]: 	ID		rad		48		23		10		0x7fe15bbd7670
[DEBUG LAB4]: 	RPAREN		)		48		26
[DEBUG LAB4]: 	COMMA		,		48		27
[DEBUG LAB4]: 	ID		cosma		48		29		10		0x7fe15bbd76d8
[DEBUG LAB4]: 	ASSIGN		=		48		35
[DEBUG LAB4]: 	ID		my_cos		48		37		10		0x7fe15bbd7740
[DEBUG LAB4]: 	LPAREN		(		48		43
[DEBUG LAB4]: 	ID		rad		48		44		10		0x7fe15bbd77a8
[DEBUG LAB4]: 	RPAREN		)		48		47
[DEBUG LAB4]: 	SEMICOLON	;		48		48
[DEBUG LAB4]: 	INT		int		49		2
[DEBUG LAB4]: 	ID		hwidth		49		6		10		0x7fe15bbd7810
[DEBUG LAB4]: 	ASSIGN		=		49		13
[DEBUG LAB4]: 	ID		width		49		15		10		0x7fe15bbd7878
[DEBUG LAB4]: 	DIV		/		49		21
[DEBUG LAB4]: 	DECIMIAL		2		49		23
[DEBUG LAB4]: 	COMMA		,		49		24
[DEBUG LAB4]: 	ID		hheight		49		26		10		0x7fe15bbd78e0
[DEBUG LAB4]: 	ASSIGN		=		49		34
[DEBUG LAB4]: 	ID		height		49		36		10		0x7fe15bbd7948
[DEBUG LAB4]: 	DIV		/		49		43
[DEBUG LAB4]: 	DECIMIAL		2		49		45
[DEBUG LAB4]: 	SEMICOLON	;		49		46
[DEBUG LAB4]: 	INT		int		50		2
[DEBUG LAB4]: 	ID		xt		50		6		10		0x7fe15bbd79b0
[DEBUG LAB4]: 	ASSIGN		=		50		9
[DEBUG LAB4]: 	ID		x		50		11		10		0x7fe15bbd7a18
[DEBUG LAB4]: 	MINUS		-		50		13
[DEBUG LAB4]: 	ID		hwidth		50		15		10		0x7fe15bbd7a80
[DEBUG LAB4]: 	COMMA		,		50		21
[DEBUG LAB4]: 	ID		yt		50		23		10		0x7fe15bbd7ae8
[DEBUG LAB4]: 	ASSIGN		=		50		26
[DEBUG LAB4]: 	ID		y		50		28		10		0x7fe15bbd7b50
[DEBUG LAB4]: 	MINUS		-		50		30
[DEBUG LAB4]: 	ID		hheight		50		32		10		0x7fe15bbd7bb8
[DEBUG LAB4]: 	SEMICOLON	;		50		39
[DEBUG LAB4]: 	INT		int		51		2
[DEBUG LAB4]: 	ID		src_x		51		6		10		0x7fe15bbd7c20
[DEBUG LAB4]: 	ASSIGN		=		51		12
[DEBUG LAB4]: 	ID		xt		51		14		10		0x7fe15bbd7c88
[DEBUG LAB4]: 	MUL		*		51		17
[DEBUG LAB4]: 	ID		cosma		51		19		10		0x7fe15bbd7cf0
[DEBUG LAB4]: 	MINUS		-		51		25
[DEBUG LAB4]: 	ID		yt		51		27		10		0x7fe15bbd7d58
[DEBUG LAB4]: 	MUL		*		51		30
[DEBUG LAB4]: 	ID		sinma		51		32		10		0x7fe15bbd75a0
[DEBUG LAB4]: 	ADD		+		51		38
[DEBUG LAB4]: 	ID		hwidth		51		40		10		0x7fe15bbd7dc0
[DEBUG LAB4]: 	COMMA		,		51		46
[DEBUG LAB4]: 	ID		src_y		52		6		10		0x7fe15bbd7e28
[DEBUG LAB4]: 	ASSIGN		=		52		12
[DEBUG LAB4]: 	ID		xt		52		14		10		0x7fe15bbd7e90
[DEBUG LAB4]: 	MUL		*		52		17
[DEBUG LAB4]: 	ID		sinma		52		19		10		0x7fe15bbd75a0
[DEBUG LAB4]: 	ADD		+		52		25
[DEBUG LAB4]: 	ID		yt		52		27		10		0x7fe15bbd7ef8
[DEBUG LAB4]: 	MUL		*		52		30
[DEBUG LAB4]: 	ID		cosma		52		32		10		0x7fe15bbd7f60
[DEBUG LAB4]: 	ADD		+		52		38
[DEBUG LAB4]: 	ID		hheight		52		40		10		0x7fe15bbd7fc8
[DEBUG LAB4]: 	SEMICOLON	;		52		47
[DEBUG LAB4]: 	IF		if		53		2
[DEBUG LAB4]: 	LPAREN		(		53		5
[DEBUG LAB4]: 	ID		src_x		53		6		10		0x7fe15bbd8030
[DEBUG LAB4]: 	LESS		<		53		12
[DEBUG LAB4]: 	DECIMIAL		0		53		14
[DEBUG LAB4]: 	OR		||		53		16
[DEBUG LAB4]: 	ID		src_x		53		19		10		0x7fe15bbd8098
[DEBUG LAB4]: 	GREATEREQUAL		<=		53		25
[DEBUG LAB4]: 	ID		width		53		28		10		0x7fe15bbd8100
[DEBUG LAB4]: 	OR		||		53		34
[DEBUG LAB4]: 	ID		src_y		53		37		10		0x7fe15bbd8168
[DEBUG LAB4]: 	LESS		<		53		43
[DEBUG LAB4]: 	DECIMIAL		0		53		45
[DEBUG LAB4]: 	OR		||		53		47
[DEBUG LAB4]: 	ID		src_y		53		50		10		0x7fe15bbd81d0
[DEBUG LAB4]: 	GREATEREQUAL		<=		53		56
[DEBUG LAB4]: 	ID		height		53		59		10		0x7fe15bbd8238
[DEBUG LAB4]: 	RPAREN		)		53		65
[DEBUG LAB4]: 	RETURN		return		53		67
[DEBUG LAB4]: 	DECIMIAL		0		53		74
[DEBUG LAB4]: 	SEMICOLON	;		53		75
[DEBUG LAB4]: 	RETURN		return		54		2
[DEBUG LAB4]: 	ID		image		54		9		10		0x7fe15bbd82a0
[DEBUG LAB4]: 	LBRACKET		[		54		14
[DEBUG LAB4]: 	ID		src_y		54		15		10		0x7fe15bbd8308
[DEBUG LAB4]: 	MUL		*		54		21
[DEBUG LAB4]: 	ID		width		54		23		10		0x7fe15bbd8370
[DEBUG LAB4]: 	ADD		+		54		29
[DEBUG LAB4]: 	ID		src_x		54		31		10		0x7fe15bbd83d8
[DEBUG LAB4]: 	RBRACKET		]		54		36
[DEBUG LAB4]: 	SEMICOLON	;		54		37
[DEBUG LAB4]: 	RBRACE		}		55		0
[DEBUG LAB4]: 	VOID		void		57		0
[DEBUG LAB4]: 	ID		write_pgm		57		5		0		0x7fe15bbc3518
[DEBUG LAB4]: 	LPAREN		(		57		14
[DEBUG LAB4]: 	FLOAT		float		57		15
[DEBUG LAB4]: 	ID		rad		57		21		0		0x7fe15bbc3580
[DEBUG LAB4]: 	RPAREN		)		57		24
[DEBUG LAB4]: 	LBRACE		{		57		26
[DEBUG LAB4]: 	ID		putch		58		2		11		0x7fe15bbd9620
[DEBUG LAB4]: 	LPAREN		(		58		7
[DEBUG LAB4]: 	DECIMIAL		80		58		8
[DEBUG LAB4]: 	RPAREN		)		58		10
[DEBUG LAB4]: 	SEMICOLON	;		58		11
[DEBUG LAB4]: 	ID		putch		58		13		11		0x7fe15bbd9620
[DEBUG LAB4]: 	LPAREN		(		58		18
[DEBUG LAB4]: 	DECIMIAL		50		58		19
[DEBUG LAB4]: 	RPAREN		)		58		21
[DEBUG LAB4]: 	SEMICOLON	;		58		22
[DEBUG LAB4]: 	ID		putch		58		24		11		0x7fe15bbd9620
[DEBUG LAB4]: 	LPAREN		(		58		29
[DEBUG LAB4]: 	DECIMIAL		10		58		30
[DEBUG LAB4]: 	RPAREN		)		58		32
[DEBUG LAB4]: 	SEMICOLON	;		58		33
[DEBUG LAB4]: 	ID		putint		59		2		11		0x7fe15bbd9688
[DEBUG LAB4]: 	LPAREN		(		59		8
[DEBUG LAB4]: 	ID		width		59		9		11		0x7fe15bbd96f0
[DEBUG LAB4]: 	RPAREN		)		59		14
[DEBUG LAB4]: 	SEMICOLON	;		59		15
[DEBUG LAB4]: 	ID		putch		59		17		11		0x7fe15bbd9620
[DEBUG LAB4]: 	LPAREN		(		59		22
[DEBUG LAB4]: 	DECIMIAL		32		59		23
[DEBUG LAB4]: 	RPAREN		)		59		25
[DEBUG LAB4]: 	SEMICOLON	;		59		26
[DEBUG LAB4]: 	ID		putint		59		28		11		0x7fe15bbd9758
[DEBUG LAB4]: 	LPAREN		(		59		34
[DEBUG LAB4]: 	ID		height		59		35		11		0x7fe15bbd97c0
[DEBUG LAB4]: 	RPAREN		)		59		41
[DEBUG LAB4]: 	SEMICOLON	;		59		42
[DEBUG LAB4]: 	ID		putch		59		44		11		0x7fe15bbd9620
[DEBUG LAB4]: 	LPAREN		(		59		49
[DEBUG LAB4]: 	DECIMIAL		32		59		50
[DEBUG LAB4]: 	RPAREN		)		59		52
[DEBUG LAB4]: 	SEMICOLON	;		59		53
[DEBUG LAB4]: 	ID		putint		60		2		11		0x7fe15bbd9828
[DEBUG LAB4]: 	LPAREN		(		60		8
[DEBUG LAB4]: 	DECIMIAL		255		60		9
[DEBUG LAB4]: 	RPAREN		)		60		12
[DEBUG LAB4]: 	SEMICOLON	;		60		13
[DEBUG LAB4]: 	ID		putch		60		15		11		0x7fe15bbd9620
[DEBUG LAB4]: 	LPAREN		(		60		20
[DEBUG LAB4]: 	DECIMIAL		10		60		21
[DEBUG LAB4]: 	RPAREN		)		60		23
[DEBUG LAB4]: 	SEMICOLON	;		60		24
[DEBUG LAB4]: 	INT		int		61		2
[DEBUG LAB4]: 	ID		y		61		6		11		0x7fe15bbd9890
[DEBUG LAB4]: 	ASSIGN		=		61		8
[DEBUG LAB4]: 	DECIMIAL		0		61		10
[DEBUG LAB4]: 	SEMICOLON	;		61		11
[DEBUG LAB4]: 	WHILE		while		62		2
[DEBUG LAB4]: 	LPAREN		(		62		8
[DEBUG LAB4]: 	ID		y		62		9		11		0x7fe15bbd98f8
[DEBUG LAB4]: 	LESS		<		62		11
[DEBUG LAB4]: 	ID		height		62		13		11		0x7fe15bbd9960
[DEBUG LAB4]: 	RPAREN		)		62		19
[DEBUG LAB4]: 	LBRACE		{		62		21
[DEBUG LAB4]: 	INT		int		63		4
[DEBUG LAB4]: 	ID		x		63		8		12		0x7fe15bbdb6a0
[DEBUG LAB4]: 	ASSIGN		=		63		10
[DEBUG LAB4]: 	DECIMIAL		0		63		12
[DEBUG LAB4]: 	SEMICOLON	;		63		13
[DEBUG LAB4]: 	WHILE		while		64		4
[DEBUG LAB4]: 	LPAREN		(		64		10
[DEBUG LAB4]: 	ID		x		64		11		12		0x7fe15bbdb6a0
[DEBUG LAB4]: 	LESS		<		64		13
[DEBUG LAB4]: 	ID		width		64		15		12		0x7fe15bbdb708
[DEBUG LAB4]: 	RPAREN		)		64		20
[DEBUG LAB4]: 	LBRACE		{		64		22
[DEBUG LAB4]: 	ID		putint		65		6		13		0x7fe15bbdd720
[DEBUG LAB4]: 	LPAREN		(		65		12
[DEBUG LAB4]: 	ID		rotate		65		13		13		0x7fe15bbdd788
[DEBUG LAB4]: 	LPAREN		(		65		19
[DEBUG LAB4]: 	ID		x		65		20		13		0x7fe15bbdd7f0
[DEBUG LAB4]: 	COMMA		,		65		21
[DEBUG LAB4]: 	ID		y		65		23		13		0x7fe15bbdd858
[DEBUG LAB4]: 	COMMA		,		65		24
[DEBUG LAB4]: 	ID		rad		65		26		13		0x7fe15bbdd8c0
[DEBUG LAB4]: 	RPAREN		)		65		29
[DEBUG LAB4]: 	RPAREN		)		65		30
[DEBUG LAB4]: 	SEMICOLON	;		65		31
[DEBUG LAB4]: 	ID		putch		66		6		13		0x7fe15bbdd928
[DEBUG LAB4]: 	LPAREN		(		66		11
[DEBUG LAB4]: 	DECIMIAL		32		66		12
[DEBUG LAB4]: 	RPAREN		)		66		14
[DEBUG LAB4]: 	SEMICOLON	;		66		15
[DEBUG LAB4]: 	ID		x		67		6		13		0x7fe15bbdd990
[DEBUG LAB4]: 	ASSIGN		=		67		8
[DEBUG LAB4]: 	ID		x		67		10		13		0x7fe15bbdd9f8
[DEBUG LAB4]: 	ADD		+		67		12
[DEBUG LAB4]: 	DECIMIAL		1		67		14
[DEBUG LAB4]: 	SEMICOLON	;		67		15
[DEBUG LAB4]: 	RBRACE		}		68		4
[DEBUG LAB4]: 	ID		putch		69		4		12		0x7fe15bbdb770
[DEBUG LAB4]: 	LPAREN		(		69		9
[DEBUG LAB4]: 	DECIMIAL		10		69		10
[DEBUG LAB4]: 	RPAREN		)		69		12
[DEBUG LAB4]: 	SEMICOLON	;		69		13
[DEBUG LAB4]: 	ID		y		70		4		12		0x7fe15bbdb7d8
[DEBUG LAB4]: 	ASSIGN		=		70		6
[DEBUG LAB4]: 	ID		y		70		8		12		0x7fe15bbdb840
[DEBUG LAB4]: 	ADD		+		70		10
[DEBUG LAB4]: 	DECIMIAL		1		70		12
[DEBUG LAB4]: 	SEMICOLON	;		70		13
[DEBUG LAB4]: 	RBRACE		}		71		2
[DEBUG LAB4]: 	RBRACE		}		72		0
[DEBUG LAB4]: 	INT		int		74		0
[DEBUG LAB4]: 	ID		main		74		4		0		0x7fe15bbc3518
[DEBUG LAB4]: 	LPAREN		(		74		8
[DEBUG LAB4]: 	RPAREN		)		74		9
[DEBUG LAB4]: 	LBRACE		{		74		11
[DEBUG LAB4]: 	FLOAT		float		75		2
[DEBUG LAB4]: 	ID		rad		75		8		14		0x7fe15bbdf7a0
[DEBUG LAB4]: 	ASSIGN		=		75		12
[DEBUG LAB4]: 	ID		getfloat		75		14		14		0x7fe15bbdf808
[DEBUG LAB4]: 	LPAREN		(		75		22
[DEBUG LAB4]: 	RPAREN		)		75		23
[DEBUG LAB4]: 	SEMICOLON	;		75		24
[DEBUG LAB4]: 	ID		getch		76		2		14		0x7fe15bbdf870
[DEBUG LAB4]: 	LPAREN		(		76		7
[DEBUG LAB4]: 	RPAREN		)		76		8
[DEBUG LAB4]: 	SEMICOLON	;		76		9
[DEBUG LAB4]: 	IF		if		77		2
[DEBUG LAB4]: 	LPAREN		(		77		5
[DEBUG LAB4]: 	ID		read_image		77		6		14		0x7fe15bbdf8d8
[DEBUG LAB4]: 	LPAREN		(		77		16
[DEBUG LAB4]: 	RPAREN		)		77		17
[DEBUG LAB4]: 	LESS		<		77		19
[DEBUG LAB4]: 	DECIMIAL		0		77		21
[DEBUG LAB4]: 	RPAREN		)		77		22
[DEBUG LAB4]: 	RETURN		return		77		24
[DEBUG LAB4]: 	MINUS		-		77		31
[DEBUG LAB4]: 	DECIMIAL		1		77		32
[DEBUG LAB4]: 	SEMICOLON	;		77		33
[DEBUG LAB4]: 	ID		write_pgm		78		2		14		0x7fe15bbdf940
[DEBUG LAB4]: 	LPAREN		(		78		11
[DEBUG LAB4]: 	ID		rad		78		12		14		0x7fe15bbdf7a0
[DEBUG LAB4]: 	RPAREN		)		78		15
[DEBUG LAB4]: 	SEMICOLON	;		78		16
[DEBUG LAB4]: 	RETURN		return		79		2
[DEBUG LAB4]: 	DECIMIAL		0		79		9
[DEBUG LAB4]: 	SEMICOLON	;		79		10
[DEBUG LAB4]: 	RBRACE		}		80		0
