[DEBUG LAB4]:	Token		Lexeme		Lineno		Offset		Scope		Addr
[DEBUG LAB4]: 	CONST		const		3		0
[DEBUG LAB4]: 	INT		int		3		6
[DEBUG LAB4]: 	ID		W		3		10		0		0x7fc676b530a0
[DEBUG LAB4]: 	ASSIGN		=		3		12
[DEBUG LAB4]: 	DECIMIAL		192		3		14
[DEBUG LAB4]: 	COMMA		,		3		17
[DEBUG LAB4]: 	ID		H		3		19		0		0x7fc676b53108
[DEBUG LAB4]: 	ASSIGN		=		3		21
[DEBUG LAB4]: 	DECIMIAL		192		3		23
[DEBUG LAB4]: 	COMMA		,		3		26
[DEBUG LAB4]: 	ID		N		3		28		0		0x7fc676b53170
[DEBUG LAB4]: 	ASSIGN		=		3		30
[DEBUG LAB4]: 	DECIMIAL		24		3		32
[DEBUG LAB4]: 	SEMICOLON	;		3		34
[DEBUG LAB4]: 	CONST		const		5		0
[DEBUG LAB4]: 	FLOAT		float		5		6
[DEBUG LAB4]: 	ID		PI		5		12		0		0x7fc676b531d8
[DEBUG LAB4]: 	ASSIGN		=		5		15
[DEBUG LAB4]: 	DECIMAL_FLOAT	3.141593		5		17
[DEBUG LAB4]: 	COMMA		,		5		30
[DEBUG LAB4]: 	ID		TWO_PI		5		32		0		0x7fc676b53240
[DEBUG LAB4]: 	ASSIGN		=		5		39
[DEBUG LAB4]: 	DECIMAL_FLOAT	6.283185		5		41
[DEBUG LAB4]: 	SEMICOLON	;		5		54
[DEBUG LAB4]: 	CONST		const		6		0
[DEBUG LAB4]: 	INT		int		6		6
[DEBUG LAB4]: 	ID		MAX_STEP		6		10		0		0x7fc676b532a8
[DEBUG LAB4]: 	ASSIGN		=		6		19
[DEBUG LAB4]: 	DECIMIAL		10		6		21
[DEBUG LAB4]: 	SEMICOLON	;		6		23
[DEBUG LAB4]: 	CONST		const		7		0
[DEBUG LAB4]: 	FLOAT		float		7		6
[DEBUG LAB4]: 	ID		MAX_DISTANCE		7		12		0		0x7fc676b53310
[DEBUG LAB4]: 	ASSIGN		=		7		25
[DEBUG LAB4]: 	DECIMAL_FLOAT	2.000000		7		27
[DEBUG LAB4]: 	SEMICOLON	;		7		30
[DEBUG LAB4]: 	CONST		const		8		0
[DEBUG LAB4]: 	FLOAT		float		8		6
[DEBUG LAB4]: 	ID		EPSILON		8		12		0		0x7fc676b53378
[DEBUG LAB4]: 	ASSIGN		=		8		20
[DEBUG LAB4]: 	DECIMAL_FLOAT	0.000001		8		22
[DEBUG LAB4]: 	SEMICOLON	;		8		26
[DEBUG LAB4]: 	CONST		const		10		0
[DEBUG LAB4]: 	INT		int		10		6
[DEBUG LAB4]: 	ID		RAND_MAX		10		10		0		0x7fc676b533e0
[DEBUG LAB4]: 	ASSIGN		=		10		19
[DEBUG LAB4]: 	DECIMIAL		100000007		10		21
[DEBUG LAB4]: 	MINUS		-		10		31
[DEBUG LAB4]: 	DECIMIAL		1		10		33
[DEBUG LAB4]: 	SEMICOLON	;		10		34
[DEBUG LAB4]: 	INT		int		11		0
[DEBUG LAB4]: 	ID		seed		11		4		0		0x7fc676b53448
[DEBUG LAB4]: 	ASSIGN		=		11		9
[DEBUG LAB4]: 	DECIMIAL		0		11		11
[DEBUG LAB4]: 	SEMICOLON	;		11		12
[DEBUG LAB4]: 	INT		int		13		0
[DEBUG LAB4]: 	ID		rand		13		4		0		0x7fc676b534b0
[DEBUG LAB4]: 	LPAREN		(		13		8
[DEBUG LAB4]: 	RPAREN		)		13		9
[DEBUG LAB4]: 	LBRACE		{		13		11
[DEBUG LAB4]: 	ID		seed		14		2		1		0x7fc676b55120
[DEBUG LAB4]: 	ASSIGN		=		14		7
[DEBUG LAB4]: 	LPAREN		(		14		9
[DEBUG LAB4]: 	ID		seed		14		10		1		0x7fc676b55120
[DEBUG LAB4]: 	MUL		*		14		15
[DEBUG LAB4]: 	DECIMIAL		19980130		14		17
[DEBUG LAB4]: 	ADD		+		14		26
[DEBUG LAB4]: 	DECIMIAL		23333		14		28
[DEBUG LAB4]: 	RPAREN		)		14		33
[DEBUG LAB4]: 	MOD		%		14		35
[DEBUG LAB4]: 	DECIMIAL		100000007		14		37
[DEBUG LAB4]: 	SEMICOLON	;		14		46
[DEBUG LAB4]: 	IF		if		15		2
[DEBUG LAB4]: 	LPAREN		(		15		5
[DEBUG LAB4]: 	ID		seed		15		6		1		0x7fc676b55120
[DEBUG LAB4]: 	LESS		<		15		11
[DEBUG LAB4]: 	DECIMIAL		0		15		13
[DEBUG LAB4]: 	RPAREN		)		15		14
[DEBUG LAB4]: 	ID		seed		15		16		1		0x7fc676b55120
[DEBUG LAB4]: 	ASSIGN		=		15		21
[DEBUG LAB4]: 	ID		seed		15		23		1		0x7fc676b55120
[DEBUG LAB4]: 	ADD		+		15		28
[DEBUG LAB4]: 	DECIMIAL		100000007		15		30
[DEBUG LAB4]: 	SEMICOLON	;		15		39
[DEBUG LAB4]: 	RETURN		return		16		2
[DEBUG LAB4]: 	ID		seed		16		9		1		0x7fc676b55120
[DEBUG LAB4]: 	SEMICOLON	;		16		13
[DEBUG LAB4]: 	RBRACE		}		17		0
[DEBUG LAB4]: 	FLOAT		float		19		0
[DEBUG LAB4]: 	ID		my_fabs		19		6		0		0x7fc676b53518
[DEBUG LAB4]: 	LPAREN		(		19		13
[DEBUG LAB4]: 	FLOAT		float		19		14
[DEBUG LAB4]: 	ID		x		19		20		0		0x7fc676b53580
[DEBUG LAB4]: 	RPAREN		)		19		21
[DEBUG LAB4]: 	LBRACE		{		19		23
[DEBUG LAB4]: 	IF		if		20		2
[DEBUG LAB4]: 	LPAREN		(		20		5
[DEBUG LAB4]: 	ID		x		20		6		2		0x7fc676b571a0
[DEBUG LAB4]: 	GREATER		>		20		8
[DEBUG LAB4]: 	DECIMIAL		0		20		10
[DEBUG LAB4]: 	RPAREN		)		20		11
[DEBUG LAB4]: 	RETURN		return		20		13
[DEBUG LAB4]: 	ID		x		20		20		2		0x7fc676b571a0
[DEBUG LAB4]: 	SEMICOLON	;		20		21
[DEBUG LAB4]: 	RETURN		return		21		2
[DEBUG LAB4]: 	MINUS		-		21		9
[DEBUG LAB4]: 	ID		x		21		10		2		0x7fc676b571a0
[DEBUG LAB4]: 	SEMICOLON	;		21		11
[DEBUG LAB4]: 	RBRACE		}		22		0
[DEBUG LAB4]: 	FLOAT		float		24		0
[DEBUG LAB4]: 	ID		my_sqrt		24		6		0		0x7fc676b53518
[DEBUG LAB4]: 	LPAREN		(		24		13
[DEBUG LAB4]: 	FLOAT		float		24		14
[DEBUG LAB4]: 	ID		x		24		20		2		0x7fc676b571a0
[DEBUG LAB4]: 	RPAREN		)		24		21
[DEBUG LAB4]: 	LBRACE		{		24		23
[DEBUG LAB4]: 	FLOAT		float		25		2
[DEBUG LAB4]: 	ID		t		25		8		3		0x7fc676b59220
[DEBUG LAB4]: 	ASSIGN		=		25		10
[DEBUG LAB4]: 	ID		x		25		12		3		0x7fc676b59288
[DEBUG LAB4]: 	DIV		/		25		14
[DEBUG LAB4]: 	DECIMIAL		8		25		16
[DEBUG LAB4]: 	ADD		+		25		18
[DEBUG LAB4]: 	DECIMAL_FLOAT	0.500000		25		20
[DEBUG LAB4]: 	ADD		+		25		24
[DEBUG LAB4]: 	DECIMIAL		2		25		26
[DEBUG LAB4]: 	MUL		*		25		28
[DEBUG LAB4]: 	ID		x		25		30		3		0x7fc676b592f0
[DEBUG LAB4]: 	DIV		/		25		32
[DEBUG LAB4]: 	LPAREN		(		25		34
[DEBUG LAB4]: 	DECIMIAL		4		25		35
[DEBUG LAB4]: 	ADD		+		25		37
[DEBUG LAB4]: 	ID		x		25		39		3		0x7fc676b59358
[DEBUG LAB4]: 	RPAREN		)		25		40
[DEBUG LAB4]: 	SEMICOLON	;		25		41
[DEBUG LAB4]: 	INT		int		26		2
[DEBUG LAB4]: 	ID		c		26		6		3		0x7fc676b593c0
[DEBUG LAB4]: 	ASSIGN		=		26		8
[DEBUG LAB4]: 	DECIMIAL		10		26		10
[DEBUG LAB4]: 	SEMICOLON	;		26		12
[DEBUG LAB4]: 	WHILE		while		27		2
[DEBUG LAB4]: 	LPAREN		(		27		8
[DEBUG LAB4]: 	ID		c		27		9		3		0x7fc676b59428
[DEBUG LAB4]: 	RPAREN		)		27		10
[DEBUG LAB4]: 	LBRACE		{		27		12
[DEBUG LAB4]: 	ID		t		28		4		4		0x7fc676b5b2a0
[DEBUG LAB4]: 	ASSIGN		=		28		6
[DEBUG LAB4]: 	LPAREN		(		28		8
[DEBUG LAB4]: 	ID		t		28		9		4		0x7fc676b5b2a0
[DEBUG LAB4]: 	ADD		+		28		11
[DEBUG LAB4]: 	ID		x		28		13		4		0x7fc676b5b308
[DEBUG LAB4]: 	DIV		/		28		15
[DEBUG LAB4]: 	ID		t		28		17		4		0x7fc676b5b2a0
[DEBUG LAB4]: 	RPAREN		)		28		18
[DEBUG LAB4]: 	DIV		/		28		20
[DEBUG LAB4]: 	DECIMIAL		2		28		22
[DEBUG LAB4]: 	SEMICOLON	;		28		23
[DEBUG LAB4]: 	ID		c		29		4		4		0x7fc676b5b370
[DEBUG LAB4]: 	ASSIGN		=		29		6
[DEBUG LAB4]: 	ID		c		29		8		4		0x7fc676b5b3d8
[DEBUG LAB4]: 	MINUS		-		29		10
[DEBUG LAB4]: 	DECIMIAL		1		29		12
[DEBUG LAB4]: 	SEMICOLON	;		29		13
[DEBUG LAB4]: 	RBRACE		}		30		2
[DEBUG LAB4]: 	RETURN		return		31		2
[DEBUG LAB4]: 	ID		t		31		9		4		0x7fc676b5b2a0
[DEBUG LAB4]: 	SEMICOLON	;		31		10
[DEBUG LAB4]: 	RBRACE		}		32		0
[DEBUG LAB4]: 	FLOAT		float		34		0
[DEBUG LAB4]: 	ID		p		34		6		0		0x7fc676b53518
[DEBUG LAB4]: 	LPAREN		(		34		7
[DEBUG LAB4]: 	FLOAT		float		34		8
[DEBUG LAB4]: 	ID		x		34		14		0		0x7fc676b53580
[DEBUG LAB4]: 	RPAREN		)		34		15
[DEBUG LAB4]: 	LBRACE		{		34		17
[DEBUG LAB4]: 	RETURN		return		34		19
[DEBUG LAB4]: 	DECIMIAL		3		34		26
[DEBUG LAB4]: 	MUL		*		34		28
[DEBUG LAB4]: 	ID		x		34		30		5		0x7fc676b5d320
[DEBUG LAB4]: 	MINUS		-		34		32
[DEBUG LAB4]: 	DECIMIAL		4		34		34
[DEBUG LAB4]: 	MUL		*		34		36
[DEBUG LAB4]: 	ID		x		34		38		5		0x7fc676b5d320
[DEBUG LAB4]: 	MUL		*		34		40
[DEBUG LAB4]: 	ID		x		34		42		5		0x7fc676b5d320
[DEBUG LAB4]: 	MUL		*		34		44
[DEBUG LAB4]: 	ID		x		34		46		5		0x7fc676b5d320
[DEBUG LAB4]: 	SEMICOLON	;		34		47
[DEBUG LAB4]: 	RBRACE		}		34		49
[DEBUG LAB4]: 	FLOAT		float		36		0
[DEBUG LAB4]: 	ID		my_sin_impl		36		6		0		0x7fc676b53518
[DEBUG LAB4]: 	LPAREN		(		36		17
[DEBUG LAB4]: 	FLOAT		float		36		18
[DEBUG LAB4]: 	ID		x		36		24		5		0x7fc676b5d320
[DEBUG LAB4]: 	RPAREN		)		36		25
[DEBUG LAB4]: 	LBRACE		{		36		27
[DEBUG LAB4]: 	IF		if		37		2
[DEBUG LAB4]: 	LPAREN		(		37		5
[DEBUG LAB4]: 	ID		my_fabs		37		6		6		0x7fc676b5f3a0
[DEBUG LAB4]: 	LPAREN		(		37		13
[DEBUG LAB4]: 	ID		x		37		14		6		0x7fc676b5f408
[DEBUG LAB4]: 	RPAREN		)		37		15
[DEBUG LAB4]: 	LESSEQUAL		<=		37		17
[DEBUG LAB4]: 	ID		EPSILON		37		20		6		0x7fc676b5f470
[DEBUG LAB4]: 	RPAREN		)		37		27
[DEBUG LAB4]: 	RETURN		return		37		29
[DEBUG LAB4]: 	ID		x		37		36		6		0x7fc676b5f4d8
[DEBUG LAB4]: 	SEMICOLON	;		37		37
[DEBUG LAB4]: 	RETURN		return		38		2
[DEBUG LAB4]: 	ID		p		38		9		6		0x7fc676b5f540
[DEBUG LAB4]: 	LPAREN		(		38		10
[DEBUG LAB4]: 	ID		my_sin_impl		38		11		6		0x7fc676b5f5a8
[DEBUG LAB4]: 	LPAREN		(		38		22
[DEBUG LAB4]: 	ID		x		38		23		6		0x7fc676b5f610
[DEBUG LAB4]: 	DIV		/		38		25
[DEBUG LAB4]: 	DECIMAL_FLOAT	3.000000		38		27
[DEBUG LAB4]: 	RPAREN		)		38		30
[DEBUG LAB4]: 	RPAREN		)		38		31
[DEBUG LAB4]: 	SEMICOLON	;		38		32
[DEBUG LAB4]: 	RBRACE		}		39		0
[DEBUG LAB4]: 	FLOAT		float		41		0
[DEBUG LAB4]: 	ID		my_sin		41		6		0		0x7fc676b53518
[DEBUG LAB4]: 	LPAREN		(		41		12
[DEBUG LAB4]: 	FLOAT		float		41		13
[DEBUG LAB4]: 	ID		x		41		19		0		0x7fc676b53580
[DEBUG LAB4]: 	RPAREN		)		41		20
[DEBUG LAB4]: 	LBRACE		{		41		22
[DEBUG LAB4]: 	IF		if		42		2
[DEBUG LAB4]: 	LPAREN		(		42		5
[DEBUG LAB4]: 	ID		x		42		6		7		0x7fc676b61420
[DEBUG LAB4]: 	GREATER		>		42		8
[DEBUG LAB4]: 	ID		TWO_PI		42		10		7		0x7fc676b61488
[DEBUG LAB4]: 	OR		||		42		17
[DEBUG LAB4]: 	ID		x		42		20		7		0x7fc676b61420
[DEBUG LAB4]: 	LESS		<		42		22
[DEBUG LAB4]: 	MINUS		-		42		24
[DEBUG LAB4]: 	ID		TWO_PI		42		25		7		0x7fc676b614f0
[DEBUG LAB4]: 	RPAREN		)		42		31
[DEBUG LAB4]: 	LBRACE		{		42		33
[DEBUG LAB4]: 	INT		int		43		4
[DEBUG LAB4]: 	ID		xx		43		8		8		0x7fc676b634a0
[DEBUG LAB4]: 	ASSIGN		=		43		11
[DEBUG LAB4]: 	ID		x		43		13		8		0x7fc676b63508
[DEBUG LAB4]: 	DIV		/		43		15
[DEBUG LAB4]: 	ID		TWO_PI		43		17		8		0x7fc676b63570
[DEBUG LAB4]: 	SEMICOLON	;		43		23
[DEBUG LAB4]: 	ID		x		44		4		8		0x7fc676b635d8
[DEBUG LAB4]: 	ASSIGN		=		44		6
[DEBUG LAB4]: 	ID		x		44		8		8		0x7fc676b63640
[DEBUG LAB4]: 	MINUS		-		44		10
[DEBUG LAB4]: 	ID		xx		44		12		8		0x7fc676b634a0
[DEBUG LAB4]: 	MUL		*		44		15
[DEBUG LAB4]: 	ID		TWO_PI		44		17		8		0x7fc676b636a8
[DEBUG LAB4]: 	SEMICOLON	;		44		23
[DEBUG LAB4]: 	RBRACE		}		45		2
[DEBUG LAB4]: 	IF		if		46		2
[DEBUG LAB4]: 	LPAREN		(		46		5
[DEBUG LAB4]: 	ID		x		46		6		7		0x7fc676b61558
[DEBUG LAB4]: 	GREATER		>		46		8
[DEBUG LAB4]: 	ID		PI		46		10		7		0x7fc676b615c0
[DEBUG LAB4]: 	RPAREN		)		46		12
[DEBUG LAB4]: 	ID		x		46		14		7		0x7fc676b61628
[DEBUG LAB4]: 	ASSIGN		=		46		16
[DEBUG LAB4]: 	ID		x		46		18		7		0x7fc676b61690
[DEBUG LAB4]: 	MINUS		-		46		20
[DEBUG LAB4]: 	ID		TWO_PI		46		22		7		0x7fc676b616f8
[DEBUG LAB4]: 	SEMICOLON	;		46		28
[DEBUG LAB4]: 	IF		if		47		2
[DEBUG LAB4]: 	LPAREN		(		47		5
[DEBUG LAB4]: 	ID		x		47		6		7		0x7fc676b61760
[DEBUG LAB4]: 	LESS		<		47		8
[DEBUG LAB4]: 	MINUS		-		47		10
[DEBUG LAB4]: 	ID		PI		47		11		7		0x7fc676b617c8
[DEBUG LAB4]: 	RPAREN		)		47		13
[DEBUG LAB4]: 	ID		x		47		15		7		0x7fc676b61830
[DEBUG LAB4]: 	ASSIGN		=		47		17
[DEBUG LAB4]: 	ID		x		47		19		7		0x7fc676b61898
[DEBUG LAB4]: 	ADD		+		47		21
[DEBUG LAB4]: 	ID		TWO_PI		47		23		7		0x7fc676b61900
[DEBUG LAB4]: 	SEMICOLON	;		47		29
[DEBUG LAB4]: 	RETURN		return		48		2
[DEBUG LAB4]: 	ID		my_sin_impl		48		9		7		0x7fc676b61968
[DEBUG LAB4]: 	LPAREN		(		48		20
[DEBUG LAB4]: 	ID		x		48		21		7		0x7fc676b619d0
[DEBUG LAB4]: 	RPAREN		)		48		22
[DEBUG LAB4]: 	SEMICOLON	;		48		23
[DEBUG LAB4]: 	RBRACE		}		49		0
[DEBUG LAB4]: 	FLOAT		float		51		0
[DEBUG LAB4]: 	ID		my_cos		51		6		0		0x7fc676b53518
[DEBUG LAB4]: 	LPAREN		(		51		12
[DEBUG LAB4]: 	FLOAT		float		51		13
[DEBUG LAB4]: 	ID		x		51		19		0		0x7fc676b53580
[DEBUG LAB4]: 	RPAREN		)		51		20
[DEBUG LAB4]: 	LBRACE		{		51		22
[DEBUG LAB4]: 	RETURN		return		51		24
[DEBUG LAB4]: 	ID		my_sin		51		31		9		0x7fc676b65520
[DEBUG LAB4]: 	LPAREN		(		51		37
[DEBUG LAB4]: 	ID		x		51		38		9		0x7fc676b65588
[DEBUG LAB4]: 	ADD		+		51		40
[DEBUG LAB4]: 	ID		PI		51		42		9		0x7fc676b655f0
[DEBUG LAB4]: 	DIV		/		51		45
[DEBUG LAB4]: 	DECIMIAL		2		51		47
[DEBUG LAB4]: 	RPAREN		)		51		48
[DEBUG LAB4]: 	SEMICOLON	;		51		49
[DEBUG LAB4]: 	RBRACE		}		51		51
[DEBUG LAB4]: 	FLOAT		float		53		0
[DEBUG LAB4]: 	ID		circle_sdf		53		6		0		0x7fc676b53518
[DEBUG LAB4]: 	LPAREN		(		53		16
[DEBUG LAB4]: 	FLOAT		float		53		17
[DEBUG LAB4]: 	ID		x		53		23		0		0x7fc676b53580
[DEBUG LAB4]: 	COMMA		,		53		24
[DEBUG LAB4]: 	FLOAT		float		53		26
[DEBUG LAB4]: 	ID		y		53		32		0		0x7fc676b535e8
[DEBUG LAB4]: 	COMMA		,		53		33
[DEBUG LAB4]: 	FLOAT		float		53		35
[DEBUG LAB4]: 	ID		cx		53		41		0		0x7fc676b53650
[DEBUG LAB4]: 	COMMA		,		53		43
[DEBUG LAB4]: 	FLOAT		float		53		45
[DEBUG LAB4]: 	ID		cy		53		51		0		0x7fc676b536b8
[DEBUG LAB4]: 	COMMA		,		53		53
[DEBUG LAB4]: 	FLOAT		float		53		55
[DEBUG LAB4]: 	ID		r		53		61		0		0x7fc676b53720
[DEBUG LAB4]: 	RPAREN		)		53		62
[DEBUG LAB4]: 	LBRACE		{		53		64
[DEBUG LAB4]: 	FLOAT		float		54		2
[DEBUG LAB4]: 	ID		ux		54		8		10		0x7fc676b675a0
[DEBUG LAB4]: 	ASSIGN		=		54		11
[DEBUG LAB4]: 	ID		x		54		13		10		0x7fc676b67608
[DEBUG LAB4]: 	MINUS		-		54		15
[DEBUG LAB4]: 	ID		cx		54		17		10		0x7fc676b67670
[DEBUG LAB4]: 	COMMA		,		54		19
[DEBUG LAB4]: 	ID		uy		54		21		10		0x7fc676b676d8
[DEBUG LAB4]: 	ASSIGN		=		54		24
[DEBUG LAB4]: 	ID		y		54		26		10		0x7fc676b67740
[DEBUG LAB4]: 	MINUS		-		54		28
[DEBUG LAB4]: 	ID		cy		54		30		10		0x7fc676b677a8
[DEBUG LAB4]: 	SEMICOLON	;		54		32
[DEBUG LAB4]: 	RETURN		return		55		2
[DEBUG LAB4]: 	ID		my_sqrt		55		9		10		0x7fc676b67810
[DEBUG LAB4]: 	LPAREN		(		55		16
[DEBUG LAB4]: 	ID		ux		55		17		10		0x7fc676b675a0
[DEBUG LAB4]: 	MUL		*		55		20
[DEBUG LAB4]: 	ID		ux		55		22		10		0x7fc676b675a0
[DEBUG LAB4]: 	ADD		+		55		25
[DEBUG LAB4]: 	ID		uy		55		27		10		0x7fc676b67878
[DEBUG LAB4]: 	MUL		*		55		30
[DEBUG LAB4]: 	ID		uy		55		32		10		0x7fc676b678e0
[DEBUG LAB4]: 	RPAREN		)		55		34
[DEBUG LAB4]: 	MINUS		-		55		36
[DEBUG LAB4]: 	ID		r		55		38		10		0x7fc676b67948
[DEBUG LAB4]: 	SEMICOLON	;		55		39
[DEBUG LAB4]: 	RBRACE		}		56		0
[DEBUG LAB4]: 	VOID		void		58		0
[DEBUG LAB4]: 	ID		scene		58		5		0		0x7fc676b53518
[DEBUG LAB4]: 	LPAREN		(		58		10
[DEBUG LAB4]: 	FLOAT		float		58		11
[DEBUG LAB4]: 	ID		x		58		17		0		0x7fc676b53580
[DEBUG LAB4]: 	COMMA		,		58		18
[DEBUG LAB4]: 	FLOAT		float		58		20
[DEBUG LAB4]: 	ID		y		58		26		0		0x7fc676b535e8
[DEBUG LAB4]: 	COMMA		,		58		27
[DEBUG LAB4]: 	FLOAT		float		58		29
[DEBUG LAB4]: 	ID		ret		58		35		0		0x7fc676b53650
[DEBUG LAB4]: 	LBRACKET		[		58		38
[DEBUG LAB4]: 	RBRACKET		]		58		39
[DEBUG LAB4]: 	RPAREN		)		58		40
[DEBUG LAB4]: 	LBRACE		{		58		42
[DEBUG LAB4]: 	FLOAT		float		59		2
[DEBUG LAB4]: 	ID		sd0		59		8		11		0x7fc676b69620
[DEBUG LAB4]: 	ASSIGN		=		59		12
[DEBUG LAB4]: 	ID		circle_sdf		59		14		11		0x7fc676b69688
[DEBUG LAB4]: 	LPAREN		(		59		24
[DEBUG LAB4]: 	ID		x		59		25		11		0x7fc676b696f0
[DEBUG LAB4]: 	COMMA		,		59		26
[DEBUG LAB4]: 	ID		y		59		28		11		0x7fc676b69758
[DEBUG LAB4]: 	COMMA		,		59		29
[DEBUG LAB4]: 	DECIMAL_FLOAT	0.400000		59		31
[DEBUG LAB4]: 	COMMA		,		59		34
[DEBUG LAB4]: 	DECIMAL_FLOAT	0.400000		59		36
[DEBUG LAB4]: 	COMMA		,		59		39
[DEBUG LAB4]: 	DECIMAL_FLOAT	0.100000		59		41
[DEBUG LAB4]: 	RPAREN		)		59		45
[DEBUG LAB4]: 	COMMA		,		59		46
[DEBUG LAB4]: 	ID		sd1		60		8		11		0x7fc676b697c0
[DEBUG LAB4]: 	ASSIGN		=		60		12
[DEBUG LAB4]: 	ID		circle_sdf		60		14		11		0x7fc676b69828
[DEBUG LAB4]: 	LPAREN		(		60		24
[DEBUG LAB4]: 	ID		x		60		25		11		0x7fc676b69890
[DEBUG LAB4]: 	COMMA		,		60		26
[DEBUG LAB4]: 	ID		y		60		28		11		0x7fc676b698f8
[DEBUG LAB4]: 	COMMA		,		60		29
[DEBUG LAB4]: 	DECIMAL_FLOAT	0.600000		60		31
[DEBUG LAB4]: 	COMMA		,		60		34
[DEBUG LAB4]: 	DECIMAL_FLOAT	0.600000		60		36
[DEBUG LAB4]: 	COMMA		,		60		39
[DEBUG LAB4]: 	DECIMAL_FLOAT	0.050000		60		41
[DEBUG LAB4]: 	RPAREN		)		60		45
[DEBUG LAB4]: 	SEMICOLON	;		60		46
[DEBUG LAB4]: 	IF		if		61		2
[DEBUG LAB4]: 	LPAREN		(		61		5
[DEBUG LAB4]: 	ID		sd0		61		6		11		0x7fc676b69620
[DEBUG LAB4]: 	LESS		<		61		10
[DEBUG LAB4]: 	ID		sd1		61		12		11		0x7fc676b69960
[DEBUG LAB4]: 	RPAREN		)		61		15
[DEBUG LAB4]: 	LBRACE		{		61		17
[DEBUG LAB4]: 	ID		ret		62		4		12		0x7fc676b6b6a0
[DEBUG LAB4]: 	LBRACKET		[		62		7
[DEBUG LAB4]: 	DECIMIAL		0		62		8
[DEBUG LAB4]: 	RBRACKET		]		62		9
[DEBUG LAB4]: 	ASSIGN		=		62		11
[DEBUG LAB4]: 	ID		sd0		62		13		12		0x7fc676b6b708
[DEBUG LAB4]: 	SEMICOLON	;		62		16
[DEBUG LAB4]: 	ID		ret		63		4		12		0x7fc676b6b6a0
[DEBUG LAB4]: 	LBRACKET		[		63		7
[DEBUG LAB4]: 	DECIMIAL		1		63		8
[DEBUG LAB4]: 	RBRACKET		]		63		9
[DEBUG LAB4]: 	ASSIGN		=		63		11
[DEBUG LAB4]: 	DECIMAL_FLOAT	3.000000		63		13
[DEBUG LAB4]: 	SEMICOLON	;		63		16
[DEBUG LAB4]: 	RBRACE		}		64		2
[DEBUG LAB4]: 	ELSE		else		64		4
[DEBUG LAB4]: 	LBRACE		{		64		9
[DEBUG LAB4]: 	ID		ret		65		4		13		0x7fc676b6d720
[DEBUG LAB4]: 	LBRACKET		[		65		7
[DEBUG LAB4]: 	DECIMIAL		0		65		8
[DEBUG LAB4]: 	RBRACKET		]		65		9
[DEBUG LAB4]: 	ASSIGN		=		65		11
[DEBUG LAB4]: 	ID		sd1		65		13		13		0x7fc676b6d788
[DEBUG LAB4]: 	SEMICOLON	;		65		16
[DEBUG LAB4]: 	ID		ret		66		4		13		0x7fc676b6d720
[DEBUG LAB4]: 	LBRACKET		[		66		7
[DEBUG LAB4]: 	DECIMIAL		1		66		8
[DEBUG LAB4]: 	RBRACKET		]		66		9
[DEBUG LAB4]: 	ASSIGN		=		66		11
[DEBUG LAB4]: 	DECIMAL_FLOAT	0.000000		66		13
[DEBUG LAB4]: 	SEMICOLON	;		66		16
[DEBUG LAB4]: 	RBRACE		}		67		2
[DEBUG LAB4]: 	RBRACE		}		68		0
[DEBUG LAB4]: 	FLOAT		float		70		0
[DEBUG LAB4]: 	ID		trace		70		6		0		0x7fc676b53518
[DEBUG LAB4]: 	LPAREN		(		70		11
[DEBUG LAB4]: 	FLOAT		float		70		12
[DEBUG LAB4]: 	ID		ox		70		18		0		0x7fc676b53580
[DEBUG LAB4]: 	COMMA		,		70		20
[DEBUG LAB4]: 	FLOAT		float		70		22
[DEBUG LAB4]: 	ID		oy		70		28		0		0x7fc676b535e8
[DEBUG LAB4]: 	COMMA		,		70		30
[DEBUG LAB4]: 	FLOAT		float		70		32
[DEBUG LAB4]: 	ID		dx		70		38		0		0x7fc676b53650
[DEBUG LAB4]: 	COMMA		,		70		40
[DEBUG LAB4]: 	FLOAT		float		70		42
[DEBUG LAB4]: 	ID		dy		70		48		0		0x7fc676b536b8
[DEBUG LAB4]: 	RPAREN		)		70		50
[DEBUG LAB4]: 	LBRACE		{		70		52
[DEBUG LAB4]: 	FLOAT		float		71		2
[DEBUG LAB4]: 	ID		t		71		8		14		0x7fc676b6f7a0
[DEBUG LAB4]: 	ASSIGN		=		71		10
[DEBUG LAB4]: 	DECIMAL_FLOAT	0.000000		71		12
[DEBUG LAB4]: 	SEMICOLON	;		71		15
[DEBUG LAB4]: 	INT		int		72		2
[DEBUG LAB4]: 	ID		i		72		6		14		0x7fc676b6f808
[DEBUG LAB4]: 	ASSIGN		=		72		8
[DEBUG LAB4]: 	DECIMIAL		0		72		10
[DEBUG LAB4]: 	SEMICOLON	;		72		11
[DEBUG LAB4]: 	WHILE		while		73		2
[DEBUG LAB4]: 	LPAREN		(		73		8
[DEBUG LAB4]: 	ID		i		73		9		14		0x7fc676b6f870
[DEBUG LAB4]: 	LESS		<		73		11
[DEBUG LAB4]: 	ID		MAX_STEP		73		13		14		0x7fc676b6f8d8
[DEBUG LAB4]: 	AND		&&		73		22
[DEBUG LAB4]: 	ID		t		73		25		14		0x7fc676b6f7a0
[DEBUG LAB4]: 	LESS		<		73		27
[DEBUG LAB4]: 	ID		MAX_DISTANCE		73		29		14		0x7fc676b6f940
[DEBUG LAB4]: 	RPAREN		)		73		41
[DEBUG LAB4]: 	LBRACE		{		73		43
[DEBUG LAB4]: 	FLOAT		float		74		4
[DEBUG LAB4]: 	ID		ret		74		10		15		0x7fc676b71820
[DEBUG LAB4]: 	LBRACKET		[		74		13
[DEBUG LAB4]: 	DECIMIAL		2		74		14
[DEBUG LAB4]: 	RBRACKET		]		74		15
[DEBUG LAB4]: 	SEMICOLON	;		74		16
[DEBUG LAB4]: 	ID		scene		75		4		15		0x7fc676b71888
[DEBUG LAB4]: 	LPAREN		(		75		9
[DEBUG LAB4]: 	ID		ox		75		10		15		0x7fc676b718f0
[DEBUG LAB4]: 	ADD		+		75		13
[DEBUG LAB4]: 	ID		dx		75		15		15		0x7fc676b71958
[DEBUG LAB4]: 	MUL		*		75		18
[DEBUG LAB4]: 	ID		t		75		20		15		0x7fc676b719c0
[DEBUG LAB4]: 	COMMA		,		75		21
[DEBUG LAB4]: 	ID		oy		75		23		15		0x7fc676b71a28
[DEBUG LAB4]: 	ADD		+		75		26
[DEBUG LAB4]: 	ID		dy		75		28		15		0x7fc676b71a90
[DEBUG LAB4]: 	MUL		*		75		31
[DEBUG LAB4]: 	ID		t		75		33		15		0x7fc676b71af8
[DEBUG LAB4]: 	COMMA		,		75		34
[DEBUG LAB4]: 	ID		ret		75		36		15		0x7fc676b71820
[DEBUG LAB4]: 	RPAREN		)		75		39
[DEBUG LAB4]: 	SEMICOLON	;		75		40
[DEBUG LAB4]: 	IF		if		76		4
[DEBUG LAB4]: 	LPAREN		(		76		7
[DEBUG LAB4]: 	ID		ret		76		8		15		0x7fc676b71820
[DEBUG LAB4]: 	LBRACKET		[		76		11
[DEBUG LAB4]: 	DECIMIAL		0		76		12
[DEBUG LAB4]: 	RBRACKET		]		76		13
[DEBUG LAB4]: 	LESS		<		76		15
[DEBUG LAB4]: 	ID		EPSILON		76		17		15		0x7fc676b71b60
[DEBUG LAB4]: 	RPAREN		)		76		24
[DEBUG LAB4]: 	RETURN		return		76		26
[DEBUG LAB4]: 	ID		ret		76		33		15		0x7fc676b71820
[DEBUG LAB4]: 	LBRACKET		[		76		36
[DEBUG LAB4]: 	DECIMIAL		1		76		37
[DEBUG LAB4]: 	RBRACKET		]		76		38
[DEBUG LAB4]: 	SEMICOLON	;		76		39
[DEBUG LAB4]: 	ID		t		77		4		15		0x7fc676b71bc8
[DEBUG LAB4]: 	ASSIGN		=		77		6
[DEBUG LAB4]: 	ID		t		77		8		15		0x7fc676b71c30
[DEBUG LAB4]: 	ADD		+		77		10
[DEBUG LAB4]: 	ID		ret		77		12		15		0x7fc676b71820
[DEBUG LAB4]: 	LBRACKET		[		77		15
[DEBUG LAB4]: 	DECIMIAL		0		77		16
[DEBUG LAB4]: 	RBRACKET		]		77		17
[DEBUG LAB4]: 	SEMICOLON	;		77		18
[DEBUG LAB4]: 	ID		i		78		4		15		0x7fc676b71c98
[DEBUG LAB4]: 	ASSIGN		=		78		6
[DEBUG LAB4]: 	ID		i		78		8		15		0x7fc676b71d00
[DEBUG LAB4]: 	ADD		+		78		10
[DEBUG LAB4]: 	DECIMIAL		1		78		12
[DEBUG LAB4]: 	SEMICOLON	;		78		13
[DEBUG LAB4]: 	RBRACE		}		79		2
[DEBUG LAB4]: 	RETURN		return		80		2
[DEBUG LAB4]: 	DECIMAL_FLOAT	0.000000		80		9
[DEBUG LAB4]: 	SEMICOLON	;		80		12
[DEBUG LAB4]: 	RBRACE		}		81		0
[DEBUG LAB4]: 	FLOAT		float		83		0
[DEBUG LAB4]: 	ID		sample		83		6		0		0x7fc676b53518
[DEBUG LAB4]: 	LPAREN		(		83		12
[DEBUG LAB4]: 	FLOAT		float		83		13
[DEBUG LAB4]: 	ID		x		83		19		0		0x7fc676b53580
[DEBUG LAB4]: 	COMMA		,		83		20
[DEBUG LAB4]: 	FLOAT		float		83		22
[DEBUG LAB4]: 	ID		y		83		28		0		0x7fc676b535e8
[DEBUG LAB4]: 	RPAREN		)		83		29
[DEBUG LAB4]: 	LBRACE		{		83		31
[DEBUG LAB4]: 	FLOAT		float		84		2
[DEBUG LAB4]: 	ID		sum		84		8		16		0x7fc676b738a0
[DEBUG LAB4]: 	ASSIGN		=		84		12
[DEBUG LAB4]: 	DECIMAL_FLOAT	0.000000		84		14
[DEBUG LAB4]: 	SEMICOLON	;		84		17
[DEBUG LAB4]: 	INT		int		85		2
[DEBUG LAB4]: 	ID		i		85		6		16		0x7fc676b73908
[DEBUG LAB4]: 	ASSIGN		=		85		8
[DEBUG LAB4]: 	DECIMIAL		0		85		10
[DEBUG LAB4]: 	SEMICOLON	;		85		11
[DEBUG LAB4]: 	WHILE		while		86		2
[DEBUG LAB4]: 	LPAREN		(		86		8
[DEBUG LAB4]: 	ID		i		86		9		16		0x7fc676b73970
[DEBUG LAB4]: 	LESS		<		86		11
[DEBUG LAB4]: 	ID		N		86		13		16		0x7fc676b739d8
[DEBUG LAB4]: 	RPAREN		)		86		14
[DEBUG LAB4]: 	LBRACE		{		86		16
[DEBUG LAB4]: 	FLOAT		float		87		4
[DEBUG LAB4]: 	ID		rnd		87		10		17		0x7fc676b75920
[DEBUG LAB4]: 	ASSIGN		=		87		14
[DEBUG LAB4]: 	ID		rand		87		16		17		0x7fc676b75988
[DEBUG LAB4]: 	LPAREN		(		87		20
[DEBUG LAB4]: 	RPAREN		)		87		21
[DEBUG LAB4]: 	SEMICOLON	;		87		22
[DEBUG LAB4]: 	FLOAT		float		88		4
[DEBUG LAB4]: 	ID		a		88		10		17		0x7fc676b759f0
[DEBUG LAB4]: 	ASSIGN		=		88		12
[DEBUG LAB4]: 	ID		TWO_PI		88		14		17		0x7fc676b75a58
[DEBUG LAB4]: 	MUL		*		88		21
[DEBUG LAB4]: 	LPAREN		(		88		23
[DEBUG LAB4]: 	ID		i		88		24		17		0x7fc676b75ac0
[DEBUG LAB4]: 	ADD		+		88		26
[DEBUG LAB4]: 	ID		rnd		88		28		17		0x7fc676b75920
[DEBUG LAB4]: 	DIV		/		88		32
[DEBUG LAB4]: 	ID		RAND_MAX		88		34		17		0x7fc676b75b28
[DEBUG LAB4]: 	RPAREN		)		88		42
[DEBUG LAB4]: 	DIV		/		88		44
[DEBUG LAB4]: 	ID		N		88		46		17		0x7fc676b75b90
[DEBUG LAB4]: 	SEMICOLON	;		88		47
[DEBUG LAB4]: 	ID		sum		89		4		17		0x7fc676b75bf8
[DEBUG LAB4]: 	ASSIGN		=		89		8
[DEBUG LAB4]: 	ID		sum		89		10		17		0x7fc676b75c60
[DEBUG LAB4]: 	ADD		+		89		14
[DEBUG LAB4]: 	ID		trace		89		16		17		0x7fc676b75cc8
[DEBUG LAB4]: 	LPAREN		(		89		21
[DEBUG LAB4]: 	ID		x		89		22		17		0x7fc676b75d30
[DEBUG LAB4]: 	COMMA		,		89		23
[DEBUG LAB4]: 	ID		y		89		25		17		0x7fc676b75d98
[DEBUG LAB4]: 	COMMA		,		89		26
[DEBUG LAB4]: 	ID		my_cos		89		28		17		0x7fc676b75e00
[DEBUG LAB4]: 	LPAREN		(		89		34
[DEBUG LAB4]: 	ID		a		89		35		17		0x7fc676b75e68
[DEBUG LAB4]: 	RPAREN		)		89		36
[DEBUG LAB4]: 	COMMA		,		89		37
[DEBUG LAB4]: 	ID		my_sin		89		39		17		0x7fc676b75ed0
[DEBUG LAB4]: 	LPAREN		(		89		45
[DEBUG LAB4]: 	ID		a		89		46		17		0x7fc676b75f38
[DEBUG LAB4]: 	RPAREN		)		89		47
[DEBUG LAB4]: 	RPAREN		)		89		48
[DEBUG LAB4]: 	SEMICOLON	;		89		49
[DEBUG LAB4]: 	ID		i		90		4		17		0x7fc676b75fa0
[DEBUG LAB4]: 	ASSIGN		=		90		6
[DEBUG LAB4]: 	ID		i		90		8		17		0x7fc676b76008
[DEBUG LAB4]: 	ADD		+		90		10
[DEBUG LAB4]: 	DECIMIAL		1		90		12
[DEBUG LAB4]: 	SEMICOLON	;		90		13
[DEBUG LAB4]: 	RBRACE		}		91		2
[DEBUG LAB4]: 	RETURN		return		92		2
[DEBUG LAB4]: 	ID		sum		92		9		16		0x7fc676b73a40
[DEBUG LAB4]: 	DIV		/		92		13
[DEBUG LAB4]: 	ID		N		92		15		16		0x7fc676b73aa8
[DEBUG LAB4]: 	SEMICOLON	;		92		16
[DEBUG LAB4]: 	RBRACE		}		93		0
[DEBUG LAB4]: 	VOID		void		95		0
[DEBUG LAB4]: 	ID		write_pgm		95		5		0		0x7fc676b53518
[DEBUG LAB4]: 	LPAREN		(		95		14
[DEBUG LAB4]: 	RPAREN		)		95		15
[DEBUG LAB4]: 	LBRACE		{		95		17
[DEBUG LAB4]: 	ID		putch		96		2		18		0x7fc676b779a0
[DEBUG LAB4]: 	LPAREN		(		96		7
[DEBUG LAB4]: 	DECIMIAL		80		96		8
[DEBUG LAB4]: 	RPAREN		)		96		10
[DEBUG LAB4]: 	SEMICOLON	;		96		11
[DEBUG LAB4]: 	ID		putch		96		13		18		0x7fc676b779a0
[DEBUG LAB4]: 	LPAREN		(		96		18
[DEBUG LAB4]: 	DECIMIAL		50		96		19
[DEBUG LAB4]: 	RPAREN		)		96		21
[DEBUG LAB4]: 	SEMICOLON	;		96		22
[DEBUG LAB4]: 	ID		putch		96		24		18		0x7fc676b779a0
[DEBUG LAB4]: 	LPAREN		(		96		29
[DEBUG LAB4]: 	DECIMIAL		10		96		30
[DEBUG LAB4]: 	RPAREN		)		96		32
[DEBUG LAB4]: 	SEMICOLON	;		96		33
[DEBUG LAB4]: 	ID		putint		97		2		18		0x7fc676b77a08
[DEBUG LAB4]: 	LPAREN		(		97		8
[DEBUG LAB4]: 	ID		W		97		9		18		0x7fc676b77a70
[DEBUG LAB4]: 	RPAREN		)		97		10
[DEBUG LAB4]: 	SEMICOLON	;		97		11
[DEBUG LAB4]: 	ID		putch		97		13		18		0x7fc676b779a0
[DEBUG LAB4]: 	LPAREN		(		97		18
[DEBUG LAB4]: 	DECIMIAL		32		97		19
[DEBUG LAB4]: 	RPAREN		)		97		21
[DEBUG LAB4]: 	SEMICOLON	;		97		22
[DEBUG LAB4]: 	ID		putint		97		24		18		0x7fc676b77ad8
[DEBUG LAB4]: 	LPAREN		(		97		30
[DEBUG LAB4]: 	ID		H		97		31		18		0x7fc676b77b40
[DEBUG LAB4]: 	RPAREN		)		97		32
[DEBUG LAB4]: 	SEMICOLON	;		97		33
[DEBUG LAB4]: 	ID		putch		97		35		18		0x7fc676b779a0
[DEBUG LAB4]: 	LPAREN		(		97		40
[DEBUG LAB4]: 	DECIMIAL		32		97		41
[DEBUG LAB4]: 	RPAREN		)		97		43
[DEBUG LAB4]: 	SEMICOLON	;		97		44
[DEBUG LAB4]: 	ID		putint		97		46		18		0x7fc676b77ba8
[DEBUG LAB4]: 	LPAREN		(		97		52
[DEBUG LAB4]: 	DECIMIAL		255		97		53
[DEBUG LAB4]: 	RPAREN		)		97		56
[DEBUG LAB4]: 	SEMICOLON	;		97		57
[DEBUG LAB4]: 	ID		putch		97		59		18		0x7fc676b779a0
[DEBUG LAB4]: 	LPAREN		(		97		64
[DEBUG LAB4]: 	DECIMIAL		10		97		65
[DEBUG LAB4]: 	RPAREN		)		97		67
[DEBUG LAB4]: 	SEMICOLON	;		97		68
[DEBUG LAB4]: 	INT		int		98		2
[DEBUG LAB4]: 	ID		y		98		6		18		0x7fc676b77c10
[DEBUG LAB4]: 	ASSIGN		=		98		8
[DEBUG LAB4]: 	DECIMIAL		0		98		10
[DEBUG LAB4]: 	SEMICOLON	;		98		11
[DEBUG LAB4]: 	WHILE		while		99		2
[DEBUG LAB4]: 	LPAREN		(		99		8
[DEBUG LAB4]: 	ID		y		99		9		18		0x7fc676b77c78
[DEBUG LAB4]: 	LESS		<		99		11
[DEBUG LAB4]: 	ID		H		99		13		18		0x7fc676b77ce0
[DEBUG LAB4]: 	RPAREN		)		99		14
[DEBUG LAB4]: 	LBRACE		{		99		16
[DEBUG LAB4]: 	INT		int		100		4
[DEBUG LAB4]: 	ID		x		100		8		19		0x7fc676b79a20
[DEBUG LAB4]: 	ASSIGN		=		100		10
[DEBUG LAB4]: 	DECIMIAL		0		100		12
[DEBUG LAB4]: 	SEMICOLON	;		100		13
[DEBUG LAB4]: 	WHILE		while		101		4
[DEBUG LAB4]: 	LPAREN		(		101		10
[DEBUG LAB4]: 	ID		x		101		11		19		0x7fc676b79a20
[DEBUG LAB4]: 	LESS		<		101		13
[DEBUG LAB4]: 	ID		W		101		15		19		0x7fc676b79a88
[DEBUG LAB4]: 	RPAREN		)		101		16
[DEBUG LAB4]: 	LBRACE		{		101		18
[DEBUG LAB4]: 	FLOAT		float		102		6
[DEBUG LAB4]: 	ID		xx		102		12		20		0x7fc676b7baa0
[DEBUG LAB4]: 	ASSIGN		=		102		15
[DEBUG LAB4]: 	ID		x		102		17		20		0x7fc676b7bb08
[DEBUG LAB4]: 	COMMA		,		102		18
[DEBUG LAB4]: 	ID		yy		102		20		20		0x7fc676b7bb70
[DEBUG LAB4]: 	ASSIGN		=		102		23
[DEBUG LAB4]: 	ID		y		102		25		20		0x7fc676b7bbd8
[DEBUG LAB4]: 	SEMICOLON	;		102		26
[DEBUG LAB4]: 	INT		int		103		6
[DEBUG LAB4]: 	ID		p		103		10		20		0x7fc676b7bc40
[DEBUG LAB4]: 	ASSIGN		=		103		12
[DEBUG LAB4]: 	ID		sample		103		14		20		0x7fc676b7bca8
[DEBUG LAB4]: 	LPAREN		(		103		20
[DEBUG LAB4]: 	ID		xx		103		21		20		0x7fc676b7baa0
[DEBUG LAB4]: 	DIV		/		103		24
[DEBUG LAB4]: 	ID		W		103		26		20		0x7fc676b7bd10
[DEBUG LAB4]: 	COMMA		,		103		27
[DEBUG LAB4]: 	ID		yy		103		29		20		0x7fc676b7bd78
[DEBUG LAB4]: 	DIV		/		103		32
[DEBUG LAB4]: 	ID		H		103		34		20		0x7fc676b7bde0
[DEBUG LAB4]: 	RPAREN		)		103		35
[DEBUG LAB4]: 	MUL		*		103		37
[DEBUG LAB4]: 	DECIMAL_FLOAT	255.000000		103		39
[DEBUG LAB4]: 	SEMICOLON	;		103		44
[DEBUG LAB4]: 	IF		if		104		6
[DEBUG LAB4]: 	LPAREN		(		104		9
[DEBUG LAB4]: 	ID		p		104		10		20		0x7fc676b7be48
[DEBUG LAB4]: 	GREATER		>		104		12
[DEBUG LAB4]: 	DECIMIAL		255		104		14
[DEBUG LAB4]: 	RPAREN		)		104		17
[DEBUG LAB4]: 	ID		p		104		19		20		0x7fc676b7beb0
[DEBUG LAB4]: 	ASSIGN		=		104		21
[DEBUG LAB4]: 	DECIMIAL		255		104		23
[DEBUG LAB4]: 	SEMICOLON	;		104		26
[DEBUG LAB4]: 	ID		putint		105		6		20		0x7fc676b7bf18
[DEBUG LAB4]: 	LPAREN		(		105		12
[DEBUG LAB4]: 	ID		p		105		13		20		0x7fc676b7bf80
[DEBUG LAB4]: 	RPAREN		)		105		14
[DEBUG LAB4]: 	SEMICOLON	;		105		15
[DEBUG LAB4]: 	ID		putch		106		6		20		0x7fc676b7bfe8
[DEBUG LAB4]: 	LPAREN		(		106		11
[DEBUG LAB4]: 	DECIMIAL		32		106		12
[DEBUG LAB4]: 	RPAREN		)		106		14
[DEBUG LAB4]: 	SEMICOLON	;		106		15
[DEBUG LAB4]: 	ID		x		107		6		20		0x7fc676b7c050
[DEBUG LAB4]: 	ASSIGN		=		107		8
[DEBUG LAB4]: 	ID		x		107		10		20		0x7fc676b7c0b8
[DEBUG LAB4]: 	ADD		+		107		12
[DEBUG LAB4]: 	DECIMIAL		1		107		14
[DEBUG LAB4]: 	SEMICOLON	;		107		15
[DEBUG LAB4]: 	RBRACE		}		108		4
[DEBUG LAB4]: 	ID		putch		109		4		19		0x7fc676b79af0
[DEBUG LAB4]: 	LPAREN		(		109		9
[DEBUG LAB4]: 	DECIMIAL		10		109		10
[DEBUG LAB4]: 	RPAREN		)		109		12
[DEBUG LAB4]: 	SEMICOLON	;		109		13
[DEBUG LAB4]: 	ID		y		110		4		19		0x7fc676b79b58
[DEBUG LAB4]: 	ASSIGN		=		110		6
[DEBUG LAB4]: 	ID		y		110		8		19		0x7fc676b79bc0
[DEBUG LAB4]: 	ADD		+		110		10
[DEBUG LAB4]: 	DECIMIAL		1		110		12
[DEBUG LAB4]: 	SEMICOLON	;		110		13
[DEBUG LAB4]: 	RBRACE		}		111		2
[DEBUG LAB4]: 	RBRACE		}		112		0
[DEBUG LAB4]: 	INT		int		114		0
[DEBUG LAB4]: 	ID		main		114		4		0		0x7fc676b53518
[DEBUG LAB4]: 	LPAREN		(		114		8
[DEBUG LAB4]: 	RPAREN		)		114		9
[DEBUG LAB4]: 	LBRACE		{		114		11
[DEBUG LAB4]: 	ID		write_pgm		115		2		21		0x7fc676b7db20
[DEBUG LAB4]: 	LPAREN		(		115		11
[DEBUG LAB4]: 	RPAREN		)		115		12
[DEBUG LAB4]: 	SEMICOLON	;		115		13
[DEBUG LAB4]: 	RETURN		return		116		2
[DEBUG LAB4]: 	DECIMIAL		0		116		9
[DEBUG LAB4]: 	SEMICOLON	;		116		10
[DEBUG LAB4]: 	RBRACE		}		117		0
