     token    lexeme    lineno    offset  scope_no    pointer_to_scope
     CONST     const         2         0
       INT       int         2         6
        ID         a         2        10         0      0x7f702afdae47
    ASSIGN         =         2        12
  DECIMIAL        10         2        14
     COMMA         ,         2        16
        ID         b         2        18         0      0x7f702ad594a0
    ASSIGN         =         2        20
  DECIMIAL         5         2        22
 SEMICOLON         ;         2        23
       INT       int         4         0
        ID      main         4         4         0      0x7ffff09d1218
    LPAREN         (         4         8
    RPAREN         )         4         9
    LBRACE         {         4        10
    RETURN    return         5         4
        ID         b         5        11         1      0x7ffff79d8a20
 SEMICOLON         ;         5        12
    RBRACE         }         6         0
