     token    lexeme    lineno    offset  scope_no    pointer_to_scope
       INT       int         2         0
        ID      main         2         4         0      0x7fdf0418de47
    LPAREN         (         2         8
    RPAREN         )         2         9
    LBRACE         {         2        10
       INT       int         3         4
        ID         a         3         8         1      0x7fffbfeef1a8
     COMMA         ,         3         9
        ID         b         3        11         1      0x7fdf03f094a0
 SEMICOLON         ;         3        12
        ID         a         4         4         1      0x7fffbfeef1a8
    ASSIGN         =         4         6
  DECIMIAL        10         4         8
 SEMICOLON         ;         4        10
        ID         b         5         4         1      0x7fdf03f094a0
    ASSIGN         =         5         6
     MINUS         -         5         8
  DECIMIAL         1         5         9
 SEMICOLON         ;         5        10
    RETURN    return         6         4
        ID         a         6        11         1      0x7fffbfeef1a8
      PLUS         +         6        13
        ID         b         6        15         1      0x7fdf03f094a0
 SEMICOLON         ;         6        16
    RBRACE         }         7         0
