     token    lexeme    lineno    offset  scope_no    pointer_to_scope
       INT       int         2         0
        ID      main         2         4         0      0x7f3cdbffae47
    LPAREN         (         2         8
    RPAREN         )         2         9
    LBRACE         {         2        10
       INT       int         3         4
        ID         a         3         8         1      0x7fffeddd41a8
 SEMICOLON         ;         3         9
        ID         a         4         4         1      0x7fffeddd41a8
    ASSIGN         =         4         6
HEXADECIMAL        15         4         8
 SEMICOLON         ;         4        11
    RETURN    return         5         4
        ID         a         5        11         1      0x7fffeddd41a8
 SEMICOLON         ;         5        12
    RBRACE         }         6         0
