     token    lexeme    lineno    offset  scope_no    pointer_to_scope
       INT       int         2         0
        ID      main         2         4         0      0x7fd147139e47
    LPAREN         (         2         8
    RPAREN         )         2         9
    LBRACE         {         2        10
       INT       int         3         4
        ID         a         3         8         1      0x7fffd401b1a8
     COMMA         ,         3         9
        ID         b         3        11         1      0x7fd146eb94a0
 SEMICOLON         ;         3        12
        ID         a         4         4         1      0x7fffd401b1a8
    ASSIGN         =         4         6
HEXADECIMAL        15         4         8
 SEMICOLON         ;         4        11
        ID         b         5         4         1      0x7fd146eb94a0
    ASSIGN         =         5         6
HEXADECIMAL        12         5         8
 SEMICOLON         ;         5        11
    RETURN    return         6         4
        ID         a         6        11         1      0x7fffd401b1a8
      PLUS         +         6        13
        ID         b         6        15         1      0x7fd146eb94a0
      PLUS         +         6        17
     OCTAL        61         6        19
 SEMICOLON         ;         6        22
    RBRACE         }         7         0
