     token    lexeme    lineno    offset  scope_no    pointer_to_scope
       INT       int         1         0
        ID      main         1         4         0      0x7f65f4812e47
    LPAREN         (         1         8
    RPAREN         )         1         9
    LBRACE         {         1        11
       INT       int         2         2
        ID         a         2         6         1      0x7fffd3eda1a8
    ASSIGN         =         2         8
  DECIMIAL        10         2        10
 SEMICOLON         ;         2        12
 SEMICOLON         ;         3         2
    RETURN    return         4         2
        ID         a         4         9         1      0x7fffd3eda1a8
       MUL         *         4        11
  DECIMIAL         2         4        13
      PLUS         +         4        15
  DECIMIAL         1         4        17
 SEMICOLON         ;         4        18
    RBRACE         }         5         0
